Archive member included to satisfy reference by file (symbol)

C:\Users\student\Documents\f07\embedded-systems\Lib_CMSISv1p30_LPC17xx\Debug\libCMSISv1p30_LPC17xx.a(system_LPC17xx.o)
                              ./src/cr_startup_lpc17.o (SystemInit)
C:\Users\student\Documents\f07\embedded-systems\Lib_EaBaseBoard\Debug\libLib_EaBaseBoard.a(acc.o)
                              ./src/main.o (acc_init)
C:\Users\student\Documents\f07\embedded-systems\Lib_EaBaseBoard\Debug\libLib_EaBaseBoard.a(joystick.o)
                              ./src/main.o (joystick_init)
C:\Users\student\Documents\f07\embedded-systems\Lib_EaBaseBoard\Debug\libLib_EaBaseBoard.a(led7seg.o)
                              ./src/main.o (led7seg_init)
C:\Users\student\Documents\f07\embedded-systems\Lib_EaBaseBoard\Debug\libLib_EaBaseBoard.a(oled.o)
                              ./src/main.o (oled_putPixel)
C:\Users\student\Documents\f07\embedded-systems\Lib_EaBaseBoard\Debug\libLib_EaBaseBoard.a(pca9532.o)
                              ./src/main.o (pca9532_init)
C:\Users\student\Documents\f07\embedded-systems\Lib_EaBaseBoard\Debug\libLib_EaBaseBoard.a(rgb.o)
                              ./src/main.o (rgb_init)
C:\Users\student\Documents\f07\embedded-systems\Lib_EaBaseBoard\Debug\libLib_EaBaseBoard.a(rotary.o)
                              ./src/main.o (rotary_init)
C:\Users\student\Documents\f07\embedded-systems\Lib_EaBaseBoard\Debug\libLib_EaBaseBoard.a(font5x7.o)
                              C:\Users\student\Documents\f07\embedded-systems\Lib_EaBaseBoard\Debug\libLib_EaBaseBoard.a(oled.o) (font5x7)
C:\Users\student\Documents\f07\embedded-systems\Lib_MCU\Debug\libLib_MCU.a(lpc17xx_adc.o)
                              ./src/main.o (ADC_Init)
C:\Users\student\Documents\f07\embedded-systems\Lib_MCU\Debug\libLib_MCU.a(lpc17xx_clkpwr.o)
                              C:\Users\student\Documents\f07\embedded-systems\Lib_MCU\Debug\libLib_MCU.a(lpc17xx_adc.o) (CLKPWR_GetPCLK)
C:\Users\student\Documents\f07\embedded-systems\Lib_MCU\Debug\libLib_MCU.a(lpc17xx_gpio.o)
                              ./src/main.o (GPIO_SetDir)
C:\Users\student\Documents\f07\embedded-systems\Lib_MCU\Debug\libLib_MCU.a(lpc17xx_i2c.o)
                              ./src/main.o (I2C_Init)
C:\Users\student\Documents\f07\embedded-systems\Lib_MCU\Debug\libLib_MCU.a(lpc17xx_pinsel.o)
                              ./src/main.o (PINSEL_ConfigPin)
C:\Users\student\Documents\f07\embedded-systems\Lib_MCU\Debug\libLib_MCU.a(lpc17xx_ssp.o)
                              ./src/main.o (SSP_Init)
C:\Users\student\Documents\f07\embedded-systems\Lib_MCU\Debug\libLib_MCU.a(lpc17xx_timer.o)
                              ./src/main.o (Timer0_Wait)
c:/nxp/mcuxpressoide_11.3.1_5262/ide/plugins/com.nxp.mcuxpresso.tools.win32_11.3.0.202008311133/tools/bin/../lib/gcc/arm-none-eabi/9.3.1/thumb/v7-m/nofp\libgcc.a(_aeabi_uldivmod.o)
                              C:\Users\student\Documents\f07\embedded-systems\Lib_CMSISv1p30_LPC17xx\Debug\libCMSISv1p30_LPC17xx.a(system_LPC17xx.o) (__aeabi_uldivmod)
c:/nxp/mcuxpressoide_11.3.1_5262/ide/plugins/com.nxp.mcuxpresso.tools.win32_11.3.0.202008311133/tools/bin/../lib/gcc/arm-none-eabi/9.3.1/thumb/v7-m/nofp\libgcc.a(_udivmoddi4.o)
                              c:/nxp/mcuxpressoide_11.3.1_5262/ide/plugins/com.nxp.mcuxpresso.tools.win32_11.3.0.202008311133/tools/bin/../lib/gcc/arm-none-eabi/9.3.1/thumb/v7-m/nofp\libgcc.a(_aeabi_uldivmod.o) (__udivmoddi4)
c:/nxp/mcuxpressoide_11.3.1_5262/ide/plugins/com.nxp.mcuxpresso.tools.win32_11.3.0.202008311133/tools/bin/../lib/gcc/arm-none-eabi/9.3.1/thumb/v7-m/nofp\libgcc.a(_dvmd_tls.o)
                              c:/nxp/mcuxpressoide_11.3.1_5262/ide/plugins/com.nxp.mcuxpresso.tools.win32_11.3.0.202008311133/tools/bin/../lib/gcc/arm-none-eabi/9.3.1/thumb/v7-m/nofp\libgcc.a(_aeabi_uldivmod.o) (__aeabi_ldiv0)
c:/nxp/mcuxpressoide_11.3.1_5262/ide/plugins/com.nxp.mcuxpresso.tools.win32_11.3.0.202008311133/tools/bin/../lib/gcc/arm-none-eabi/9.3.1/../../../../arm-none-eabi/lib/thumb/v7-m/nofp\libc.a(lib_a-memset.o)
                              C:\Users\student\Documents\f07\embedded-systems\Lib_EaBaseBoard\Debug\libLib_EaBaseBoard.a(oled.o) (memset)

Discarded input sections

 .group         0x00000000        0xc ./src/cr_startup_lpc17.o
 .group         0x00000000        0xc ./src/cr_startup_lpc17.o
 .group         0x00000000        0xc ./src/cr_startup_lpc17.o
 .group         0x00000000        0xc ./src/cr_startup_lpc17.o
 .group         0x00000000        0xc ./src/cr_startup_lpc17.o
 .group         0x00000000        0xc ./src/cr_startup_lpc17.o
 .group         0x00000000        0xc ./src/cr_startup_lpc17.o
 .text          0x00000000        0x0 ./src/cr_startup_lpc17.o
 .data          0x00000000        0x0 ./src/cr_startup_lpc17.o
 .bss           0x00000000        0x0 ./src/cr_startup_lpc17.o
 .group         0x00000000        0xc ./src/main.o
 .group         0x00000000        0xc ./src/main.o
[...]
Memory Configuration

Name             Origin             Length             Attributes
MFlash512        0x00000000         0x00080000         xr
RamLoc32         0x10000000         0x00008000         xrw
RamAHB32         0x2007c000         0x00008000         xrw
*default*        0x00000000         0xffffffff

Linker script and memory map

LOAD ./src/cr_startup_lpc17.o
LOAD ./src/main.o
LOAD C:\Users\student\Documents\f07\embedded-systems\Lib_CMSISv1p30_LPC17xx\Debug\libCMSISv1p30_LPC17xx.a
LOAD C:\Users\student\Documents\f07\embedded-systems\Lib_EaBaseBoard\Debug\libLib_EaBaseBoard.a
LOAD C:\Users\student\Documents\f07\embedded-systems\Lib_MCU\Debug\libLib_MCU.a
START GROUP
LOAD c:/nxp/mcuxpressoide_11.3.1_5262/ide/plugins/com.nxp.mcuxpresso.tools.win32_11.3.0.202008311133/tools/bin/../lib/gcc/arm-none-eabi/9.3.1/thumb/v7-m/nofp\libgcc.a
LOAD c:/nxp/mcuxpressoide_11.3.1_5262/ide/plugins/com.nxp.mcuxpresso.tools.win32_11.3.0.202008311133/tools/bin/../lib/gcc/arm-none-eabi/9.3.1/../../../../arm-none-eabi/lib/thumb/v7-m/nofp\libc.a
LOAD c:/nxp/mcuxpressoide_11.3.1_5262/ide/plugins/com.nxp.mcuxpresso.tools.win32_11.3.0.202008311133/tools/bin/../lib/gcc/arm-none-eabi/9.3.1/../../../../arm-none-eabi/lib/thumb/v7-m/nofp\libm.a
LOAD c:/nxp/mcuxpressoide_11.3.1_5262/ide/plugins/com.nxp.mcuxpresso.tools.win32_11.3.0.202008311133/tools/bin/../lib/gcc/arm-none-eabi/9.3.1/../../../../arm-none-eabi/lib/thumb/v7-m/nofp\libcr_newlib_semihost.a
END GROUP
                0x00000000                __base_MFlash512 = 0x0
                0x00000000                __base_Flash = 0x0
                0x00080000                __top_MFlash512 = 0x80000
                0x00080000                __top_Flash = 0x80000
                0x10000000                __base_RamLoc32 = 0x10000000
                0x10000000                __base_RAM = 0x10000000
                0x10008000                __top_RamLoc32 = 0x10008000
                0x10008000                __top_RAM = 0x10008000
                0x2007c000                __base_RamAHB32 = 0x2007c000
                0x2007c000                __base_RAM2 = 0x2007c000
                0x20084000                __top_RamAHB32 = 0x20084000
                0x20084000                __top_RAM2 = 0x20084000

.text           0x00000000     0x32a4
 FILL mask 0xff
                0x00000000                __vectors_start__ = ABSOLUTE (.)
 *(.isr_vector)
 .isr_vector    0x00000000       0xcc ./src/cr_startup_lpc17.o
                0x00000000                g_pfnVectors
                0x000000cc                . = ALIGN (0x4)
                0x000000cc                __section_table_start = .
                0x000000cc                __data_section_table = .
                0x000000cc        0x4 LONG 0x32ac LOADADDR (.data)
                0x000000d0        0x4 LONG 0x10000000 ADDR (.data)
                0x000000d4        0x4 LONG 0x98 SIZEOF (.data)
                0x000000d8        0x4 LONG 0x32ac LOADADDR (.data_RAM2)
                0x000000dc        0x4 LONG 0x2007c000 ADDR (.data_RAM2)
                0x000000e0        0x4 LONG 0x0 SIZEOF (.data_RAM2)
                0x000000e4                __data_section_table_end = .
                0x000000e4                __bss_section_table = .
                0x000000e4        0x4 LONG 0x10000098 ADDR (.bss)
                0x000000e8        0x4 LONG 0x344 SIZEOF (.bss)
                0x000000ec        0x4 LONG 0x2007c000 ADDR (.bss_RAM2)
                0x000000f0        0x4 LONG 0x0 SIZEOF (.bss_RAM2)
                0x000000f4                __bss_section_table_end = .
                0x000000f4                __section_table_end = .
 *(.after_vectors*)
 *(.text*)
 .text.ResetISR
                0x000000f4       0x58 ./src/cr_startup_lpc17.o
                0x000000f4                ResetISR
 .text.NMI_Handler
                0x0000014c        0x6 ./src/cr_startup_lpc17.o
                0x0000014c                NMI_Handler
 .text.HardFault_Handler
                0x00000152        0x6 ./src/cr_startup_lpc17.o
                0x00000152                HardFault_Handler
 .text.MemManage_Handler
                0x00000158        0x6 ./src/cr_startup_lpc17.o
                0x00000158                MemManage_Handler
 .text.BusFault_Handler
                0x0000015e        0x6 ./src/cr_startup_lpc17.o
                0x0000015e                BusFault_Handler
 .text.UsageFault_Handler
                0x00000164        0x6 ./src/cr_startup_lpc17.o
                0x00000164                UsageFault_Handler
 .text.SVCall_Handler
                0x0000016a        0x6 ./src/cr_startup_lpc17.o
                0x0000016a                SVCall_Handler
 .text.DebugMon_Handler
                0x00000170        0x6 ./src/cr_startup_lpc17.o
                0x00000170                DebugMon_Handler
 .text.PendSV_Handler
                0x00000176        0x6 ./src/cr_startup_lpc17.o
                0x00000176                PendSV_Handler
 .text.SysTick_Handler
                0x0000017c        0x6 ./src/cr_startup_lpc17.o
                0x0000017c                SysTick_Handler
 .text.IntDefaultHandler
                0x00000182        0x6 ./src/cr_startup_lpc17.o
                0x00000182                TIMER2_IRQHandler
                0x00000182                RIT_IRQHandler
                0x00000182                I2C0_IRQHandler
                0x00000182                USBActivity_IRQHandler
                0x00000182                PWM1_IRQHandler
                0x00000182                I2C1_IRQHandler
                0x00000182                EINT2_IRQHandler
                0x00000182                UART1_IRQHandler
                0x00000182                EINT3_IRQHandler
                0x00000182                CANActivity_IRQHandler
                0x00000182                TIMER3_IRQHandler
                0x00000182                UART0_IRQHandler
                0x00000182                IntDefaultHandler
                0x00000182                PLL0_IRQHandler
                0x00000182                CAN_IRQHandler
                0x00000182                PLL1_IRQHandler
                0x00000182                SSP0_IRQHandler
                0x00000182                I2S_IRQHandler
                0x00000182                I2C2_IRQHandler
                0x00000182                RTC_IRQHandler
                0x00000182                TIMER0_IRQHandler
                0x00000182                SPI_IRQHandler
                0x00000182                EINT1_IRQHandler
                0x00000182                TIMER1_IRQHandler
                0x00000182                UART2_IRQHandler
                0x00000182                ADC_IRQHandler
                0x00000182                SSP1_IRQHandler
                0x00000182                USB_IRQHandler
                0x00000182                BOD_IRQHandler
                0x00000182                WDT_IRQHandler
                0x00000182                QEI_IRQHandler
                0x00000182                EINT0_IRQHandler
                0x00000182                DMA_IRQHandler
                0x00000182                UART3_IRQHandler
                0x00000182                MCPWM_IRQHandler
                0x00000182                ENET_IRQHandler
 .text.moveBar  0x00000188       0x80 ./src/main.o
 .text.change7Seg
                0x00000208       0x68 ./src/main.o
 .text.drawOled
                0x00000270      0x100 ./src/main.o
 .text.changeRgbLeds
                0x00000370       0x22 ./src/main.o
 .text.playNote
                0x00000392       0x66 ./src/main.o
 .text.getNote  0x000003f8       0x4c ./src/main.o
 .text.getDuration
                0x00000444       0x30 ./src/main.o
 .text.getPause
                0x00000474       0x42 ./src/main.o
 .text.playSong
                0x000004b6       0x7c ./src/main.o
 *fill*         0x00000532        0x2 ff
 .text.init_ssp
                0x00000534       0x78 ./src/main.o
 .text.init_i2c
                0x000005ac       0x48 ./src/main.o
 .text.init_adc
                0x000005f4       0x50 ./src/main.o
 .text.main     0x00000644      0x228 ./src/main.o
                0x00000644                main
 .text.check_failed
                0x0000086c        0xc ./src/main.o
                0x0000086c                check_failed
 .text.SystemInit
                0x00000878      0x140 C:\Users\student\Documents\f07\embedded-systems\Lib_CMSISv1p30_LPC17xx\Debug\libCMSISv1p30_LPC17xx.a(system_LPC17xx.o)
                0x00000878                SystemInit
 .text.I2CRead  0x000009b8       0x50 C:\Users\student\Documents\f07\embedded-systems\Lib_EaBaseBoard\Debug\libLib_EaBaseBoard.a(acc.o)
 .text.I2CWrite
                0x00000a08       0x50 C:\Users\student\Documents\f07\embedded-systems\Lib_EaBaseBoard\Debug\libLib_EaBaseBoard.a(acc.o)
 .text.getStatus
                0x00000a58       0x2c C:\Users\student\Documents\f07\embedded-systems\Lib_EaBaseBoard\Debug\libLib_EaBaseBoard.a(acc.o)
 .text.setModeControl
                0x00000a84       0x28 C:\Users\student\Documents\f07\embedded-systems\Lib_EaBaseBoard\Debug\libLib_EaBaseBoard.a(acc.o)
 .text.acc_init
                0x00000aac        0xe C:\Users\student\Documents\f07\embedded-systems\Lib_EaBaseBoard\Debug\libLib_EaBaseBoard.a(acc.o)
                0x00000aac                acc_init
 .text.acc_read
                0x00000aba       0x9c C:\Users\student\Documents\f07\embedded-systems\Lib_EaBaseBoard\Debug\libLib_EaBaseBoard.a(acc.o)
                0x00000aba                acc_read
 .text.joystick_init
                0x00000b56       0x1e C:\Users\student\Documents\f07\embedded-systems\Lib_EaBaseBoard\Debug\libLib_EaBaseBoard.a(joystick.o)
                0x00000b56                joystick_init
 .text.joystick_read
                0x00000b74       0x86 C:\Users\student\Documents\f07\embedded-systems\Lib_EaBaseBoard\Debug\libLib_EaBaseBoard.a(joystick.o)
                0x00000b74                joystick_read
 .text.led7seg_init
                0x00000bfa       0x1a C:\Users\student\Documents\f07\embedded-systems\Lib_EaBaseBoard\Debug\libLib_EaBaseBoard.a(led7seg.o)
                0x00000bfa                led7seg_init
 .text.led7seg_setChar
                0x00000c14       0x74 C:\Users\student\Documents\f07\embedded-systems\Lib_EaBaseBoard\Debug\libLib_EaBaseBoard.a(led7seg.o)
                0x00000c14                led7seg_setChar
 .text.writeCommand
                0x00000c88       0x48 C:\Users\student\Documents\f07\embedded-systems\Lib_EaBaseBoard\Debug\libLib_EaBaseBoard.a(oled.o)
 .text.writeData
                0x00000cd0       0x48 C:\Users\student\Documents\f07\embedded-systems\Lib_EaBaseBoard\Debug\libLib_EaBaseBoard.a(oled.o)
 .text.writeDataLen
                0x00000d18       0x78 C:\Users\student\Documents\f07\embedded-systems\Lib_EaBaseBoard\Debug\libLib_EaBaseBoard.a(oled.o)
 .text.runInitSequence
                0x00000d90       0xd4 C:\Users\student\Documents\f07\embedded-systems\Lib_EaBaseBoard\Debug\libLib_EaBaseBoard.a(oled.o)
 .text.oled_init
                0x00000e64       0x74 C:\Users\student\Documents\f07\embedded-systems\Lib_EaBaseBoard\Debug\libLib_EaBaseBoard.a(oled.o)
                0x00000e64                oled_init
 .text.oled_putPixel
                0x00000ed8      0x150 C:\Users\student\Documents\f07\embedded-systems\Lib_EaBaseBoard\Debug\libLib_EaBaseBoard.a(oled.o)
                0x00000ed8                oled_putPixel
 .text.oled_clearScreen
                0x00001028       0x64 C:\Users\student\Documents\f07\embedded-systems\Lib_EaBaseBoard\Debug\libLib_EaBaseBoard.a(oled.o)
                0x00001028                oled_clearScreen
 .text.I2CWrite
                0x0000108c       0x50 C:\Users\student\Documents\f07\embedded-systems\Lib_EaBaseBoard\Debug\libLib_EaBaseBoard.a(pca9532.o)
 .text.setLsStates
                0x000010dc       0xa6 C:\Users\student\Documents\f07\embedded-systems\Lib_EaBaseBoard\Debug\libLib_EaBaseBoard.a(pca9532.o)
 *fill*         0x00001182        0x2 ff
 .text.setLeds  0x00001184       0x70 C:\Users\student\Documents\f07\embedded-systems\Lib_EaBaseBoard\Debug\libLib_EaBaseBoard.a(pca9532.o)
 .text.pca9532_init
                0x000011f4        0xc C:\Users\student\Documents\f07\embedded-systems\Lib_EaBaseBoard\Debug\libLib_EaBaseBoard.a(pca9532.o)
                0x000011f4                pca9532_init
 .text.pca9532_setLeds
                0x00001200       0x80 C:\Users\student\Documents\f07\embedded-systems\Lib_EaBaseBoard\Debug\libLib_EaBaseBoard.a(pca9532.o)
                0x00001200                pca9532_setLeds
 .text.rgb_init
                0x00001280       0x28 C:\Users\student\Documents\f07\embedded-systems\Lib_EaBaseBoard\Debug\libLib_EaBaseBoard.a(rgb.o)
                0x00001280                rgb_init
 .text.rgb_setLeds
                0x000012a8       0x6a C:\Users\student\Documents\f07\embedded-systems\Lib_EaBaseBoard\Debug\libLib_EaBaseBoard.a(rgb.o)
                0x000012a8                rgb_setLeds
 .text.rotary_init
                0x00001312       0x14 C:\Users\student\Documents\f07\embedded-systems\Lib_EaBaseBoard\Debug\libLib_EaBaseBoard.a(rotary.o)
                0x00001312                rotary_init
 *fill*         0x00001326        0x2 ff
 .text.rotary_read
                0x00001328       0xd4 C:\Users\student\Documents\f07\embedded-systems\Lib_EaBaseBoard\Debug\libLib_EaBaseBoard.a(rotary.o)
                0x00001328                rotary_read
 .text.ADC_Init
                0x000013fc       0x90 C:\Users\student\Documents\f07\embedded-systems\Lib_MCU\Debug\libLib_MCU.a(lpc17xx_adc.o)
                0x000013fc                ADC_Init
 .text.ADC_StartCmd
                0x0000148c       0x80 C:\Users\student\Documents\f07\embedded-systems\Lib_MCU\Debug\libLib_MCU.a(lpc17xx_adc.o)
                0x0000148c                ADC_StartCmd
 .text.ADC_IntConfig
                0x0000150c       0x9c C:\Users\student\Documents\f07\embedded-systems\Lib_MCU\Debug\libLib_MCU.a(lpc17xx_adc.o)
                0x0000150c                ADC_IntConfig
 .text.ADC_ChannelCmd
                0x000015a8       0x60 C:\Users\student\Documents\f07\embedded-systems\Lib_MCU\Debug\libLib_MCU.a(lpc17xx_adc.o)
                0x000015a8                ADC_ChannelCmd
 .text.ADC_ChannelGetData
                0x00001608       0x4c C:\Users\student\Documents\f07\embedded-systems\Lib_MCU\Debug\libLib_MCU.a(lpc17xx_adc.o)
                0x00001608                ADC_ChannelGetData
 .text.ADC_ChannelGetStatus
                0x00001654       0x7c C:\Users\student\Documents\f07\embedded-systems\Lib_MCU\Debug\libLib_MCU.a(lpc17xx_adc.o)
                0x00001654                ADC_ChannelGetStatus
 .text.CLKPWR_SetPCLKDiv
                0x000016d0       0x90 C:\Users\student\Documents\f07\embedded-systems\Lib_MCU\Debug\libLib_MCU.a(lpc17xx_clkpwr.o)
                0x000016d0                CLKPWR_SetPCLKDiv
 .text.CLKPWR_GetPCLKSEL
                0x00001760       0x48 C:\Users\student\Documents\f07\embedded-systems\Lib_MCU\Debug\libLib_MCU.a(lpc17xx_clkpwr.o)
                0x00001760                CLKPWR_GetPCLKSEL
 .text.CLKPWR_GetPCLK
                0x000017a8       0x64 C:\Users\student\Documents\f07\embedded-systems\Lib_MCU\Debug\libLib_MCU.a(lpc17xx_clkpwr.o)
                0x000017a8                CLKPWR_GetPCLK
 .text.CLKPWR_ConfigPPWR
                0x0000180c       0x58 C:\Users\student\Documents\f07\embedded-systems\Lib_MCU\Debug\libLib_MCU.a(lpc17xx_clkpwr.o)
                0x0000180c                CLKPWR_ConfigPPWR
 .text.GPIO_GetPointer
                0x00001864       0x70 C:\Users\student\Documents\f07\embedded-systems\Lib_MCU\Debug\libLib_MCU.a(lpc17xx_gpio.o)
 .text.GPIO_SetDir
                0x000018d4       0x4a C:\Users\student\Documents\f07\embedded-systems\Lib_MCU\Debug\libLib_MCU.a(lpc17xx_gpio.o)
                0x000018d4                GPIO_SetDir
 .text.GPIO_SetValue
                0x0000191e       0x2a C:\Users\student\Documents\f07\embedded-systems\Lib_MCU\Debug\libLib_MCU.a(lpc17xx_gpio.o)
                0x0000191e                GPIO_SetValue
 .text.GPIO_ClearValue
                0x00001948       0x2a C:\Users\student\Documents\f07\embedded-systems\Lib_MCU\Debug\libLib_MCU.a(lpc17xx_gpio.o)
                0x00001948                GPIO_ClearValue
 .text.GPIO_ReadValue
                0x00001972       0x2a C:\Users\student\Documents\f07\embedded-systems\Lib_MCU\Debug\libLib_MCU.a(lpc17xx_gpio.o)
                0x00001972                GPIO_ReadValue
 .text.NVIC_EnableIRQ
                0x0000199c       0x30 C:\Users\student\Documents\f07\embedded-systems\Lib_MCU\Debug\libLib_MCU.a(lpc17xx_i2c.o)
 .text.NVIC_DisableIRQ
                0x000019cc       0x34 C:\Users\student\Documents\f07\embedded-systems\Lib_MCU\Debug\libLib_MCU.a(lpc17xx_i2c.o)
 .text.I2C_getNum
                0x00001a00       0x48 C:\Users\student\Documents\f07\embedded-systems\Lib_MCU\Debug\libLib_MCU.a(lpc17xx_i2c.o)
 .text.I2C_Start
                0x00001a48       0x3a C:\Users\student\Documents\f07\embedded-systems\Lib_MCU\Debug\libLib_MCU.a(lpc17xx_i2c.o)
 .text.I2C_Stop
                0x00001a82       0x30 C:\Users\student\Documents\f07\embedded-systems\Lib_MCU\Debug\libLib_MCU.a(lpc17xx_i2c.o)
 .text.I2C_SendByte
                0x00001ab2       0x4a C:\Users\student\Documents\f07\embedded-systems\Lib_MCU\Debug\libLib_MCU.a(lpc17xx_i2c.o)
 .text.I2C_GetByte
                0x00001afc       0x52 C:\Users\student\Documents\f07\embedded-systems\Lib_MCU\Debug\libLib_MCU.a(lpc17xx_i2c.o)
 *fill*         0x00001b4e        0x2 ff
 .text.I2C_SetClock
                0x00001b50       0xa4 C:\Users\student\Documents\f07\embedded-systems\Lib_MCU\Debug\libLib_MCU.a(lpc17xx_i2c.o)
 .text.I2C_Init
                0x00001bf4       0xa4 C:\Users\student\Documents\f07\embedded-systems\Lib_MCU\Debug\libLib_MCU.a(lpc17xx_i2c.o)
                0x00001bf4                I2C_Init
 .text.I2C_Cmd  0x00001c98       0x70 C:\Users\student\Documents\f07\embedded-systems\Lib_MCU\Debug\libLib_MCU.a(lpc17xx_i2c.o)
                0x00001c98                I2C_Cmd
 .text.I2C_IntCmd
                0x00001d08       0x88 C:\Users\student\Documents\f07\embedded-systems\Lib_MCU\Debug\libLib_MCU.a(lpc17xx_i2c.o)
                0x00001d08                I2C_IntCmd
 .text.I2C_MasterTransferData
                0x00001d90      0x2cc C:\Users\student\Documents\f07\embedded-systems\Lib_MCU\Debug\libLib_MCU.a(lpc17xx_i2c.o)
                0x00001d90                I2C_MasterTransferData
 .text.set_PinFunc
                0x0000205c       0x80 C:\Users\student\Documents\f07\embedded-systems\Lib_MCU\Debug\libLib_MCU.a(lpc17xx_pinsel.o)
 .text.set_ResistorMode
                0x000020dc       0x80 C:\Users\student\Documents\f07\embedded-systems\Lib_MCU\Debug\libLib_MCU.a(lpc17xx_pinsel.o)
 .text.set_OpenDrainMode
                0x0000215c       0x68 C:\Users\student\Documents\f07\embedded-systems\Lib_MCU\Debug\libLib_MCU.a(lpc17xx_pinsel.o)
 .text.PINSEL_ConfigPin
                0x000021c4       0x46 C:\Users\student\Documents\f07\embedded-systems\Lib_MCU\Debug\libLib_MCU.a(lpc17xx_pinsel.o)
                0x000021c4                PINSEL_ConfigPin
 *fill*         0x0000220a        0x2 ff
 .text.setSSPclock
                0x0000220c       0xc4 C:\Users\student\Documents\f07\embedded-systems\Lib_MCU\Debug\libLib_MCU.a(lpc17xx_ssp.o)
 .text.SSP_Init
                0x000022d0       0x9c C:\Users\student\Documents\f07\embedded-systems\Lib_MCU\Debug\libLib_MCU.a(lpc17xx_ssp.o)
                0x000022d0                SSP_Init
 .text.SSP_GetDataSize
                0x0000236c       0x40 C:\Users\student\Documents\f07\embedded-systems\Lib_MCU\Debug\libLib_MCU.a(lpc17xx_ssp.o)
                0x0000236c                SSP_GetDataSize
 .text.SSP_ConfigStructInit
                0x000023ac       0x3c C:\Users\student\Documents\f07\embedded-systems\Lib_MCU\Debug\libLib_MCU.a(lpc17xx_ssp.o)
                0x000023ac                SSP_ConfigStructInit
 .text.SSP_Cmd  0x000023e8       0x6c C:\Users\student\Documents\f07\embedded-systems\Lib_MCU\Debug\libLib_MCU.a(lpc17xx_ssp.o)
                0x000023e8                SSP_Cmd
 .text.SSP_SendData
                0x00002454       0x40 C:\Users\student\Documents\f07\embedded-systems\Lib_MCU\Debug\libLib_MCU.a(lpc17xx_ssp.o)
                0x00002454                SSP_SendData
 .text.SSP_ReceiveData
                0x00002494       0x3c C:\Users\student\Documents\f07\embedded-systems\Lib_MCU\Debug\libLib_MCU.a(lpc17xx_ssp.o)
                0x00002494                SSP_ReceiveData
 .text.SSP_ReadWrite
                0x000024d0      0x34e C:\Users\student\Documents\f07\embedded-systems\Lib_MCU\Debug\libLib_MCU.a(lpc17xx_ssp.o)
                0x000024d0                SSP_ReadWrite
 *fill*         0x0000281e        0x2 ff
 .text.getPClock
                0x00002820       0x58 C:\Users\student\Documents\f07\embedded-systems\Lib_MCU\Debug\libLib_MCU.a(lpc17xx_timer.o)
 .text.converUSecToVal
                0x00002878       0x5c C:\Users\student\Documents\f07\embedded-systems\Lib_MCU\Debug\libLib_MCU.a(lpc17xx_timer.o)
 .text.converPtrToTimeNum
                0x000028d4       0x5c C:\Users\student\Documents\f07\embedded-systems\Lib_MCU\Debug\libLib_MCU.a(lpc17xx_timer.o)
 .text.TIM_GetIntStatus
                0x00002930       0x98 C:\Users\student\Documents\f07\embedded-systems\Lib_MCU\Debug\libLib_MCU.a(lpc17xx_timer.o)
                0x00002930                TIM_GetIntStatus
 .text.TIM_ClearIntPending
                0x000029c8       0x88 C:\Users\student\Documents\f07\embedded-systems\Lib_MCU\Debug\libLib_MCU.a(lpc17xx_timer.o)
                0x000029c8                TIM_ClearIntPending
 .text.TIM_Init
                0x00002a50      0x184 C:\Users\student\Documents\f07\embedded-systems\Lib_MCU\Debug\libLib_MCU.a(lpc17xx_timer.o)
                0x00002a50                TIM_Init
 .text.TIM_Cmd  0x00002bd4       0x70 C:\Users\student\Documents\f07\embedded-systems\Lib_MCU\Debug\libLib_MCU.a(lpc17xx_timer.o)
                0x00002bd4                TIM_Cmd
 .text.TIM_ConfigMatch
                0x00002c44      0x184 C:\Users\student\Documents\f07\embedded-systems\Lib_MCU\Debug\libLib_MCU.a(lpc17xx_timer.o)
                0x00002c44                TIM_ConfigMatch
 .text.Timer0_Wait
                0x00002dc8       0x76 C:\Users\student\Documents\f07\embedded-systems\Lib_MCU\Debug\libLib_MCU.a(lpc17xx_timer.o)
                0x00002dc8                Timer0_Wait
 .text.Timer0_us_Wait
                0x00002e3e       0x74 C:\Users\student\Documents\f07\embedded-systems\Lib_MCU\Debug\libLib_MCU.a(lpc17xx_timer.o)
                0x00002e3e                Timer0_us_Wait
 *fill*         0x00002eb2        0x2 ff
 .text          0x00002eb4       0x30 c:/nxp/mcuxpressoide_11.3.1_5262/ide/plugins/com.nxp.mcuxpresso.tools.win32_11.3.0.202008311133/tools/bin/../lib/gcc/arm-none-eabi/9.3.1/thumb/v7-m/nofp\libgcc.a(_aeabi_uldivmod.o)
                0x00002eb4                __aeabi_uldivmod
 .text          0x00002ee4      0x2c4 c:/nxp/mcuxpressoide_11.3.1_5262/ide/plugins/com.nxp.mcuxpresso.tools.win32_11.3.0.202008311133/tools/bin/../lib/gcc/arm-none-eabi/9.3.1/thumb/v7-m/nofp\libgcc.a(_udivmoddi4.o)
                0x00002ee4                __udivmoddi4
 .text          0x000031a8        0x4 c:/nxp/mcuxpressoide_11.3.1_5262/ide/plugins/com.nxp.mcuxpresso.tools.win32_11.3.0.202008311133/tools/bin/../lib/gcc/arm-none-eabi/9.3.1/thumb/v7-m/nofp\libgcc.a(_dvmd_tls.o)
                0x000031a8                __aeabi_idiv0
                0x000031a8                __aeabi_ldiv0
 .text.memset   0x000031ac       0xa0 c:/nxp/mcuxpressoide_11.3.1_5262/ide/plugins/com.nxp.mcuxpresso.tools.win32_11.3.0.202008311133/tools/bin/../lib/gcc/arm-none-eabi/9.3.1/../../../../arm-none-eabi/lib/thumb/v7-m/nofp\libc.a(lib_a-memset.o)
                0x000031ac                memset
 *(.rodata .rodata.* .constdata .constdata.*)
 .rodata.str1.4
                0x0000324c       0x13 ./src/main.o
 *fill*         0x0000325f        0x1 ff
 .rodata.str1.4
                0x00003260        0xf C:\Users\student\Documents\f07\embedded-systems\Lib_MCU\Debug\libLib_MCU.a(lpc17xx_adc.o)
 *fill*         0x0000326f        0x1 ff
 .rodata.str1.4
                0x00003270        0xf C:\Users\student\Documents\f07\embedded-systems\Lib_MCU\Debug\libLib_MCU.a(lpc17xx_i2c.o)
 *fill*         0x0000327f        0x1 ff
 .rodata.str1.4
                0x00003280        0xf C:\Users\student\Documents\f07\embedded-systems\Lib_MCU\Debug\libLib_MCU.a(lpc17xx_ssp.o)
 *fill*         0x0000328f        0x1 ff
 .rodata.str1.4
                0x00003290       0x11 C:\Users\student\Documents\f07\embedded-systems\Lib_MCU\Debug\libLib_MCU.a(lpc17xx_timer.o)
                0x000032a4                . = ALIGN (0x4)
 *fill*         0x000032a1        0x3 ff

.glue_7         0x000032a4        0x0
 .glue_7        0x000032a4        0x0 linker stubs

.glue_7t        0x000032a4        0x0
 .glue_7t       0x000032a4        0x0 linker stubs

.vfp11_veneer   0x000032a4        0x0
 .vfp11_veneer  0x000032a4        0x0 linker stubs

.v4_bx          0x000032a4        0x0
 .v4_bx         0x000032a4        0x0 linker stubs

.iplt           0x000032a4        0x0
 .iplt          0x000032a4        0x0 ./src/cr_startup_lpc17.o

.ARM.extab
 *(.ARM.extab* .gnu.linkonce.armextab.*)

.ARM.exidx      0x000032a4        0x8
                0x000032a4                __exidx_start = .
 *(.ARM.exidx* .gnu.linkonce.armexidx.*)
 .ARM.exidx     0x000032a4        0x8 c:/nxp/mcuxpressoide_11.3.1_5262/ide/plugins/com.nxp.mcuxpresso.tools.win32_11.3.0.202008311133/tools/bin/../lib/gcc/arm-none-eabi/9.3.1/thumb/v7-m/nofp\libgcc.a(_udivmoddi4.o)
                0x000032ac                __exidx_end = .
                0x000032ac                _etext = .

.rel.dyn        0x000032ac        0x0
 .rel.iplt      0x000032ac        0x0 ./src/cr_startup_lpc17.o

.data_RAM2      0x2007c000        0x0 load address 0x000032ac
 FILL mask 0xff
                [!provide]                PROVIDE (__start_data_RAM2 = .)
                [!provide]                PROVIDE (__start_data_RamAHB32 = .)
 *(.ramfunc.$RAM2)
 *(.ramfunc.$RamAHB32)
 *(.data.$RAM2)
 *(.data.$RamAHB32)
 *(.data.$RAM2.*)
 *(.data.$RamAHB32.*)
                0x2007c000                . = ALIGN (0x4)
                [!provide]                PROVIDE (__end_data_RAM2 = .)
                [!provide]                PROVIDE (__end_data_RamAHB32 = .)

.uninit_RESERVED
                0x10000000        0x0
                0x10000000                _start_uninit_RESERVED = .
 *(.bss.$RESERVED*)
                0x10000000                . = ALIGN (0x4)
                0x10000000                _end_uninit_RESERVED = .

.data           0x10000000       0x98 load address 0x000032ac
 FILL mask 0xff
                0x10000000                _data = .
                [!provide]                PROVIDE (__start_data_RAM = .)
                [!provide]                PROVIDE (__start_data_RamLoc32 = .)
 *(vtable)
 *(.ramfunc*)
 *(CodeQuickAccess)
 *(DataQuickAccess)
 *(RamFunction)
 *(.data*)
 .data          0x10000000       0x42 ./src/main.o
 *fill*         0x10000042        0x2 ff
 .data          0x10000044        0x4 C:\Users\student\Documents\f07\embedded-systems\Lib_CMSISv1p30_LPC17xx\Debug\libCMSISv1p30_LPC17xx.a(system_LPC17xx.o)
                0x10000044                SystemCoreClock
 .data          0x10000048       0x50 C:\Users\student\Documents\f07\embedded-systems\Lib_EaBaseBoard\Debug\libLib_EaBaseBoard.a(led7seg.o)
                0x10000098                . = ALIGN (0x4)
                0x10000098                _edata = .
                [!provide]                PROVIDE (__end_data_RAM = .)
                [!provide]                PROVIDE (__end_data_RamLoc32 = .)

.igot.plt       0x10000098        0x0 load address 0x00003344
 .igot.plt      0x10000098        0x0 ./src/cr_startup_lpc17.o

.bss_RAM2       0x2007c000        0x0
                [!provide]                PROVIDE (__start_bss_RAM2 = .)
                [!provide]                PROVIDE (__start_bss_RamAHB32 = .)
 *(.bss.$RAM2)
 *(.bss.$RamAHB32)
 *(.bss.$RAM2.*)
 *(.bss.$RamAHB32.*)
                0x2007c000                . = ALIGN ((. != 0x0)?0x4:0x1)
                [!provide]                PROVIDE (__end_bss_RAM2 = .)
                [!provide]                PROVIDE (__end_bss_RamAHB32 = .)

.bss            0x10000098      0x344
                0x10000098                _bss = .
                [!provide]                PROVIDE (__start_bss_RAM = .)
                [!provide]                PROVIDE (__start_bss_RamLoc32 = .)
 *(.bss*)
 .bss           0x10000098        0x6 ./src/main.o
 *fill*         0x1000009e        0x2 
 .bss           0x100000a0      0x300 C:\Users\student\Documents\f07\embedded-systems\Lib_EaBaseBoard\Debug\libLib_EaBaseBoard.a(oled.o)
 .bss           0x100003a0        0x6 C:\Users\student\Documents\f07\embedded-systems\Lib_EaBaseBoard\Debug\libLib_EaBaseBoard.a(pca9532.o)
 *fill*         0x100003a6        0x2 
 .bss           0x100003a8       0x34 C:\Users\student\Documents\f07\embedded-systems\Lib_MCU\Debug\libLib_MCU.a(lpc17xx_i2c.o)
 *(COMMON)
                0x100003dc                . = ALIGN (0x4)
                0x100003dc                _ebss = .
                [!provide]                PROVIDE (__end_bss_RAM = .)
                [!provide]                PROVIDE (__end_bss_RamLoc32 = .)
                [!provide]                PROVIDE (end = .)

.noinit_RAM2    0x2007c000        0x0
                [!provide]                PROVIDE (__start_noinit_RAM2 = .)
                [!provide]                PROVIDE (__start_noinit_RamAHB32 = .)
 *(.noinit.$RAM2)
 *(.noinit.$RamAHB32)
 *(.noinit.$RAM2.*)
 *(.noinit.$RamAHB32.*)
                0x2007c000                . = ALIGN (0x4)
                [!provide]                PROVIDE (__end_noinit_RAM2 = .)
                [!provide]                PROVIDE (__end_noinit_RamAHB32 = .)

.noinit         0x100003dc        0x0
                0x100003dc                _noinit = .
                [!provide]                PROVIDE (__start_noinit_RAM = .)
                [!provide]                PROVIDE (__start_noinit_RamLoc32 = .)
 *(.noinit*)
                0x100003dc                . = ALIGN (0x4)
                0x100003dc                _end_noinit = .
                [!provide]                PROVIDE (__end_noinit_RAM = .)
                [!provide]                PROVIDE (__end_noinit_RamLoc32 = .)
                [!provide]                PROVIDE (_pvHeapStart = DEFINED (__user_heap_base)?__user_heap_base:.)
                0x10008000                PROVIDE (_vStackTop = DEFINED (__user_stack_top)?__user_stack_top:(__top_RamLoc32 - 0x0))
                [!provide]                PROVIDE (__valid_user_code_checksum = (0x0 - ((((((_vStackTop + (ResetISR + 0x1)) + (NMI_Handler + 0x1)) + (HardFault_Handler + 0x1)) + (DEFINED (MemManage_Handler)?MemManage_Handler:0x0 + 0x1)) + (DEFINED (BusFault_Handler)?BusFault_Handler:0x0 + 0x1)) + (DEFINED (UsageFault_Handler)?UsageFault_Handler:0x0 + 0x1))))
                0x00000000                _image_start = LOADADDR (.text)
                0x00003344                _image_end = (LOADADDR (.data) + SIZEOF (.data))
                0x00003344                _image_size = (_image_end - _image_start)
OUTPUT(demo.axf elf32-littlearm)
LOAD linker stubs

.debug_info     0x00000000     0x68c6
 .debug_info    0x00000000      0x1fe ./src/cr_startup_lpc17.o
 .debug_info    0x000001fe      0x946 ./src/main.o
 .debug_info    0x00000b44      0x345 C:\Users\student\Documents\f07\embedded-systems\Lib_CMSISv1p30_LPC17xx\Debug\libCMSISv1p30_LPC17xx.a(system_LPC17xx.o)
 .debug_info    0x00000e89      0x566 C:\Users\student\Documents\f07\embedded-systems\Lib_EaBaseBoard\Debug\libLib_EaBaseBoard.a(acc.o)
 .debug_info    0x000013ef      0x13f C:\Users\student\Documents\f07\embedded-systems\Lib_EaBaseBoard\Debug\libLib_EaBaseBoard.a(joystick.o)
 .debug_info    0x0000152e      0x2a1 C:\Users\student\Documents\f07\embedded-systems\Lib_EaBaseBoard\Debug\libLib_EaBaseBoard.a(led7seg.o)
 .debug_info    0x000017cf      0x9d1 C:\Users\student\Documents\f07\embedded-systems\Lib_EaBaseBoard\Debug\libLib_EaBaseBoard.a(oled.o)
 .debug_info    0x000021a0      0x65f C:\Users\student\Documents\f07\embedded-systems\Lib_EaBaseBoard\Debug\libLib_EaBaseBoard.a(pca9532.o)
 .debug_info    0x000027ff      0x11d C:\Users\student\Documents\f07\embedded-systems\Lib_EaBaseBoard\Debug\libLib_EaBaseBoard.a(rgb.o)
 .debug_info    0x0000291c      0x13d C:\Users\student\Documents\f07\embedded-systems\Lib_EaBaseBoard\Debug\libLib_EaBaseBoard.a(rotary.o)
 .debug_info    0x00002a59      0x666 C:\Users\student\Documents\f07\embedded-systems\Lib_MCU\Debug\libLib_MCU.a(lpc17xx_adc.o)
 .debug_info    0x000030bf      0x62a C:\Users\student\Documents\f07\embedded-systems\Lib_MCU\Debug\libLib_MCU.a(lpc17xx_clkpwr.o)
 .debug_info    0x000036e9      0xe1a C:\Users\student\Documents\f07\embedded-systems\Lib_MCU\Debug\libLib_MCU.a(lpc17xx_gpio.o)
 .debug_info    0x00004503      0xdca C:\Users\student\Documents\f07\embedded-systems\Lib_MCU\Debug\libLib_MCU.a(lpc17xx_i2c.o)
 .debug_info    0x000052cd      0x4cd C:\Users\student\Documents\f07\embedded-systems\Lib_MCU\Debug\libLib_MCU.a(lpc17xx_pinsel.o)
 .debug_info    0x0000579a      0x7b5 C:\Users\student\Documents\f07\embedded-systems\Lib_MCU\Debug\libLib_MCU.a(lpc17xx_ssp.o)
 .debug_info    0x00005f4f      0x977 C:\Users\student\Documents\f07\embedded-systems\Lib_MCU\Debug\libLib_MCU.a(lpc17xx_timer.o)

.debug_abbrev   0x00000000     0x1d42
 .debug_abbrev  0x00000000       0xc8 ./src/cr_startup_lpc17.o
 .debug_abbrev  0x000000c8      0x220 ./src/main.o
 .debug_abbrev  0x000002e8      0x11c C:\Users\student\Documents\f07\embedded-systems\Lib_CMSISv1p30_LPC17xx\Debug\libCMSISv1p30_LPC17xx.a(system_LPC17xx.o)
 .debug_abbrev  0x00000404      0x1bf C:\Users\student\Documents\f07\embedded-systems\Lib_EaBaseBoard\Debug\libLib_EaBaseBoard.a(acc.o)
 .debug_abbrev  0x000005c3       0xd0 C:\Users\student\Documents\f07\embedded-systems\Lib_EaBaseBoard\Debug\libLib_EaBaseBoard.a(joystick.o)
 .debug_abbrev  0x00000693      0x174 C:\Users\student\Documents\f07\embedded-systems\Lib_EaBaseBoard\Debug\libLib_EaBaseBoard.a(led7seg.o)
 .debug_abbrev  0x00000807      0x23c C:\Users\student\Documents\f07\embedded-systems\Lib_EaBaseBoard\Debug\libLib_EaBaseBoard.a(oled.o)
 .debug_abbrev  0x00000a43      0x235 C:\Users\student\Documents\f07\embedded-systems\Lib_EaBaseBoard\Debug\libLib_EaBaseBoard.a(pca9532.o)
 .debug_abbrev  0x00000c78       0xce C:\Users\student\Documents\f07\embedded-systems\Lib_EaBaseBoard\Debug\libLib_EaBaseBoard.a(rgb.o)
 .debug_abbrev  0x00000d46       0xe1 C:\Users\student\Documents\f07\embedded-systems\Lib_EaBaseBoard\Debug\libLib_EaBaseBoard.a(rotary.o)
 .debug_abbrev  0x00000e27      0x1c7 C:\Users\student\Documents\f07\embedded-systems\Lib_MCU\Debug\libLib_MCU.a(lpc17xx_adc.o)
 .debug_abbrev  0x00000fee      0x1fd C:\Users\student\Documents\f07\embedded-systems\Lib_MCU\Debug\libLib_MCU.a(lpc17xx_clkpwr.o)
 .debug_abbrev  0x000011eb      0x26b C:\Users\student\Documents\f07\embedded-systems\Lib_MCU\Debug\libLib_MCU.a(lpc17xx_gpio.o)
 .debug_abbrev  0x00001456      0x2de C:\Users\student\Documents\f07\embedded-systems\Lib_MCU\Debug\libLib_MCU.a(lpc17xx_i2c.o)
 .debug_abbrev  0x00001734      0x196 C:\Users\student\Documents\f07\embedded-systems\Lib_MCU\Debug\libLib_MCU.a(lpc17xx_pinsel.o)
 .debug_abbrev  0x000018ca      0x21b C:\Users\student\Documents\f07\embedded-systems\Lib_MCU\Debug\libLib_MCU.a(lpc17xx_ssp.o)
 .debug_abbrev  0x00001ae5      0x25d C:\Users\student\Documents\f07\embedded-systems\Lib_MCU\Debug\libLib_MCU.a(lpc17xx_timer.o)

.debug_aranges  0x00000000      0x770
 .debug_aranges
                0x00000000       0x70 ./src/cr_startup_lpc17.o
 .debug_aranges
                0x00000070       0x88 ./src/main.o
 .debug_aranges
                0x000000f8       0x28 C:\Users\student\Documents\f07\embedded-systems\Lib_CMSISv1p30_LPC17xx\Debug\libCMSISv1p30_LPC17xx.a(system_LPC17xx.o)
 .debug_aranges
                0x00000120       0x60 C:\Users\student\Documents\f07\embedded-systems\Lib_EaBaseBoard\Debug\libLib_EaBaseBoard.a(acc.o)
 .debug_aranges
                0x00000180       0x28 C:\Users\student\Documents\f07\embedded-systems\Lib_EaBaseBoard\Debug\libLib_EaBaseBoard.a(joystick.o)
 .debug_aranges
                0x000001a8       0x28 C:\Users\student\Documents\f07\embedded-systems\Lib_EaBaseBoard\Debug\libLib_EaBaseBoard.a(led7seg.o)
 .debug_aranges
                0x000001d0       0x90 C:\Users\student\Documents\f07\embedded-systems\Lib_EaBaseBoard\Debug\libLib_EaBaseBoard.a(oled.o)
 .debug_aranges
                0x00000260       0x80 C:\Users\student\Documents\f07\embedded-systems\Lib_EaBaseBoard\Debug\libLib_EaBaseBoard.a(pca9532.o)
 .debug_aranges
                0x000002e0       0x28 C:\Users\student\Documents\f07\embedded-systems\Lib_EaBaseBoard\Debug\libLib_EaBaseBoard.a(rgb.o)
 .debug_aranges
                0x00000308       0x28 C:\Users\student\Documents\f07\embedded-systems\Lib_EaBaseBoard\Debug\libLib_EaBaseBoard.a(rotary.o)
 .debug_aranges
                0x00000330       0x80 C:\Users\student\Documents\f07\embedded-systems\Lib_MCU\Debug\libLib_MCU.a(lpc17xx_adc.o)
 .debug_aranges
                0x000003b0       0x60 C:\Users\student\Documents\f07\embedded-systems\Lib_MCU\Debug\libLib_MCU.a(lpc17xx_clkpwr.o)
 .debug_aranges
                0x00000410       0xf8 C:\Users\student\Documents\f07\embedded-systems\Lib_MCU\Debug\libLib_MCU.a(lpc17xx_gpio.o)
 .debug_aranges
                0x00000508       0xd0 C:\Users\student\Documents\f07\embedded-systems\Lib_MCU\Debug\libLib_MCU.a(lpc17xx_i2c.o)
 .debug_aranges
                0x000005d8       0x48 C:\Users\student\Documents\f07\embedded-systems\Lib_MCU\Debug\libLib_MCU.a(lpc17xx_pinsel.o)
 .debug_aranges
                0x00000620       0xa8 C:\Users\student\Documents\f07\embedded-systems\Lib_MCU\Debug\libLib_MCU.a(lpc17xx_ssp.o)
 .debug_aranges
                0x000006c8       0xa8 C:\Users\student\Documents\f07\embedded-systems\Lib_MCU\Debug\libLib_MCU.a(lpc17xx_timer.o)

.debug_ranges   0x00000000      0x660
 .debug_ranges  0x00000000       0x60 ./src/cr_startup_lpc17.o
 .debug_ranges  0x00000060       0x78 ./src/main.o
 .debug_ranges  0x000000d8       0x18 C:\Users\student\Documents\f07\embedded-systems\Lib_CMSISv1p30_LPC17xx\Debug\libCMSISv1p30_LPC17xx.a(system_LPC17xx.o)
 .debug_ranges  0x000000f0       0x50 C:\Users\student\Documents\f07\embedded-systems\Lib_EaBaseBoard\Debug\libLib_EaBaseBoard.a(acc.o)
 .debug_ranges  0x00000140       0x18 C:\Users\student\Documents\f07\embedded-systems\Lib_EaBaseBoard\Debug\libLib_EaBaseBoard.a(joystick.o)
 .debug_ranges  0x00000158       0x18 C:\Users\student\Documents\f07\embedded-systems\Lib_EaBaseBoard\Debug\libLib_EaBaseBoard.a(led7seg.o)
 .debug_ranges  0x00000170       0x80 C:\Users\student\Documents\f07\embedded-systems\Lib_EaBaseBoard\Debug\libLib_EaBaseBoard.a(oled.o)
 .debug_ranges  0x000001f0       0x70 C:\Users\student\Documents\f07\embedded-systems\Lib_EaBaseBoard\Debug\libLib_EaBaseBoard.a(pca9532.o)
 .debug_ranges  0x00000260       0x18 C:\Users\student\Documents\f07\embedded-systems\Lib_EaBaseBoard\Debug\libLib_EaBaseBoard.a(rgb.o)
 .debug_ranges  0x00000278       0x18 C:\Users\student\Documents\f07\embedded-systems\Lib_EaBaseBoard\Debug\libLib_EaBaseBoard.a(rotary.o)
 .debug_ranges  0x00000290       0x70 C:\Users\student\Documents\f07\embedded-systems\Lib_MCU\Debug\libLib_MCU.a(lpc17xx_adc.o)
 .debug_ranges  0x00000300       0x50 C:\Users\student\Documents\f07\embedded-systems\Lib_MCU\Debug\libLib_MCU.a(lpc17xx_clkpwr.o)
 .debug_ranges  0x00000350       0xe8 C:\Users\student\Documents\f07\embedded-systems\Lib_MCU\Debug\libLib_MCU.a(lpc17xx_gpio.o)
 .debug_ranges  0x00000438       0xc0 C:\Users\student\Documents\f07\embedded-systems\Lib_MCU\Debug\libLib_MCU.a(lpc17xx_i2c.o)
 .debug_ranges  0x000004f8       0x38 C:\Users\student\Documents\f07\embedded-systems\Lib_MCU\Debug\libLib_MCU.a(lpc17xx_pinsel.o)
 .debug_ranges  0x00000530       0x98 C:\Users\student\Documents\f07\embedded-systems\Lib_MCU\Debug\libLib_MCU.a(lpc17xx_ssp.o)
 .debug_ranges  0x000005c8       0x98 C:\Users\student\Documents\f07\embedded-systems\Lib_MCU\Debug\libLib_MCU.a(lpc17xx_timer.o)

.debug_macro    0x00000000     0x5676
 .debug_macro   0x00000000       0x79 ./src/cr_startup_lpc17.o
 .debug_macro   0x00000079      0xaa8 ./src/cr_startup_lpc17.o
 .debug_macro   0x00000b21       0x22 ./src/cr_startup_lpc17.o
 .debug_macro   0x00000b43       0x8e ./src/cr_startup_lpc17.o
 .debug_macro   0x00000bd1       0x51 ./src/cr_startup_lpc17.o
 .debug_macro   0x00000c22      0x103 ./src/cr_startup_lpc17.o
 .debug_macro   0x00000d25       0x6a ./src/cr_startup_lpc17.o
 .debug_macro   0x00000d8f      0x1df ./src/cr_startup_lpc17.o
 .debug_macro   0x00000f6e      0x11b ./src/main.o
 .debug_macro   0x00001089       0x1c ./src/main.o
 .debug_macro   0x000010a5       0x22 ./src/main.o
 .debug_macro   0x000010c7      0x7b7 ./src/main.o
 .debug_macro   0x0000187e      0x2c7 ./src/main.o
 .debug_macro   0x00001b45       0x64 ./src/main.o
 .debug_macro   0x00001ba9      0x140 ./src/main.o
 .debug_macro   0x00001ce9       0x46 ./src/main.o
 .debug_macro   0x00001d2f      0x192 ./src/main.o
 .debug_macro   0x00001ec1      0x2a6 ./src/main.o
 .debug_macro   0x00002167       0xee ./src/main.o
 .debug_macro   0x00002255       0xed ./src/main.o
 .debug_macro   0x00002342       0x28 ./src/main.o
 .debug_macro   0x0000236a       0xb2 ./src/main.o
 .debug_macro   0x0000241c       0x1c ./src/main.o
 .debug_macro   0x00002438       0x16 ./src/main.o
 .debug_macro   0x0000244e       0x1c ./src/main.o
 .debug_macro   0x0000246a      0x113 C:\Users\student\Documents\f07\embedded-systems\Lib_CMSISv1p30_LPC17xx\Debug\libCMSISv1p30_LPC17xx.a(system_LPC17xx.o)
 .debug_macro   0x0000257d      0xaa2 C:\Users\student\Documents\f07\embedded-systems\Lib_CMSISv1p30_LPC17xx\Debug\libCMSISv1p30_LPC17xx.a(system_LPC17xx.o)
 .debug_macro   0x0000301f       0x10 C:\Users\student\Documents\f07\embedded-systems\Lib_CMSISv1p30_LPC17xx\Debug\libCMSISv1p30_LPC17xx.a(system_LPC17xx.o)
 .debug_macro   0x0000302f      0x12e C:\Users\student\Documents\f07\embedded-systems\Lib_CMSISv1p30_LPC17xx\Debug\libCMSISv1p30_LPC17xx.a(system_LPC17xx.o)
 .debug_macro   0x0000315d      0x5b3 C:\Users\student\Documents\f07\embedded-systems\Lib_CMSISv1p30_LPC17xx\Debug\libCMSISv1p30_LPC17xx.a(system_LPC17xx.o)
 .debug_macro   0x00003710      0x7d5 C:\Users\student\Documents\f07\embedded-systems\Lib_CMSISv1p30_LPC17xx\Debug\libCMSISv1p30_LPC17xx.a(system_LPC17xx.o)
 .debug_macro   0x00003ee5      0x162 C:\Users\student\Documents\f07\embedded-systems\Lib_EaBaseBoard\Debug\libLib_EaBaseBoard.a(acc.o)
 .debug_macro   0x00004047      0x18c C:\Users\student\Documents\f07\embedded-systems\Lib_EaBaseBoard\Debug\libLib_EaBaseBoard.a(acc.o)
 .debug_macro   0x000041d3       0x83 C:\Users\student\Documents\f07\embedded-systems\Lib_EaBaseBoard\Debug\libLib_EaBaseBoard.a(joystick.o)
 .debug_macro   0x00004256       0x40 C:\Users\student\Documents\f07\embedded-systems\Lib_EaBaseBoard\Debug\libLib_EaBaseBoard.a(joystick.o)
 .debug_macro   0x00004296       0x99 C:\Users\student\Documents\f07\embedded-systems\Lib_EaBaseBoard\Debug\libLib_EaBaseBoard.a(led7seg.o)
 .debug_macro   0x0000432f       0xdd C:\Users\student\Documents\f07\embedded-systems\Lib_EaBaseBoard\Debug\libLib_EaBaseBoard.a(oled.o)
 .debug_macro   0x0000440c       0x5d C:\Users\student\Documents\f07\embedded-systems\Lib_EaBaseBoard\Debug\libLib_EaBaseBoard.a(oled.o)
 .debug_macro   0x00004469       0xa1 C:\Users\student\Documents\f07\embedded-systems\Lib_EaBaseBoard\Debug\libLib_EaBaseBoard.a(pca9532.o)
 .debug_macro   0x0000450a       0x83 C:\Users\student\Documents\f07\embedded-systems\Lib_EaBaseBoard\Debug\libLib_EaBaseBoard.a(rgb.o)
 .debug_macro   0x0000458d       0xb3 C:\Users\student\Documents\f07\embedded-systems\Lib_EaBaseBoard\Debug\libLib_EaBaseBoard.a(rotary.o)
 .debug_macro   0x00004640       0x8c C:\Users\student\Documents\f07\embedded-systems\Lib_MCU\Debug\libLib_MCU.a(lpc17xx_adc.o)
 .debug_macro   0x000046cc       0xe8 C:\Users\student\Documents\f07\embedded-systems\Lib_MCU\Debug\libLib_MCU.a(lpc17xx_adc.o)
 .debug_macro   0x000047b4      0x2fa C:\Users\student\Documents\f07\embedded-systems\Lib_MCU\Debug\libLib_MCU.a(lpc17xx_adc.o)
 .debug_macro   0x00004aae       0xda C:\Users\student\Documents\f07\embedded-systems\Lib_MCU\Debug\libLib_MCU.a(lpc17xx_adc.o)
 .debug_macro   0x00004b88       0x7a C:\Users\student\Documents\f07\embedded-systems\Lib_MCU\Debug\libLib_MCU.a(lpc17xx_clkpwr.o)
 .debug_macro   0x00004c02      0x2f4 C:\Users\student\Documents\f07\embedded-systems\Lib_MCU\Debug\libLib_MCU.a(lpc17xx_clkpwr.o)
 .debug_macro   0x00004ef6       0x83 C:\Users\student\Documents\f07\embedded-systems\Lib_MCU\Debug\libLib_MCU.a(lpc17xx_gpio.o)
 .debug_macro   0x00004f79       0x95 C:\Users\student\Documents\f07\embedded-systems\Lib_MCU\Debug\libLib_MCU.a(lpc17xx_i2c.o)
 .debug_macro   0x0000500e      0x146 C:\Users\student\Documents\f07\embedded-systems\Lib_MCU\Debug\libLib_MCU.a(lpc17xx_i2c.o)
 .debug_macro   0x00005154       0x7a C:\Users\student\Documents\f07\embedded-systems\Lib_MCU\Debug\libLib_MCU.a(lpc17xx_pinsel.o)
 .debug_macro   0x000051ce       0x8c C:\Users\student\Documents\f07\embedded-systems\Lib_MCU\Debug\libLib_MCU.a(lpc17xx_ssp.o)
 .debug_macro   0x0000525a      0x2a0 C:\Users\student\Documents\f07\embedded-systems\Lib_MCU\Debug\libLib_MCU.a(lpc17xx_ssp.o)
 .debug_macro   0x000054fa       0x95 C:\Users\student\Documents\f07\embedded-systems\Lib_MCU\Debug\libLib_MCU.a(lpc17xx_timer.o)
 .debug_macro   0x0000558f       0xe7 C:\Users\student\Documents\f07\embedded-systems\Lib_MCU\Debug\libLib_MCU.a(lpc17xx_timer.o)

.debug_line     0x00000000     0x5f46
 .debug_line    0x00000000      0x446 ./src/cr_startup_lpc17.o
 .debug_line    0x00000446      0x84e ./src/main.o
 .debug_line    0x00000c94      0x3f4 C:\Users\student\Documents\f07\embedded-systems\Lib_CMSISv1p30_LPC17xx\Debug\libCMSISv1p30_LPC17xx.a(system_LPC17xx.o)
 .debug_line    0x00001088      0x402 C:\Users\student\Documents\f07\embedded-systems\Lib_EaBaseBoard\Debug\libLib_EaBaseBoard.a(acc.o)
 .debug_line    0x0000148a      0x2f5 C:\Users\student\Documents\f07\embedded-systems\Lib_EaBaseBoard\Debug\libLib_EaBaseBoard.a(joystick.o)
 .debug_line    0x0000177f      0x2f2 C:\Users\student\Documents\f07\embedded-systems\Lib_EaBaseBoard\Debug\libLib_EaBaseBoard.a(led7seg.o)
 .debug_line    0x00001a71      0x814 C:\Users\student\Documents\f07\embedded-systems\Lib_EaBaseBoard\Debug\libLib_EaBaseBoard.a(oled.o)
 .debug_line    0x00002285      0x507 C:\Users\student\Documents\f07\embedded-systems\Lib_EaBaseBoard\Debug\libLib_EaBaseBoard.a(pca9532.o)
 .debug_line    0x0000278c      0x2d1 C:\Users\student\Documents\f07\embedded-systems\Lib_EaBaseBoard\Debug\libLib_EaBaseBoard.a(rgb.o)
 .debug_line    0x00002a5d      0x318 C:\Users\student\Documents\f07\embedded-systems\Lib_EaBaseBoard\Debug\libLib_EaBaseBoard.a(rotary.o)
 .debug_line    0x00002d75      0x545 C:\Users\student\Documents\f07\embedded-systems\Lib_MCU\Debug\libLib_MCU.a(lpc17xx_adc.o)
 .debug_line    0x000032ba      0x3e7 C:\Users\student\Documents\f07\embedded-systems\Lib_MCU\Debug\libLib_MCU.a(lpc17xx_clkpwr.o)
 .debug_line    0x000036a1      0x725 C:\Users\student\Documents\f07\embedded-systems\Lib_MCU\Debug\libLib_MCU.a(lpc17xx_gpio.o)
 .debug_line    0x00003dc6      0xd19 C:\Users\student\Documents\f07\embedded-systems\Lib_MCU\Debug\libLib_MCU.a(lpc17xx_i2c.o)
 .debug_line    0x00004adf      0x365 C:\Users\student\Documents\f07\embedded-systems\Lib_MCU\Debug\libLib_MCU.a(lpc17xx_pinsel.o)
 .debug_line    0x00004e44      0x8ba C:\Users\student\Documents\f07\embedded-systems\Lib_MCU\Debug\libLib_MCU.a(lpc17xx_ssp.o)
 .debug_line    0x000056fe      0x848 C:\Users\student\Documents\f07\embedded-systems\Lib_MCU\Debug\libLib_MCU.a(lpc17xx_timer.o)

.debug_str      0x00000000    0x102dd
 .debug_str     0x00000000     0x3cc0 ./src/cr_startup_lpc17.o
                               0x3e2a (size before relaxing)
 .debug_str     0x00003cc0     0x773e ./src/main.o
                               0xb44d (size before relaxing)
 .debug_str     0x0000b3fe     0x1ae0 C:\Users\student\Documents\f07\embedded-systems\Lib_CMSISv1p30_LPC17xx\Debug\libCMSISv1p30_LPC17xx.a(system_LPC17xx.o)
                               0x8871 (size before relaxing)
 .debug_str     0x0000cede      0x505 C:\Users\student\Documents\f07\embedded-systems\Lib_EaBaseBoard\Debug\libLib_EaBaseBoard.a(acc.o)
                               0x93d9 (size before relaxing)
 .debug_str     0x0000d3e3       0x3a C:\Users\student\Documents\f07\embedded-systems\Lib_EaBaseBoard\Debug\libLib_EaBaseBoard.a(joystick.o)
                               0x88de (size before relaxing)
 .debug_str     0x0000d41d       0xe8 C:\Users\student\Documents\f07\embedded-systems\Lib_EaBaseBoard\Debug\libLib_EaBaseBoard.a(led7seg.o)
                               0x9973 (size before relaxing)
 .debug_str     0x0000d505      0x334 C:\Users\student\Documents\f07\embedded-systems\Lib_EaBaseBoard\Debug\libLib_EaBaseBoard.a(oled.o)
                               0xa4f4 (size before relaxing)
 .debug_str     0x0000d839      0x1a3 C:\Users\student\Documents\f07\embedded-systems\Lib_EaBaseBoard\Debug\libLib_EaBaseBoard.a(pca9532.o)
                               0x9376 (size before relaxing)
 .debug_str     0x0000d9dc       0x22 C:\Users\student\Documents\f07\embedded-systems\Lib_EaBaseBoard\Debug\libLib_EaBaseBoard.a(rgb.o)
                               0x888c (size before relaxing)
 .debug_str     0x0000d9fe       0x95 C:\Users\student\Documents\f07\embedded-systems\Lib_EaBaseBoard\Debug\libLib_EaBaseBoard.a(rotary.o)
                               0x8901 (size before relaxing)
 .debug_str     0x0000da93     0x1596 C:\Users\student\Documents\f07\embedded-systems\Lib_MCU\Debug\libLib_MCU.a(lpc17xx_adc.o)
                               0xa447 (size before relaxing)
 .debug_str     0x0000f029      0x119 C:\Users\student\Documents\f07\embedded-systems\Lib_MCU\Debug\libLib_MCU.a(lpc17xx_clkpwr.o)
                               0x9a65 (size before relaxing)
 .debug_str     0x0000f142      0x424 C:\Users\student\Documents\f07\embedded-systems\Lib_MCU\Debug\libLib_MCU.a(lpc17xx_gpio.o)
                               0x8ddf (size before relaxing)
 .debug_str     0x0000f566      0x550 C:\Users\student\Documents\f07\embedded-systems\Lib_MCU\Debug\libLib_MCU.a(lpc17xx_i2c.o)
                               0xadad (size before relaxing)
 .debug_str     0x0000fab6      0x202 C:\Users\student\Documents\f07\embedded-systems\Lib_MCU\Debug\libLib_MCU.a(lpc17xx_pinsel.o)
                               0x8d06 (size before relaxing)
 .debug_str     0x0000fcb8      0x1c5 C:\Users\student\Documents\f07\embedded-systems\Lib_MCU\Debug\libLib_MCU.a(lpc17xx_ssp.o)
                               0xac66 (size before relaxing)
 .debug_str     0x0000fe7d      0x460 C:\Users\student\Documents\f07\embedded-systems\Lib_MCU\Debug\libLib_MCU.a(lpc17xx_timer.o)
                               0xaa7f (size before relaxing)

.comment        0x00000000       0x4c
 .comment       0x00000000       0x4c ./src/cr_startup_lpc17.o
                                 0x4d (size before relaxing)
 .comment       0x0000004c       0x4d ./src/main.o
 .comment       0x0000004c       0x4d C:\Users\student\Documents\f07\embedded-systems\Lib_CMSISv1p30_LPC17xx\Debug\libCMSISv1p30_LPC17xx.a(system_LPC17xx.o)
 .comment       0x0000004c       0x4d C:\Users\student\Documents\f07\embedded-systems\Lib_EaBaseBoard\Debug\libLib_EaBaseBoard.a(acc.o)
 .comment       0x0000004c       0x4d C:\Users\student\Documents\f07\embedded-systems\Lib_EaBaseBoard\Debug\libLib_EaBaseBoard.a(joystick.o)
 .comment       0x0000004c       0x4d C:\Users\student\Documents\f07\embedded-systems\Lib_EaBaseBoard\Debug\libLib_EaBaseBoard.a(led7seg.o)
 .comment       0x0000004c       0x4d C:\Users\student\Documents\f07\embedded-systems\Lib_EaBaseBoard\Debug\libLib_EaBaseBoard.a(oled.o)
 .comment       0x0000004c       0x4d C:\Users\student\Documents\f07\embedded-systems\Lib_EaBaseBoard\Debug\libLib_EaBaseBoard.a(pca9532.o)
 .comment       0x0000004c       0x4d C:\Users\student\Documents\f07\embedded-systems\Lib_EaBaseBoard\Debug\libLib_EaBaseBoard.a(rgb.o)
 .comment       0x0000004c       0x4d C:\Users\student\Documents\f07\embedded-systems\Lib_EaBaseBoard\Debug\libLib_EaBaseBoard.a(rotary.o)
 .comment       0x0000004c       0x4d C:\Users\student\Documents\f07\embedded-systems\Lib_MCU\Debug\libLib_MCU.a(lpc17xx_adc.o)
 .comment       0x0000004c       0x4d C:\Users\student\Documents\f07\embedded-systems\Lib_MCU\Debug\libLib_MCU.a(lpc17xx_clkpwr.o)
 .comment       0x0000004c       0x4d C:\Users\student\Documents\f07\embedded-systems\Lib_MCU\Debug\libLib_MCU.a(lpc17xx_gpio.o)
 .comment       0x0000004c       0x4d C:\Users\student\Documents\f07\embedded-systems\Lib_MCU\Debug\libLib_MCU.a(lpc17xx_i2c.o)
 .comment       0x0000004c       0x4d C:\Users\student\Documents\f07\embedded-systems\Lib_MCU\Debug\libLib_MCU.a(lpc17xx_pinsel.o)
 .comment       0x0000004c       0x4d C:\Users\student\Documents\f07\embedded-systems\Lib_MCU\Debug\libLib_MCU.a(lpc17xx_ssp.o)
 .comment       0x0000004c       0x4d C:\Users\student\Documents\f07\embedded-systems\Lib_MCU\Debug\libLib_MCU.a(lpc17xx_timer.o)

.ARM.attributes
                0x00000000       0x2d
 .ARM.attributes
                0x00000000       0x2d ./src/cr_startup_lpc17.o
 .ARM.attributes
                0x0000002d       0x2d ./src/main.o
 .ARM.attributes
                0x0000005a       0x2d C:\Users\student\Documents\f07\embedded-systems\Lib_CMSISv1p30_LPC17xx\Debug\libCMSISv1p30_LPC17xx.a(system_LPC17xx.o)
 .ARM.attributes
                0x00000087       0x2d C:\Users\student\Documents\f07\embedded-systems\Lib_EaBaseBoard\Debug\libLib_EaBaseBoard.a(acc.o)
 .ARM.attributes
                0x000000b4       0x2d C:\Users\student\Documents\f07\embedded-systems\Lib_EaBaseBoard\Debug\libLib_EaBaseBoard.a(joystick.o)
 .ARM.attributes
                0x000000e1       0x2d C:\Users\student\Documents\f07\embedded-systems\Lib_EaBaseBoard\Debug\libLib_EaBaseBoard.a(led7seg.o)
 .ARM.attributes
                0x0000010e       0x2d C:\Users\student\Documents\f07\embedded-systems\Lib_EaBaseBoard\Debug\libLib_EaBaseBoard.a(oled.o)
 .ARM.attributes
                0x0000013b       0x2d C:\Users\student\Documents\f07\embedded-systems\Lib_EaBaseBoard\Debug\libLib_EaBaseBoard.a(pca9532.o)
 .ARM.attributes
                0x00000168       0x2d C:\Users\student\Documents\f07\embedded-systems\Lib_EaBaseBoard\Debug\libLib_EaBaseBoard.a(rgb.o)
 .ARM.attributes
                0x00000195       0x2d C:\Users\student\Documents\f07\embedded-systems\Lib_EaBaseBoard\Debug\libLib_EaBaseBoard.a(rotary.o)
 .ARM.attributes
                0x000001c2       0x2d C:\Users\student\Documents\f07\embedded-systems\Lib_MCU\Debug\libLib_MCU.a(lpc17xx_adc.o)
 .ARM.attributes
                0x000001ef       0x2d C:\Users\student\Documents\f07\embedded-systems\Lib_MCU\Debug\libLib_MCU.a(lpc17xx_clkpwr.o)
 .ARM.attributes
                0x0000021c       0x2d C:\Users\student\Documents\f07\embedded-systems\Lib_MCU\Debug\libLib_MCU.a(lpc17xx_gpio.o)
 .ARM.attributes
                0x00000249       0x2d C:\Users\student\Documents\f07\embedded-systems\Lib_MCU\Debug\libLib_MCU.a(lpc17xx_i2c.o)
 .ARM.attributes
                0x00000276       0x2d C:\Users\student\Documents\f07\embedded-systems\Lib_MCU\Debug\libLib_MCU.a(lpc17xx_pinsel.o)
 .ARM.attributes
                0x000002a3       0x2d C:\Users\student\Documents\f07\embedded-systems\Lib_MCU\Debug\libLib_MCU.a(lpc17xx_ssp.o)
 .ARM.attributes
                0x000002d0       0x2d C:\Users\student\Documents\f07\embedded-systems\Lib_MCU\Debug\libLib_MCU.a(lpc17xx_timer.o)
 .ARM.attributes
                0x000002fd       0x1d c:/nxp/mcuxpressoide_11.3.1_5262/ide/plugins/com.nxp.mcuxpresso.tools.win32_11.3.0.202008311133/tools/bin/../lib/gcc/arm-none-eabi/9.3.1/thumb/v7-m/nofp\libgcc.a(_aeabi_uldivmod.o)
 .ARM.attributes
                0x0000031a       0x2d c:/nxp/mcuxpressoide_11.3.1_5262/ide/plugins/com.nxp.mcuxpresso.tools.win32_11.3.0.202008311133/tools/bin/../lib/gcc/arm-none-eabi/9.3.1/thumb/v7-m/nofp\libgcc.a(_udivmoddi4.o)
 .ARM.attributes
                0x00000347       0x1d c:/nxp/mcuxpressoide_11.3.1_5262/ide/plugins/com.nxp.mcuxpresso.tools.win32_11.3.0.202008311133/tools/bin/../lib/gcc/arm-none-eabi/9.3.1/thumb/v7-m/nofp\libgcc.a(_dvmd_tls.o)
 .ARM.attributes
                0x00000364       0x2d c:/nxp/mcuxpressoide_11.3.1_5262/ide/plugins/com.nxp.mcuxpresso.tools.win32_11.3.0.202008311133/tools/bin/../lib/gcc/arm-none-eabi/9.3.1/../../../../arm-none-eabi/lib/thumb/v7-m/nofp\libc.a(lib_a-memset.o)

.debug_frame    0x00000000     0x1bcc
 .debug_frame   0x00000000      0x120 ./src/cr_startup_lpc17.o
 .debug_frame   0x00000120      0x208 ./src/main.o
 .debug_frame   0x00000328       0x50 C:\Users\student\Documents\f07\embedded-systems\Lib_CMSISv1p30_LPC17xx\Debug\libCMSISv1p30_LPC17xx.a(system_LPC17xx.o)
 .debug_frame   0x00000378      0x14c C:\Users\student\Documents\f07\embedded-systems\Lib_EaBaseBoard\Debug\libLib_EaBaseBoard.a(acc.o)
 .debug_frame   0x000004c4       0x50 C:\Users\student\Documents\f07\embedded-systems\Lib_EaBaseBoard\Debug\libLib_EaBaseBoard.a(joystick.o)
 .debug_frame   0x00000514       0x50 C:\Users\student\Documents\f07\embedded-systems\Lib_EaBaseBoard\Debug\libLib_EaBaseBoard.a(led7seg.o)
 .debug_frame   0x00000564      0x244 C:\Users\student\Documents\f07\embedded-systems\Lib_EaBaseBoard\Debug\libLib_EaBaseBoard.a(oled.o)
 .debug_frame   0x000007a8      0x1e4 C:\Users\student\Documents\f07\embedded-systems\Lib_EaBaseBoard\Debug\libLib_EaBaseBoard.a(pca9532.o)
 .debug_frame   0x0000098c       0x50 C:\Users\student\Documents\f07\embedded-systems\Lib_EaBaseBoard\Debug\libLib_EaBaseBoard.a(rgb.o)
 .debug_frame   0x000009dc       0x50 C:\Users\student\Documents\f07\embedded-systems\Lib_EaBaseBoard\Debug\libLib_EaBaseBoard.a(rotary.o)
 .debug_frame   0x00000a2c      0x1e8 C:\Users\student\Documents\f07\embedded-systems\Lib_MCU\Debug\libLib_MCU.a(lpc17xx_adc.o)
 .debug_frame   0x00000c14      0x13c C:\Users\student\Documents\f07\embedded-systems\Lib_MCU\Debug\libLib_MCU.a(lpc17xx_clkpwr.o)
 .debug_frame   0x00000d50      0x428 C:\Users\student\Documents\f07\embedded-systems\Lib_MCU\Debug\libLib_MCU.a(lpc17xx_gpio.o)
 .debug_frame   0x00001178      0x37c C:\Users\student\Documents\f07\embedded-systems\Lib_MCU\Debug\libLib_MCU.a(lpc17xx_i2c.o)
 .debug_frame   0x000014f4       0xfc C:\Users\student\Documents\f07\embedded-systems\Lib_MCU\Debug\libLib_MCU.a(lpc17xx_pinsel.o)
 .debug_frame   0x000015f0      0x2a0 C:\Users\student\Documents\f07\embedded-systems\Lib_MCU\Debug\libLib_MCU.a(lpc17xx_ssp.o)
 .debug_frame   0x00001890      0x2a4 C:\Users\student\Documents\f07\embedded-systems\Lib_MCU\Debug\libLib_MCU.a(lpc17xx_timer.o)
 .debug_frame   0x00001b34       0x2c c:/nxp/mcuxpressoide_11.3.1_5262/ide/plugins/com.nxp.mcuxpresso.tools.win32_11.3.0.202008311133/tools/bin/../lib/gcc/arm-none-eabi/9.3.1/thumb/v7-m/nofp\libgcc.a(_aeabi_uldivmod.o)
 .debug_frame   0x00001b60       0x34 c:/nxp/mcuxpressoide_11.3.1_5262/ide/plugins/com.nxp.mcuxpresso.tools.win32_11.3.0.202008311133/tools/bin/../lib/gcc/arm-none-eabi/9.3.1/thumb/v7-m/nofp\libgcc.a(_udivmoddi4.o)
 .debug_frame   0x00001b94       0x38 c:/nxp/mcuxpressoide_11.3.1_5262/ide/plugins/com.nxp.mcuxpresso.tools.win32_11.3.0.202008311133/tools/bin/../lib/gcc/arm-none-eabi/9.3.1/../../../../arm-none-eabi/lib/thumb/v7-m/nofp\libc.a(lib_a-memset.o)
