Archive member included to satisfy reference by file (symbol)

C:\Users\student\Documents\f07\embedded-systems\Lib_CMSISv1p30_LPC17xx\Debug\libCMSISv1p30_LPC17xx.a(system_LPC17xx.o)
                              ./src/main.o (SystemCoreClock)
C:\Users\student\Documents\f07\embedded-systems\Lib_EaBaseBoard\Debug\libLib_EaBaseBoard.a(acc.o)
                              ./src/main.o (acc_init)
C:\Users\student\Documents\f07\embedded-systems\Lib_EaBaseBoard\Debug\libLib_EaBaseBoard.a(joystick.o)
                              ./src/main.o (joystick_init)
C:\Users\student\Documents\f07\embedded-systems\Lib_EaBaseBoard\Debug\libLib_EaBaseBoard.a(light.o)
                              ./src/main.o (light_enable)
C:\Users\student\Documents\f07\embedded-systems\Lib_EaBaseBoard\Debug\libLib_EaBaseBoard.a(oled.o)
                              ./src/main.o (oled_init)
C:\Users\student\Documents\f07\embedded-systems\Lib_EaBaseBoard\Debug\libLib_EaBaseBoard.a(temp.o)
                              ./src/main.o (temp_init)
C:\Users\student\Documents\f07\embedded-systems\Lib_EaBaseBoard\Debug\libLib_EaBaseBoard.a(font5x7.o)
                              C:\Users\student\Documents\f07\embedded-systems\Lib_EaBaseBoard\Debug\libLib_EaBaseBoard.a(oled.o) (font5x7)
C:\Users\student\Documents\f07\embedded-systems\Lib_MCU\Debug\libLib_MCU.a(lpc17xx_adc.o)
                              ./src/main.o (ADC_Init)
C:\Users\student\Documents\f07\embedded-systems\Lib_MCU\Debug\libLib_MCU.a(lpc17xx_clkpwr.o)
                              C:\Users\student\Documents\f07\embedded-systems\Lib_MCU\Debug\libLib_MCU.a(lpc17xx_adc.o) (CLKPWR_GetPCLK)
C:\Users\student\Documents\f07\embedded-systems\Lib_MCU\Debug\libLib_MCU.a(lpc17xx_dac.o)
                              ./src/main.o (DAC_Init)
C:\Users\student\Documents\f07\embedded-systems\Lib_MCU\Debug\libLib_MCU.a(lpc17xx_gpio.o)
                              ./src/main.o (GPIO_SetDir)
C:\Users\student\Documents\f07\embedded-systems\Lib_MCU\Debug\libLib_MCU.a(lpc17xx_i2c.o)
                              ./src/main.o (I2C_Init)
C:\Users\student\Documents\f07\embedded-systems\Lib_MCU\Debug\libLib_MCU.a(lpc17xx_libcfg_default.o)
                              C:\Users\student\Documents\f07\embedded-systems\Lib_MCU\Debug\libLib_MCU.a(lpc17xx_adc.o) (check_failed)
C:\Users\student\Documents\f07\embedded-systems\Lib_MCU\Debug\libLib_MCU.a(lpc17xx_pinsel.o)
                              ./src/main.o (PINSEL_ConfigPin)
C:\Users\student\Documents\f07\embedded-systems\Lib_MCU\Debug\libLib_MCU.a(lpc17xx_ssp.o)
                              ./src/main.o (SSP_Init)
C:\Users\student\Documents\f07\embedded-systems\Lib_MCU\Debug\libLib_MCU.a(lpc17xx_timer.o)
                              ./src/main.o (Timer0_Wait)
C:\Users\student\Documents\f07\embedded-systems\Lib_MCU\Debug\libLib_MCU.a(lpc17xx_uart.o)
                              ./src/main.o (UART_Init)
c:/nxp/mcuxpressoide_11.3.1_5262/ide/plugins/com.nxp.mcuxpresso.tools.win32_11.3.0.202008311133/tools/bin/../lib/gcc/arm-none-eabi/9.3.1/thumb/v7-m/nofp\libgcc.a(_aeabi_uldivmod.o)
                              C:\Users\student\Documents\f07\embedded-systems\Lib_CMSISv1p30_LPC17xx\Debug\libCMSISv1p30_LPC17xx.a(system_LPC17xx.o) (__aeabi_uldivmod)
c:/nxp/mcuxpressoide_11.3.1_5262/ide/plugins/com.nxp.mcuxpresso.tools.win32_11.3.0.202008311133/tools/bin/../lib/gcc/arm-none-eabi/9.3.1/thumb/v7-m/nofp\libgcc.a(_udivmoddi4.o)
                              c:/nxp/mcuxpressoide_11.3.1_5262/ide/plugins/com.nxp.mcuxpresso.tools.win32_11.3.0.202008311133/tools/bin/../lib/gcc/arm-none-eabi/9.3.1/thumb/v7-m/nofp\libgcc.a(_aeabi_uldivmod.o) (__udivmoddi4)
c:/nxp/mcuxpressoide_11.3.1_5262/ide/plugins/com.nxp.mcuxpresso.tools.win32_11.3.0.202008311133/tools/bin/../lib/gcc/arm-none-eabi/9.3.1/thumb/v7-m/nofp\libgcc.a(_dvmd_tls.o)
                              c:/nxp/mcuxpressoide_11.3.1_5262/ide/plugins/com.nxp.mcuxpresso.tools.win32_11.3.0.202008311133/tools/bin/../lib/gcc/arm-none-eabi/9.3.1/thumb/v7-m/nofp\libgcc.a(_aeabi_uldivmod.o) (__aeabi_ldiv0)
c:/nxp/mcuxpressoide_11.3.1_5262/ide/plugins/com.nxp.mcuxpresso.tools.win32_11.3.0.202008311133/tools/bin/../lib/gcc/arm-none-eabi/9.3.1/../../../../arm-none-eabi/lib/thumb/v7-m/nofp\libc.a(lib_a-memset.o)
                              C:\Users\student\Documents\f07\embedded-systems\Lib_EaBaseBoard\Debug\libLib_EaBaseBoard.a(oled.o) (memset)
c:/nxp/mcuxpressoide_11.3.1_5262/ide/plugins/com.nxp.mcuxpresso.tools.win32_11.3.0.202008311133/tools/bin/../lib/gcc/arm-none-eabi/9.3.1/../../../../arm-none-eabi/lib/thumb/v7-m/nofp\libc.a(lib_a-sprintf.o)
                              ./src/main.o (sprintf)
c:/nxp/mcuxpressoide_11.3.1_5262/ide/plugins/com.nxp.mcuxpresso.tools.win32_11.3.0.202008311133/tools/bin/../lib/gcc/arm-none-eabi/9.3.1/../../../../arm-none-eabi/lib/thumb/v7-m/nofp\libc.a(lib_a-strlen-stub.o)
[...]
Memory Configuration

Name             Origin             Length             Attributes
MFlash512        0x00000000         0x00080000         xr
RamLoc32         0x10000000         0x00008000         xrw
RamAHB32         0x2007c000         0x00008000         xrw
*default*        0x00000000         0xffffffff

Linker script and memory map

LOAD ./src/cr_startup_lpc17.o
LOAD ./src/main.o
LOAD ./src/startupSound_8k.o
LOAD C:\Users\student\Documents\f07\embedded-systems\Lib_CMSISv1p30_LPC17xx\Debug\libCMSISv1p30_LPC17xx.a
LOAD C:\Users\student\Documents\f07\embedded-systems\Lib_EaBaseBoard\Debug\libLib_EaBaseBoard.a
LOAD C:\Users\student\Documents\f07\embedded-systems\Lib_MCU\Debug\libLib_MCU.a
START GROUP
LOAD c:/nxp/mcuxpressoide_11.3.1_5262/ide/plugins/com.nxp.mcuxpresso.tools.win32_11.3.0.202008311133/tools/bin/../lib/gcc/arm-none-eabi/9.3.1/thumb/v7-m/nofp\libgcc.a
LOAD c:/nxp/mcuxpressoide_11.3.1_5262/ide/plugins/com.nxp.mcuxpresso.tools.win32_11.3.0.202008311133/tools/bin/../lib/gcc/arm-none-eabi/9.3.1/../../../../arm-none-eabi/lib/thumb/v7-m/nofp\libc.a
LOAD c:/nxp/mcuxpressoide_11.3.1_5262/ide/plugins/com.nxp.mcuxpresso.tools.win32_11.3.0.202008311133/tools/bin/../lib/gcc/arm-none-eabi/9.3.1/../../../../arm-none-eabi/lib/thumb/v7-m/nofp\libm.a
LOAD c:/nxp/mcuxpressoide_11.3.1_5262/ide/plugins/com.nxp.mcuxpresso.tools.win32_11.3.0.202008311133/tools/bin/../lib/gcc/arm-none-eabi/9.3.1/../../../../arm-none-eabi/lib/thumb/v7-m/nofp\libcr_newlib_semihost.a
END GROUP
                0x00000000                __base_MFlash512 = 0x0
                0x00000000                __base_Flash = 0x0
                0x00080000                __top_MFlash512 = 0x80000
                0x00080000                __top_Flash = 0x80000
                0x10000000                __base_RamLoc32 = 0x10000000
                0x10000000                __base_RAM = 0x10000000
                0x10008000                __top_RamLoc32 = 0x10008000
                0x10008000                __top_RAM = 0x10008000
                0x2007c000                __base_RamAHB32 = 0x2007c000
                0x2007c000                __base_RAM2 = 0x2007c000
                0x20084000                __top_RamAHB32 = 0x20084000
                0x20084000                __top_RAM2 = 0x20084000

.text           0x00000000    0x118ec
 FILL mask 0xff
                0x00000000                __vectors_start__ = ABSOLUTE (.)
 *(.isr_vector)
 .isr_vector    0x00000000       0xcc ./src/cr_startup_lpc17.o
                0x00000000                g_pfnVectors
                0x000000cc                . = ALIGN (0x4)
                0x000000cc                __section_table_start = .
                0x000000cc                __data_section_table = .
                0x000000cc        0x4 LONG 0x118f4 LOADADDR (.data)
                0x000000d0        0x4 LONG 0x10000000 ADDR (.data)
                0x000000d4        0x4 LONG 0x9bc SIZEOF (.data)
                0x000000d8        0x4 LONG 0x118f4 LOADADDR (.data_RAM2)
                0x000000dc        0x4 LONG 0x2007c000 ADDR (.data_RAM2)
                0x000000e0        0x4 LONG 0x0 SIZEOF (.data_RAM2)
                0x000000e4                __data_section_table_end = .
                0x000000e4                __bss_section_table = .
                0x000000e4        0x4 LONG 0x100009bc ADDR (.bss)
                0x000000e8        0x4 LONG 0x3e4 SIZEOF (.bss)
                0x000000ec        0x4 LONG 0x2007c000 ADDR (.bss_RAM2)
                0x000000f0        0x4 LONG 0x0 SIZEOF (.bss_RAM2)
                0x000000f4                __bss_section_table_end = .
                0x000000f4                __section_table_end = .
 *(.after_vectors*)
 *(.text*)
 .text.ResetISR
                0x000000f4       0x58 ./src/cr_startup_lpc17.o
                0x000000f4                ResetISR
 .text.NMI_Handler
                0x0000014c        0x6 ./src/cr_startup_lpc17.o
                0x0000014c                NMI_Handler
 .text.HardFault_Handler
                0x00000152        0x6 ./src/cr_startup_lpc17.o
                0x00000152                HardFault_Handler
 .text.MemManage_Handler
                0x00000158        0x6 ./src/cr_startup_lpc17.o
                0x00000158                MemManage_Handler
 .text.BusFault_Handler
                0x0000015e        0x6 ./src/cr_startup_lpc17.o
                0x0000015e                BusFault_Handler
 .text.UsageFault_Handler
                0x00000164        0x6 ./src/cr_startup_lpc17.o
                0x00000164                UsageFault_Handler
 .text.SVCall_Handler
                0x0000016a        0x6 ./src/cr_startup_lpc17.o
                0x0000016a                SVCall_Handler
 .text.DebugMon_Handler
                0x00000170        0x6 ./src/cr_startup_lpc17.o
                0x00000170                DebugMon_Handler
 .text.PendSV_Handler
                0x00000176        0x6 ./src/cr_startup_lpc17.o
                0x00000176                PendSV_Handler
 .text.IntDefaultHandler
                0x0000017c        0x6 ./src/cr_startup_lpc17.o
                0x0000017c                TIMER2_IRQHandler
                0x0000017c                RIT_IRQHandler
                0x0000017c                I2C0_IRQHandler
                0x0000017c                USBActivity_IRQHandler
                0x0000017c                PWM1_IRQHandler
                0x0000017c                I2C1_IRQHandler
                0x0000017c                EINT2_IRQHandler
                0x0000017c                UART1_IRQHandler
                0x0000017c                EINT3_IRQHandler
                0x0000017c                CANActivity_IRQHandler
                0x0000017c                TIMER3_IRQHandler
                0x0000017c                UART0_IRQHandler
                0x0000017c                IntDefaultHandler
                0x0000017c                PLL0_IRQHandler
                0x0000017c                CAN_IRQHandler
                0x0000017c                PLL1_IRQHandler
                0x0000017c                SSP0_IRQHandler
                0x0000017c                I2S_IRQHandler
                0x0000017c                I2C2_IRQHandler
                0x0000017c                RTC_IRQHandler
                0x0000017c                TIMER0_IRQHandler
                0x0000017c                SPI_IRQHandler
                0x0000017c                EINT1_IRQHandler
                0x0000017c                TIMER1_IRQHandler
                0x0000017c                UART2_IRQHandler
                0x0000017c                ADC_IRQHandler
                0x0000017c                SSP1_IRQHandler
                0x0000017c                USB_IRQHandler
                0x0000017c                BOD_IRQHandler
                0x0000017c                WDT_IRQHandler
                0x0000017c                QEI_IRQHandler
                0x0000017c                EINT0_IRQHandler
                0x0000017c                DMA_IRQHandler
                0x0000017c                UART3_IRQHandler
                0x0000017c                MCPWM_IRQHandler
                0x0000017c                ENET_IRQHandler
 *fill*         0x00000182        0x2 ff
 .text.NVIC_SetPriority
                0x00000184       0x54 ./src/main.o
 .text.SysTick_Config
                0x000001d8       0x44 ./src/main.o
 .text.SysTick_Handler
                0x0000021c       0x1c ./src/main.o
                0x0000021c                SysTick_Handler
 .text.getTicks
                0x00000238       0x14 ./src/main.o
 .text.init_ssp
                0x0000024c       0x78 ./src/main.o
 .text.init_i2c
                0x000002c4       0x48 ./src/main.o
 .text.init_adc
                0x0000030c       0x50 ./src/main.o
 .text.init_uart
                0x0000035c       0x5c ./src/main.o
                0x0000035c                init_uart
 .text.playSound
                0x000003b8       0x84 ./src/main.o
                0x000003b8                playSound
 .text.main     0x0000043c       0xdc ./src/main.o
                0x0000043c                main
 .text.engine_init
                0x00000518       0x80 ./src/main.o
                0x00000518                engine_init
 .text.init_sensors_and_oled
                0x00000598       0x30 ./src/main.o
                0x00000598                init_sensors_and_oled
 .text.display_sensor_value
                0x000005c8      0x168 ./src/main.o
                0x000005c8                display_sensor_value
 .text.SystemInit
                0x00000730      0x140 C:\Users\student\Documents\f07\embedded-systems\Lib_CMSISv1p30_LPC17xx\Debug\libCMSISv1p30_LPC17xx.a(system_LPC17xx.o)
                0x00000730                SystemInit
 .text.I2CRead  0x00000870       0x50 C:\Users\student\Documents\f07\embedded-systems\Lib_EaBaseBoard\Debug\libLib_EaBaseBoard.a(acc.o)
 .text.I2CWrite
                0x000008c0       0x50 C:\Users\student\Documents\f07\embedded-systems\Lib_EaBaseBoard\Debug\libLib_EaBaseBoard.a(acc.o)
 .text.getStatus
                0x00000910       0x2c C:\Users\student\Documents\f07\embedded-systems\Lib_EaBaseBoard\Debug\libLib_EaBaseBoard.a(acc.o)
 .text.setModeControl
                0x0000093c       0x28 C:\Users\student\Documents\f07\embedded-systems\Lib_EaBaseBoard\Debug\libLib_EaBaseBoard.a(acc.o)
 .text.acc_init
                0x00000964        0xe C:\Users\student\Documents\f07\embedded-systems\Lib_EaBaseBoard\Debug\libLib_EaBaseBoard.a(acc.o)
                0x00000964                acc_init
 .text.acc_read
                0x00000972       0x9c C:\Users\student\Documents\f07\embedded-systems\Lib_EaBaseBoard\Debug\libLib_EaBaseBoard.a(acc.o)
                0x00000972                acc_read
 .text.joystick_init
                0x00000a0e       0x1e C:\Users\student\Documents\f07\embedded-systems\Lib_EaBaseBoard\Debug\libLib_EaBaseBoard.a(joystick.o)
                0x00000a0e                joystick_init
 .text.joystick_read
                0x00000a2c       0x86 C:\Users\student\Documents\f07\embedded-systems\Lib_EaBaseBoard\Debug\libLib_EaBaseBoard.a(joystick.o)
                0x00000a2c                joystick_read
 *fill*         0x00000ab2        0x2 ff
 .text.I2CRead  0x00000ab4       0x50 C:\Users\student\Documents\f07\embedded-systems\Lib_EaBaseBoard\Debug\libLib_EaBaseBoard.a(light.o)
 .text.I2CWrite
                0x00000b04       0x50 C:\Users\student\Documents\f07\embedded-systems\Lib_EaBaseBoard\Debug\libLib_EaBaseBoard.a(light.o)
 .text.readControlReg
                0x00000b54       0x2c C:\Users\student\Documents\f07\embedded-systems\Lib_EaBaseBoard\Debug\libLib_EaBaseBoard.a(light.o)
 .text.light_enable
                0x00000b80       0x3c C:\Users\student\Documents\f07\embedded-systems\Lib_EaBaseBoard\Debug\libLib_EaBaseBoard.a(light.o)
                0x00000b80                light_enable
 .text.light_read
                0x00000bbc       0x74 C:\Users\student\Documents\f07\embedded-systems\Lib_EaBaseBoard\Debug\libLib_EaBaseBoard.a(light.o)
                0x00000bbc                light_read
 .text.light_setRange
                0x00000c30       0x90 C:\Users\student\Documents\f07\embedded-systems\Lib_EaBaseBoard\Debug\libLib_EaBaseBoard.a(light.o)
                0x00000c30                light_setRange
 .text.writeCommand
                0x00000cc0       0x48 C:\Users\student\Documents\f07\embedded-systems\Lib_EaBaseBoard\Debug\libLib_EaBaseBoard.a(oled.o)
 .text.writeData
                0x00000d08       0x48 C:\Users\student\Documents\f07\embedded-systems\Lib_EaBaseBoard\Debug\libLib_EaBaseBoard.a(oled.o)
 .text.writeDataLen
                0x00000d50       0x78 C:\Users\student\Documents\f07\embedded-systems\Lib_EaBaseBoard\Debug\libLib_EaBaseBoard.a(oled.o)
 .text.runInitSequence
                0x00000dc8       0xd4 C:\Users\student\Documents\f07\embedded-systems\Lib_EaBaseBoard\Debug\libLib_EaBaseBoard.a(oled.o)
 .text.oled_init
                0x00000e9c       0x74 C:\Users\student\Documents\f07\embedded-systems\Lib_EaBaseBoard\Debug\libLib_EaBaseBoard.a(oled.o)
                0x00000e9c                oled_init
 .text.oled_putPixel
                0x00000f10      0x150 C:\Users\student\Documents\f07\embedded-systems\Lib_EaBaseBoard\Debug\libLib_EaBaseBoard.a(oled.o)
                0x00000f10                oled_putPixel
 .text.oled_clearScreen
                0x00001060       0x64 C:\Users\student\Documents\f07\embedded-systems\Lib_EaBaseBoard\Debug\libLib_EaBaseBoard.a(oled.o)
                0x00001060                oled_clearScreen
 .text.oled_putChar
                0x000010c4       0xd8 C:\Users\student\Documents\f07\embedded-systems\Lib_EaBaseBoard\Debug\libLib_EaBaseBoard.a(oled.o)
                0x000010c4                oled_putChar
 .text.oled_putString
                0x0000119c       0x52 C:\Users\student\Documents\f07\embedded-systems\Lib_EaBaseBoard\Debug\libLib_EaBaseBoard.a(oled.o)
                0x0000119c                oled_putString
 *fill*         0x000011ee        0x2 ff
 .text.temp_init
                0x000011f0       0x24 C:\Users\student\Documents\f07\embedded-systems\Lib_EaBaseBoard\Debug\libLib_EaBaseBoard.a(temp.o)
                0x000011f0                temp_init
 .text.temp_read
                0x00001214       0xf0 C:\Users\student\Documents\f07\embedded-systems\Lib_EaBaseBoard\Debug\libLib_EaBaseBoard.a(temp.o)
                0x00001214                temp_read
 .text.ADC_Init
                0x00001304       0x90 C:\Users\student\Documents\f07\embedded-systems\Lib_MCU\Debug\libLib_MCU.a(lpc17xx_adc.o)
                0x00001304                ADC_Init
 .text.ADC_IntConfig
                0x00001394       0x9c C:\Users\student\Documents\f07\embedded-systems\Lib_MCU\Debug\libLib_MCU.a(lpc17xx_adc.o)
                0x00001394                ADC_IntConfig
 .text.ADC_ChannelCmd
                0x00001430       0x60 C:\Users\student\Documents\f07\embedded-systems\Lib_MCU\Debug\libLib_MCU.a(lpc17xx_adc.o)
                0x00001430                ADC_ChannelCmd
 .text.CLKPWR_SetPCLKDiv
                0x00001490       0x90 C:\Users\student\Documents\f07\embedded-systems\Lib_MCU\Debug\libLib_MCU.a(lpc17xx_clkpwr.o)
                0x00001490                CLKPWR_SetPCLKDiv
 .text.CLKPWR_GetPCLKSEL
                0x00001520       0x48 C:\Users\student\Documents\f07\embedded-systems\Lib_MCU\Debug\libLib_MCU.a(lpc17xx_clkpwr.o)
                0x00001520                CLKPWR_GetPCLKSEL
 .text.CLKPWR_GetPCLK
                0x00001568       0x64 C:\Users\student\Documents\f07\embedded-systems\Lib_MCU\Debug\libLib_MCU.a(lpc17xx_clkpwr.o)
                0x00001568                CLKPWR_GetPCLK
 .text.CLKPWR_ConfigPPWR
                0x000015cc       0x58 C:\Users\student\Documents\f07\embedded-systems\Lib_MCU\Debug\libLib_MCU.a(lpc17xx_clkpwr.o)
                0x000015cc                CLKPWR_ConfigPPWR
 .text.DAC_Init
                0x00001624       0x30 C:\Users\student\Documents\f07\embedded-systems\Lib_MCU\Debug\libLib_MCU.a(lpc17xx_dac.o)
                0x00001624                DAC_Init
 .text.DAC_UpdateValue
                0x00001654       0x48 C:\Users\student\Documents\f07\embedded-systems\Lib_MCU\Debug\libLib_MCU.a(lpc17xx_dac.o)
                0x00001654                DAC_UpdateValue
 .text.DAC_SetBias
                0x0000169c       0x48 C:\Users\student\Documents\f07\embedded-systems\Lib_MCU\Debug\libLib_MCU.a(lpc17xx_dac.o)
                0x0000169c                DAC_SetBias
 .text.GPIO_GetPointer
                0x000016e4       0x70 C:\Users\student\Documents\f07\embedded-systems\Lib_MCU\Debug\libLib_MCU.a(lpc17xx_gpio.o)
 .text.GPIO_SetDir
                0x00001754       0x4a C:\Users\student\Documents\f07\embedded-systems\Lib_MCU\Debug\libLib_MCU.a(lpc17xx_gpio.o)
                0x00001754                GPIO_SetDir
 .text.GPIO_SetValue
                0x0000179e       0x2a C:\Users\student\Documents\f07\embedded-systems\Lib_MCU\Debug\libLib_MCU.a(lpc17xx_gpio.o)
                0x0000179e                GPIO_SetValue
 .text.GPIO_ClearValue
                0x000017c8       0x2a C:\Users\student\Documents\f07\embedded-systems\Lib_MCU\Debug\libLib_MCU.a(lpc17xx_gpio.o)
                0x000017c8                GPIO_ClearValue
 .text.GPIO_ReadValue
                0x000017f2       0x2a C:\Users\student\Documents\f07\embedded-systems\Lib_MCU\Debug\libLib_MCU.a(lpc17xx_gpio.o)
                0x000017f2                GPIO_ReadValue
 .text.NVIC_EnableIRQ
                0x0000181c       0x30 C:\Users\student\Documents\f07\embedded-systems\Lib_MCU\Debug\libLib_MCU.a(lpc17xx_i2c.o)
 .text.NVIC_DisableIRQ
                0x0000184c       0x34 C:\Users\student\Documents\f07\embedded-systems\Lib_MCU\Debug\libLib_MCU.a(lpc17xx_i2c.o)
 .text.I2C_getNum
                0x00001880       0x48 C:\Users\student\Documents\f07\embedded-systems\Lib_MCU\Debug\libLib_MCU.a(lpc17xx_i2c.o)
 .text.I2C_Start
                0x000018c8       0x3a C:\Users\student\Documents\f07\embedded-systems\Lib_MCU\Debug\libLib_MCU.a(lpc17xx_i2c.o)
 .text.I2C_Stop
                0x00001902       0x30 C:\Users\student\Documents\f07\embedded-systems\Lib_MCU\Debug\libLib_MCU.a(lpc17xx_i2c.o)
 .text.I2C_SendByte
                0x00001932       0x4a C:\Users\student\Documents\f07\embedded-systems\Lib_MCU\Debug\libLib_MCU.a(lpc17xx_i2c.o)
 .text.I2C_GetByte
                0x0000197c       0x52 C:\Users\student\Documents\f07\embedded-systems\Lib_MCU\Debug\libLib_MCU.a(lpc17xx_i2c.o)
 *fill*         0x000019ce        0x2 ff
 .text.I2C_SetClock
                0x000019d0       0xa4 C:\Users\student\Documents\f07\embedded-systems\Lib_MCU\Debug\libLib_MCU.a(lpc17xx_i2c.o)
 .text.I2C_Init
                0x00001a74       0xa4 C:\Users\student\Documents\f07\embedded-systems\Lib_MCU\Debug\libLib_MCU.a(lpc17xx_i2c.o)
                0x00001a74                I2C_Init
 .text.I2C_Cmd  0x00001b18       0x70 C:\Users\student\Documents\f07\embedded-systems\Lib_MCU\Debug\libLib_MCU.a(lpc17xx_i2c.o)
                0x00001b18                I2C_Cmd
 .text.I2C_IntCmd
                0x00001b88       0x88 C:\Users\student\Documents\f07\embedded-systems\Lib_MCU\Debug\libLib_MCU.a(lpc17xx_i2c.o)
                0x00001b88                I2C_IntCmd
 .text.I2C_MasterTransferData
                0x00001c10      0x2cc C:\Users\student\Documents\f07\embedded-systems\Lib_MCU\Debug\libLib_MCU.a(lpc17xx_i2c.o)
                0x00001c10                I2C_MasterTransferData
 .text.check_failed
                0x00001edc        0xc C:\Users\student\Documents\f07\embedded-systems\Lib_MCU\Debug\libLib_MCU.a(lpc17xx_libcfg_default.o)
                0x00001edc                check_failed
 .text.set_PinFunc
                0x00001ee8       0x80 C:\Users\student\Documents\f07\embedded-systems\Lib_MCU\Debug\libLib_MCU.a(lpc17xx_pinsel.o)
 .text.set_ResistorMode
                0x00001f68       0x80 C:\Users\student\Documents\f07\embedded-systems\Lib_MCU\Debug\libLib_MCU.a(lpc17xx_pinsel.o)
 .text.set_OpenDrainMode
                0x00001fe8       0x68 C:\Users\student\Documents\f07\embedded-systems\Lib_MCU\Debug\libLib_MCU.a(lpc17xx_pinsel.o)
 .text.PINSEL_ConfigPin
                0x00002050       0x46 C:\Users\student\Documents\f07\embedded-systems\Lib_MCU\Debug\libLib_MCU.a(lpc17xx_pinsel.o)
                0x00002050                PINSEL_ConfigPin
 *fill*         0x00002096        0x2 ff
 .text.setSSPclock
                0x00002098       0xc4 C:\Users\student\Documents\f07\embedded-systems\Lib_MCU\Debug\libLib_MCU.a(lpc17xx_ssp.o)
 .text.SSP_Init
                0x0000215c       0x9c C:\Users\student\Documents\f07\embedded-systems\Lib_MCU\Debug\libLib_MCU.a(lpc17xx_ssp.o)
                0x0000215c                SSP_Init
 .text.SSP_GetDataSize
                0x000021f8       0x40 C:\Users\student\Documents\f07\embedded-systems\Lib_MCU\Debug\libLib_MCU.a(lpc17xx_ssp.o)
                0x000021f8                SSP_GetDataSize
 .text.SSP_ConfigStructInit
                0x00002238       0x3c C:\Users\student\Documents\f07\embedded-systems\Lib_MCU\Debug\libLib_MCU.a(lpc17xx_ssp.o)
                0x00002238                SSP_ConfigStructInit
 .text.SSP_Cmd  0x00002274       0x6c C:\Users\student\Documents\f07\embedded-systems\Lib_MCU\Debug\libLib_MCU.a(lpc17xx_ssp.o)
                0x00002274                SSP_Cmd
 .text.SSP_SendData
                0x000022e0       0x40 C:\Users\student\Documents\f07\embedded-systems\Lib_MCU\Debug\libLib_MCU.a(lpc17xx_ssp.o)
                0x000022e0                SSP_SendData
 .text.SSP_ReceiveData
                0x00002320       0x3c C:\Users\student\Documents\f07\embedded-systems\Lib_MCU\Debug\libLib_MCU.a(lpc17xx_ssp.o)
                0x00002320                SSP_ReceiveData
 .text.SSP_ReadWrite
                0x0000235c      0x34e C:\Users\student\Documents\f07\embedded-systems\Lib_MCU\Debug\libLib_MCU.a(lpc17xx_ssp.o)
                0x0000235c                SSP_ReadWrite
 *fill*         0x000026aa        0x2 ff
 .text.getPClock
                0x000026ac       0x58 C:\Users\student\Documents\f07\embedded-systems\Lib_MCU\Debug\libLib_MCU.a(lpc17xx_timer.o)
 .text.converUSecToVal
                0x00002704       0x5c C:\Users\student\Documents\f07\embedded-systems\Lib_MCU\Debug\libLib_MCU.a(lpc17xx_timer.o)
 .text.converPtrToTimeNum
                0x00002760       0x5c C:\Users\student\Documents\f07\embedded-systems\Lib_MCU\Debug\libLib_MCU.a(lpc17xx_timer.o)
 .text.TIM_GetIntStatus
                0x000027bc       0x98 C:\Users\student\Documents\f07\embedded-systems\Lib_MCU\Debug\libLib_MCU.a(lpc17xx_timer.o)
                0x000027bc                TIM_GetIntStatus
 .text.TIM_ClearIntPending
                0x00002854       0x88 C:\Users\student\Documents\f07\embedded-systems\Lib_MCU\Debug\libLib_MCU.a(lpc17xx_timer.o)
                0x00002854                TIM_ClearIntPending
 .text.TIM_Init
                0x000028dc      0x184 C:\Users\student\Documents\f07\embedded-systems\Lib_MCU\Debug\libLib_MCU.a(lpc17xx_timer.o)
                0x000028dc                TIM_Init
 .text.TIM_Cmd  0x00002a60       0x70 C:\Users\student\Documents\f07\embedded-systems\Lib_MCU\Debug\libLib_MCU.a(lpc17xx_timer.o)
                0x00002a60                TIM_Cmd
 .text.TIM_ConfigMatch
                0x00002ad0      0x184 C:\Users\student\Documents\f07\embedded-systems\Lib_MCU\Debug\libLib_MCU.a(lpc17xx_timer.o)
                0x00002ad0                TIM_ConfigMatch
 .text.Timer0_Wait
                0x00002c54       0x76 C:\Users\student\Documents\f07\embedded-systems\Lib_MCU\Debug\libLib_MCU.a(lpc17xx_timer.o)
                0x00002c54                Timer0_Wait
 .text.Timer0_us_Wait
                0x00002cca       0x74 C:\Users\student\Documents\f07\embedded-systems\Lib_MCU\Debug\libLib_MCU.a(lpc17xx_timer.o)
                0x00002cca                Timer0_us_Wait
 *fill*         0x00002d3e        0x2 ff
 .text.uart_set_divisors
                0x00002d40      0x2a8 C:\Users\student\Documents\f07\embedded-systems\Lib_MCU\Debug\libLib_MCU.a(lpc17xx_uart.o)
 .text.UART_Init
                0x00002fe8      0x2e4 C:\Users\student\Documents\f07\embedded-systems\Lib_MCU\Debug\libLib_MCU.a(lpc17xx_uart.o)
                0x00002fe8                UART_Init
 .text.UART_TxCmd
                0x000032cc       0xc8 C:\Users\student\Documents\f07\embedded-systems\Lib_MCU\Debug\libLib_MCU.a(lpc17xx_uart.o)
                0x000032cc                UART_TxCmd
 .text          0x00003394       0x30 c:/nxp/mcuxpressoide_11.3.1_5262/ide/plugins/com.nxp.mcuxpresso.tools.win32_11.3.0.202008311133/tools/bin/../lib/gcc/arm-none-eabi/9.3.1/thumb/v7-m/nofp\libgcc.a(_aeabi_uldivmod.o)
                0x00003394                __aeabi_uldivmod
 .text          0x000033c4      0x2c4 c:/nxp/mcuxpressoide_11.3.1_5262/ide/plugins/com.nxp.mcuxpresso.tools.win32_11.3.0.202008311133/tools/bin/../lib/gcc/arm-none-eabi/9.3.1/thumb/v7-m/nofp\libgcc.a(_udivmoddi4.o)
                0x000033c4                __udivmoddi4
 .text          0x00003688        0x4 c:/nxp/mcuxpressoide_11.3.1_5262/ide/plugins/com.nxp.mcuxpresso.tools.win32_11.3.0.202008311133/tools/bin/../lib/gcc/arm-none-eabi/9.3.1/thumb/v7-m/nofp\libgcc.a(_dvmd_tls.o)
                0x00003688                __aeabi_idiv0
                0x00003688                __aeabi_ldiv0
 .text.memset   0x0000368c       0xa0 c:/nxp/mcuxpressoide_11.3.1_5262/ide/plugins/com.nxp.mcuxpresso.tools.win32_11.3.0.202008311133/tools/bin/../lib/gcc/arm-none-eabi/9.3.1/../../../../arm-none-eabi/lib/thumb/v7-m/nofp\libc.a(lib_a-memset.o)
                0x0000368c                memset
 .text.sprintf  0x0000372c       0x44 c:/nxp/mcuxpressoide_11.3.1_5262/ide/plugins/com.nxp.mcuxpresso.tools.win32_11.3.0.202008311133/tools/bin/../lib/gcc/arm-none-eabi/9.3.1/../../../../arm-none-eabi/lib/thumb/v7-m/nofp\libc.a(lib_a-sprintf.o)
                0x0000372c                sprintf
 .text.strlen   0x00003770       0x5c c:/nxp/mcuxpressoide_11.3.1_5262/ide/plugins/com.nxp.mcuxpresso.tools.win32_11.3.0.202008311133/tools/bin/../lib/gcc/arm-none-eabi/9.3.1/../../../../arm-none-eabi/lib/thumb/v7-m/nofp\libc.a(lib_a-strlen-stub.o)
                0x00003770                strlen
 .text._svfprintf_r
                0x000037cc     0x1b50 c:/nxp/mcuxpressoide_11.3.1_5262/ide/plugins/com.nxp.mcuxpresso.tools.win32_11.3.0.202008311133/tools/bin/../lib/gcc/arm-none-eabi/9.3.1/../../../../arm-none-eabi/lib/thumb/v7-m/nofp\libc.a(lib_a-svfprintf.o)
                0x000037cc                _svfprintf_r
 .text.quorem   0x0000531c      0x120 c:/nxp/mcuxpressoide_11.3.1_5262/ide/plugins/com.nxp.mcuxpresso.tools.win32_11.3.0.202008311133/tools/bin/../lib/gcc/arm-none-eabi/9.3.1/../../../../arm-none-eabi/lib/thumb/v7-m/nofp\libc.a(lib_a-dtoa.o)
 *fill*         0x0000543c        0x4 ff
 .text._dtoa_r  0x00005440      0xec8 c:/nxp/mcuxpressoide_11.3.1_5262/ide/plugins/com.nxp.mcuxpresso.tools.win32_11.3.0.202008311133/tools/bin/../lib/gcc/arm-none-eabi/9.3.1/../../../../arm-none-eabi/lib/thumb/v7-m/nofp\libc.a(lib_a-dtoa.o)
                0x00005440                _dtoa_r
 .text._malloc_trim_r
                0x00006308       0xa0 c:/nxp/mcuxpressoide_11.3.1_5262/ide/plugins/com.nxp.mcuxpresso.tools.win32_11.3.0.202008311133/tools/bin/../lib/gcc/arm-none-eabi/9.3.1/../../../../arm-none-eabi/lib/thumb/v7-m/nofp\libc.a(lib_a-freer.o)
                0x00006308                _malloc_trim_r
 .text._free_r  0x000063a8      0x20c c:/nxp/mcuxpressoide_11.3.1_5262/ide/plugins/com.nxp.mcuxpresso.tools.win32_11.3.0.202008311133/tools/bin/../lib/gcc/arm-none-eabi/9.3.1/../../../../arm-none-eabi/lib/thumb/v7-m/nofp\libc.a(lib_a-freer.o)
                0x000063a8                _free_r
 .text._localeconv_r
                0x000065b4        0x8 c:/nxp/mcuxpressoide_11.3.1_5262/ide/plugins/com.nxp.mcuxpresso.tools.win32_11.3.0.202008311133/tools/bin/../lib/gcc/arm-none-eabi/9.3.1/../../../../arm-none-eabi/lib/thumb/v7-m/nofp\libc.a(lib_a-localeconv.o)
                0x000065b4                _localeconv_r
 .text._malloc_r
                0x000065bc      0x55c c:/nxp/mcuxpressoide_11.3.1_5262/ide/plugins/com.nxp.mcuxpresso.tools.win32_11.3.0.202008311133/tools/bin/../lib/gcc/arm-none-eabi/9.3.1/../../../../arm-none-eabi/lib/thumb/v7-m/nofp\libc.a(lib_a-mallocr.o)
                0x000065bc                _malloc_r
 .text.memchr   0x00006b18       0x80 c:/nxp/mcuxpressoide_11.3.1_5262/ide/plugins/com.nxp.mcuxpresso.tools.win32_11.3.0.202008311133/tools/bin/../lib/gcc/arm-none-eabi/9.3.1/../../../../arm-none-eabi/lib/thumb/v7-m/nofp\libc.a(lib_a-memchr-stub.o)
                0x00006b18                memchr
 .text          0x00006b98       0xec c:/nxp/mcuxpressoide_11.3.1_5262/ide/plugins/com.nxp.mcuxpresso.tools.win32_11.3.0.202008311133/tools/bin/../lib/gcc/arm-none-eabi/9.3.1/../../../../arm-none-eabi/lib/thumb/v7-m/nofp\libc.a(lib_a-memcpy.o)
                0x00006b98                memcpy
 .text.__malloc_lock
                0x00006c84        0xc c:/nxp/mcuxpressoide_11.3.1_5262/ide/plugins/com.nxp.mcuxpresso.tools.win32_11.3.0.202008311133/tools/bin/../lib/gcc/arm-none-eabi/9.3.1/../../../../arm-none-eabi/lib/thumb/v7-m/nofp\libc.a(lib_a-mlock.o)
                0x00006c84                __malloc_lock
 .text.__malloc_unlock
                0x00006c90        0xc c:/nxp/mcuxpressoide_11.3.1_5262/ide/plugins/com.nxp.mcuxpresso.tools.win32_11.3.0.202008311133/tools/bin/../lib/gcc/arm-none-eabi/9.3.1/../../../../arm-none-eabi/lib/thumb/v7-m/nofp\libc.a(lib_a-mlock.o)
                0x00006c90                __malloc_unlock
 .text._Balloc  0x00006c9c       0x4c c:/nxp/mcuxpressoide_11.3.1_5262/ide/plugins/com.nxp.mcuxpresso.tools.win32_11.3.0.202008311133/tools/bin/../lib/gcc/arm-none-eabi/9.3.1/../../../../arm-none-eabi/lib/thumb/v7-m/nofp\libc.a(lib_a-mprec.o)
                0x00006c9c                _Balloc
 .text._Bfree   0x00006ce8       0x14 c:/nxp/mcuxpressoide_11.3.1_5262/ide/plugins/com.nxp.mcuxpresso.tools.win32_11.3.0.202008311133/tools/bin/../lib/gcc/arm-none-eabi/9.3.1/../../../../arm-none-eabi/lib/thumb/v7-m/nofp\libc.a(lib_a-mprec.o)
                0x00006ce8                _Bfree
 .text.__multadd
                0x00006cfc       0x9c c:/nxp/mcuxpressoide_11.3.1_5262/ide/plugins/com.nxp.mcuxpresso.tools.win32_11.3.0.202008311133/tools/bin/../lib/gcc/arm-none-eabi/9.3.1/../../../../arm-none-eabi/lib/thumb/v7-m/nofp\libc.a(lib_a-mprec.o)
                0x00006cfc                __multadd
 .text.__hi0bits
                0x00006d98       0x40 c:/nxp/mcuxpressoide_11.3.1_5262/ide/plugins/com.nxp.mcuxpresso.tools.win32_11.3.0.202008311133/tools/bin/../lib/gcc/arm-none-eabi/9.3.1/../../../../arm-none-eabi/lib/thumb/v7-m/nofp\libc.a(lib_a-mprec.o)
                0x00006d98                __hi0bits
 .text.__lo0bits
                0x00006dd8       0x60 c:/nxp/mcuxpressoide_11.3.1_5262/ide/plugins/com.nxp.mcuxpresso.tools.win32_11.3.0.202008311133/tools/bin/../lib/gcc/arm-none-eabi/9.3.1/../../../../arm-none-eabi/lib/thumb/v7-m/nofp\libc.a(lib_a-mprec.o)
                0x00006dd8                __lo0bits
 .text.__i2b    0x00006e38       0x2c c:/nxp/mcuxpressoide_11.3.1_5262/ide/plugins/com.nxp.mcuxpresso.tools.win32_11.3.0.202008311133/tools/bin/../lib/gcc/arm-none-eabi/9.3.1/../../../../arm-none-eabi/lib/thumb/v7-m/nofp\libc.a(lib_a-mprec.o)
                0x00006e38                __i2b
 .text.__multiply
                0x00006e64      0x160 c:/nxp/mcuxpressoide_11.3.1_5262/ide/plugins/com.nxp.mcuxpresso.tools.win32_11.3.0.202008311133/tools/bin/../lib/gcc/arm-none-eabi/9.3.1/../../../../arm-none-eabi/lib/thumb/v7-m/nofp\libc.a(lib_a-mprec.o)
                0x00006e64                __multiply
 .text.__pow5mult
                0x00006fc4       0x98 c:/nxp/mcuxpressoide_11.3.1_5262/ide/plugins/com.nxp.mcuxpresso.tools.win32_11.3.0.202008311133/tools/bin/../lib/gcc/arm-none-eabi/9.3.1/../../../../arm-none-eabi/lib/thumb/v7-m/nofp\libc.a(lib_a-mprec.o)
                0x00006fc4                __pow5mult
 .text.__lshift
                0x0000705c       0xe8 c:/nxp/mcuxpressoide_11.3.1_5262/ide/plugins/com.nxp.mcuxpresso.tools.win32_11.3.0.202008311133/tools/bin/../lib/gcc/arm-none-eabi/9.3.1/../../../../arm-none-eabi/lib/thumb/v7-m/nofp\libc.a(lib_a-mprec.o)
                0x0000705c                __lshift
 .text.__mcmp   0x00007144       0x3c c:/nxp/mcuxpressoide_11.3.1_5262/ide/plugins/com.nxp.mcuxpresso.tools.win32_11.3.0.202008311133/tools/bin/../lib/gcc/arm-none-eabi/9.3.1/../../../../arm-none-eabi/lib/thumb/v7-m/nofp\libc.a(lib_a-mprec.o)
                0x00007144                __mcmp
 .text.__mdiff  0x00007180      0x150 c:/nxp/mcuxpressoide_11.3.1_5262/ide/plugins/com.nxp.mcuxpresso.tools.win32_11.3.0.202008311133/tools/bin/../lib/gcc/arm-none-eabi/9.3.1/../../../../arm-none-eabi/lib/thumb/v7-m/nofp\libc.a(lib_a-mprec.o)
                0x00007180                __mdiff
 .text.__d2b    0x000072d0       0xc4 c:/nxp/mcuxpressoide_11.3.1_5262/ide/plugins/com.nxp.mcuxpresso.tools.win32_11.3.0.202008311133/tools/bin/../lib/gcc/arm-none-eabi/9.3.1/../../../../arm-none-eabi/lib/thumb/v7-m/nofp\libc.a(lib_a-mprec.o)
                0x000072d0                __d2b
 .text.frexp    0x00007394       0x70 c:/nxp/mcuxpressoide_11.3.1_5262/ide/plugins/com.nxp.mcuxpresso.tools.win32_11.3.0.202008311133/tools/bin/../lib/gcc/arm-none-eabi/9.3.1/../../../../arm-none-eabi/lib/thumb/v7-m/nofp\libc.a(lib_a-s_frexp.o)
                0x00007394                frexp
 .text._sbrk_r  0x00007404       0x24 c:/nxp/mcuxpressoide_11.3.1_5262/ide/plugins/com.nxp.mcuxpresso.tools.win32_11.3.0.202008311133/tools/bin/../lib/gcc/arm-none-eabi/9.3.1/../../../../arm-none-eabi/lib/thumb/v7-m/nofp\libc.a(lib_a-sbrkr.o)
                0x00007404                _sbrk_r
 .text.strncpy  0x00007428       0x68 c:/nxp/mcuxpressoide_11.3.1_5262/ide/plugins/com.nxp.mcuxpresso.tools.win32_11.3.0.202008311133/tools/bin/../lib/gcc/arm-none-eabi/9.3.1/../../../../arm-none-eabi/lib/thumb/v7-m/nofp\libc.a(lib_a-strncpy.o)
                0x00007428                strncpy
 .text.__ssprint_r
                0x00007490       0xf8 c:/nxp/mcuxpressoide_11.3.1_5262/ide/plugins/com.nxp.mcuxpresso.tools.win32_11.3.0.202008311133/tools/bin/../lib/gcc/arm-none-eabi/9.3.1/../../../../arm-none-eabi/lib/thumb/v7-m/nofp\libc.a(lib_a-svfiprintf.o)
                0x00007490                __ssprint_r
 .text.__assert_func
                0x00007588       0x3c c:/nxp/mcuxpressoide_11.3.1_5262/ide/plugins/com.nxp.mcuxpresso.tools.win32_11.3.0.202008311133/tools/bin/../lib/gcc/arm-none-eabi/9.3.1/../../../../arm-none-eabi/lib/thumb/v7-m/nofp\libc.a(lib_a-assert.o)
                0x00007588                __assert_func
 .text._calloc_r
                0x000075c4       0x60 c:/nxp/mcuxpressoide_11.3.1_5262/ide/plugins/com.nxp.mcuxpresso.tools.win32_11.3.0.202008311133/tools/bin/../lib/gcc/arm-none-eabi/9.3.1/../../../../arm-none-eabi/lib/thumb/v7-m/nofp\libc.a(lib_a-callocr.o)
                0x000075c4                _calloc_r
 .text.fiprintf
                0x00007624       0x28 c:/nxp/mcuxpressoide_11.3.1_5262/ide/plugins/com.nxp.mcuxpresso.tools.win32_11.3.0.202008311133/tools/bin/../lib/gcc/arm-none-eabi/9.3.1/../../../../arm-none-eabi/lib/thumb/v7-m/nofp\libc.a(lib_a-fiprintf.o)
                0x00007624                fiprintf
 .text.__locale_mb_cur_max
                0x0000764c        0xc c:/nxp/mcuxpressoide_11.3.1_5262/ide/plugins/com.nxp.mcuxpresso.tools.win32_11.3.0.202008311133/tools/bin/../lib/gcc/arm-none-eabi/9.3.1/../../../../arm-none-eabi/lib/thumb/v7-m/nofp\libc.a(lib_a-locale.o)
                0x0000764c                __locale_mb_cur_max
 .text.__retarget_lock_init_recursive
                0x00007658        0x4 c:/nxp/mcuxpressoide_11.3.1_5262/ide/plugins/com.nxp.mcuxpresso.tools.win32_11.3.0.202008311133/tools/bin/../lib/gcc/arm-none-eabi/9.3.1/../../../../arm-none-eabi/lib/thumb/v7-m/nofp\libc.a(lib_a-lock.o)
                0x00007658                __retarget_lock_init_recursive
 .text.__retarget_lock_close_recursive
                0x0000765c        0x4 c:/nxp/mcuxpressoide_11.3.1_5262/ide/plugins/com.nxp.mcuxpresso.tools.win32_11.3.0.202008311133/tools/bin/../lib/gcc/arm-none-eabi/9.3.1/../../../../arm-none-eabi/lib/thumb/v7-m/nofp\libc.a(lib_a-lock.o)
                0x0000765c                __retarget_lock_close_recursive
 .text.__retarget_lock_acquire_recursive
                0x00007660        0x4 c:/nxp/mcuxpressoide_11.3.1_5262/ide/plugins/com.nxp.mcuxpresso.tools.win32_11.3.0.202008311133/tools/bin/../lib/gcc/arm-none-eabi/9.3.1/../../../../arm-none-eabi/lib/thumb/v7-m/nofp\libc.a(lib_a-lock.o)
                0x00007660                __retarget_lock_acquire_recursive
 .text.__retarget_lock_release_recursive
                0x00007664        0x4 c:/nxp/mcuxpressoide_11.3.1_5262/ide/plugins/com.nxp.mcuxpresso.tools.win32_11.3.0.202008311133/tools/bin/../lib/gcc/arm-none-eabi/9.3.1/../../../../arm-none-eabi/lib/thumb/v7-m/nofp\libc.a(lib_a-lock.o)
                0x00007664                __retarget_lock_release_recursive
 .text.__ascii_mbtowc
                0x00007668       0x2c c:/nxp/mcuxpressoide_11.3.1_5262/ide/plugins/com.nxp.mcuxpresso.tools.win32_11.3.0.202008311133/tools/bin/../lib/gcc/arm-none-eabi/9.3.1/../../../../arm-none-eabi/lib/thumb/v7-m/nofp\libc.a(lib_a-mbtowc_r.o)
                0x00007668                __ascii_mbtowc
 .text.memmove  0x00007694       0xd4 c:/nxp/mcuxpressoide_11.3.1_5262/ide/plugins/com.nxp.mcuxpresso.tools.win32_11.3.0.202008311133/tools/bin/../lib/gcc/arm-none-eabi/9.3.1/../../../../arm-none-eabi/lib/thumb/v7-m/nofp\libc.a(lib_a-memmove.o)
                0x00007694                memmove
 .text._realloc_r
                0x00007768      0x3e0 c:/nxp/mcuxpressoide_11.3.1_5262/ide/plugins/com.nxp.mcuxpresso.tools.win32_11.3.0.202008311133/tools/bin/../lib/gcc/arm-none-eabi/9.3.1/../../../../arm-none-eabi/lib/thumb/v7-m/nofp\libc.a(lib_a-reallocr.o)
                0x00007768                _realloc_r
 .text.__sprint_r.part.0
                0x00007b48       0x78 c:/nxp/mcuxpressoide_11.3.1_5262/ide/plugins/com.nxp.mcuxpresso.tools.win32_11.3.0.202008311133/tools/bin/../lib/gcc/arm-none-eabi/9.3.1/../../../../arm-none-eabi/lib/thumb/v7-m/nofp\libc.a(lib_a-vfiprintf.o)
 .text._vfiprintf_r
                0x00007bc0      0xd2c c:/nxp/mcuxpressoide_11.3.1_5262/ide/plugins/com.nxp.mcuxpresso.tools.win32_11.3.0.202008311133/tools/bin/../lib/gcc/arm-none-eabi/9.3.1/../../../../arm-none-eabi/lib/thumb/v7-m/nofp\libc.a(lib_a-vfiprintf.o)
                0x00007bc0                _vfiprintf_r
 .text.__sbprintf
                0x000088ec       0x88 c:/nxp/mcuxpressoide_11.3.1_5262/ide/plugins/com.nxp.mcuxpresso.tools.win32_11.3.0.202008311133/tools/bin/../lib/gcc/arm-none-eabi/9.3.1/../../../../arm-none-eabi/lib/thumb/v7-m/nofp\libc.a(lib_a-vfiprintf.o)
 .text.__ascii_wctomb
                0x00008974       0x1c c:/nxp/mcuxpressoide_11.3.1_5262/ide/plugins/com.nxp.mcuxpresso.tools.win32_11.3.0.202008311133/tools/bin/../lib/gcc/arm-none-eabi/9.3.1/../../../../arm-none-eabi/lib/thumb/v7-m/nofp\libc.a(lib_a-wctomb_r.o)
                0x00008974                __ascii_wctomb
 .text.__swsetup_r
                0x00008990       0xd0 c:/nxp/mcuxpressoide_11.3.1_5262/ide/plugins/com.nxp.mcuxpresso.tools.win32_11.3.0.202008311133/tools/bin/../lib/gcc/arm-none-eabi/9.3.1/../../../../arm-none-eabi/lib/thumb/v7-m/nofp\libc.a(lib_a-wsetup.o)
                0x00008990                __swsetup_r
 .text.abort    0x00008a60       0x10 c:/nxp/mcuxpressoide_11.3.1_5262/ide/plugins/com.nxp.mcuxpresso.tools.win32_11.3.0.202008311133/tools/bin/../lib/gcc/arm-none-eabi/9.3.1/../../../../arm-none-eabi/lib/thumb/v7-m/nofp\libc.a(lib_a-abort.o)
                0x00008a60                abort
 .text.__sflush_r
                0x00008a70      0x130 c:/nxp/mcuxpressoide_11.3.1_5262/ide/plugins/com.nxp.mcuxpresso.tools.win32_11.3.0.202008311133/tools/bin/../lib/gcc/arm-none-eabi/9.3.1/../../../../arm-none-eabi/lib/thumb/v7-m/nofp\libc.a(lib_a-fflush.o)
                0x00008a70                __sflush_r
 .text._fflush_r
                0x00008ba0       0x5c c:/nxp/mcuxpressoide_11.3.1_5262/ide/plugins/com.nxp.mcuxpresso.tools.win32_11.3.0.202008311133/tools/bin/../lib/gcc/arm-none-eabi/9.3.1/../../../../arm-none-eabi/lib/thumb/v7-m/nofp\libc.a(lib_a-fflush.o)
                0x00008ba0                _fflush_r
 .text.std      0x00008bfc       0x50 c:/nxp/mcuxpressoide_11.3.1_5262/ide/plugins/com.nxp.mcuxpresso.tools.win32_11.3.0.202008311133/tools/bin/../lib/gcc/arm-none-eabi/9.3.1/../../../../arm-none-eabi/lib/thumb/v7-m/nofp\libc.a(lib_a-findfp.o)
 .text._cleanup_r
                0x00008c4c        0xc c:/nxp/mcuxpressoide_11.3.1_5262/ide/plugins/com.nxp.mcuxpresso.tools.win32_11.3.0.202008311133/tools/bin/../lib/gcc/arm-none-eabi/9.3.1/../../../../arm-none-eabi/lib/thumb/v7-m/nofp\libc.a(lib_a-findfp.o)
                0x00008c4c                _cleanup_r
 .text.__sinit  0x00008c58       0x5c c:/nxp/mcuxpressoide_11.3.1_5262/ide/plugins/com.nxp.mcuxpresso.tools.win32_11.3.0.202008311133/tools/bin/../lib/gcc/arm-none-eabi/9.3.1/../../../../arm-none-eabi/lib/thumb/v7-m/nofp\libc.a(lib_a-findfp.o)
                0x00008c58                __sinit
 .text.__sfp_lock_acquire
                0x00008cb4        0xc c:/nxp/mcuxpressoide_11.3.1_5262/ide/plugins/com.nxp.mcuxpresso.tools.win32_11.3.0.202008311133/tools/bin/../lib/gcc/arm-none-eabi/9.3.1/../../../../arm-none-eabi/lib/thumb/v7-m/nofp\libc.a(lib_a-findfp.o)
                0x00008cb4                __sfp_lock_acquire
 .text.__sfp_lock_release
                0x00008cc0        0xc c:/nxp/mcuxpressoide_11.3.1_5262/ide/plugins/com.nxp.mcuxpresso.tools.win32_11.3.0.202008311133/tools/bin/../lib/gcc/arm-none-eabi/9.3.1/../../../../arm-none-eabi/lib/thumb/v7-m/nofp\libc.a(lib_a-findfp.o)
                0x00008cc0                __sfp_lock_release
 .text.__fputwc
                0x00008ccc       0xa0 c:/nxp/mcuxpressoide_11.3.1_5262/ide/plugins/com.nxp.mcuxpresso.tools.win32_11.3.0.202008311133/tools/bin/../lib/gcc/arm-none-eabi/9.3.1/../../../../arm-none-eabi/lib/thumb/v7-m/nofp\libc.a(lib_a-fputwc.o)
                0x00008ccc                __fputwc
 .text._fputwc_r
                0x00008d6c       0x68 c:/nxp/mcuxpressoide_11.3.1_5262/ide/plugins/com.nxp.mcuxpresso.tools.win32_11.3.0.202008311133/tools/bin/../lib/gcc/arm-none-eabi/9.3.1/../../../../arm-none-eabi/lib/thumb/v7-m/nofp\libc.a(lib_a-fputwc.o)
                0x00008d6c                _fputwc_r
 .text.__sfvwrite_r
                0x00008dd4      0x2ec c:/nxp/mcuxpressoide_11.3.1_5262/ide/plugins/com.nxp.mcuxpresso.tools.win32_11.3.0.202008311133/tools/bin/../lib/gcc/arm-none-eabi/9.3.1/../../../../arm-none-eabi/lib/thumb/v7-m/nofp\libc.a(lib_a-fvwrite.o)
                0x00008dd4                __sfvwrite_r
 .text._fwalk_reent
                0x000090c0       0x48 c:/nxp/mcuxpressoide_11.3.1_5262/ide/plugins/com.nxp.mcuxpresso.tools.win32_11.3.0.202008311133/tools/bin/../lib/gcc/arm-none-eabi/9.3.1/../../../../arm-none-eabi/lib/thumb/v7-m/nofp\libc.a(lib_a-fwalk.o)
                0x000090c0                _fwalk_reent
 .text.__swhatbuf_r
                0x00009108       0x5c c:/nxp/mcuxpressoide_11.3.1_5262/ide/plugins/com.nxp.mcuxpresso.tools.win32_11.3.0.202008311133/tools/bin/../lib/gcc/arm-none-eabi/9.3.1/../../../../arm-none-eabi/lib/thumb/v7-m/nofp\libc.a(lib_a-makebuf.o)
                0x00009108                __swhatbuf_r
 .text.__smakebuf_r
                0x00009164       0x94 c:/nxp/mcuxpressoide_11.3.1_5262/ide/plugins/com.nxp.mcuxpresso.tools.win32_11.3.0.202008311133/tools/bin/../lib/gcc/arm-none-eabi/9.3.1/../../../../arm-none-eabi/lib/thumb/v7-m/nofp\libc.a(lib_a-makebuf.o)
                0x00009164                __smakebuf_r
 .text._raise_r
                0x000091f8       0x58 c:/nxp/mcuxpressoide_11.3.1_5262/ide/plugins/com.nxp.mcuxpresso.tools.win32_11.3.0.202008311133/tools/bin/../lib/gcc/arm-none-eabi/9.3.1/../../../../arm-none-eabi/lib/thumb/v7-m/nofp\libc.a(lib_a-signal.o)
                0x000091f8                _raise_r
 .text.raise    0x00009250       0x10 c:/nxp/mcuxpressoide_11.3.1_5262/ide/plugins/com.nxp.mcuxpresso.tools.win32_11.3.0.202008311133/tools/bin/../lib/gcc/arm-none-eabi/9.3.1/../../../../arm-none-eabi/lib/thumb/v7-m/nofp\libc.a(lib_a-signal.o)
                0x00009250                raise
 .text._kill_r  0x00009260       0x2c c:/nxp/mcuxpressoide_11.3.1_5262/ide/plugins/com.nxp.mcuxpresso.tools.win32_11.3.0.202008311133/tools/bin/../lib/gcc/arm-none-eabi/9.3.1/../../../../arm-none-eabi/lib/thumb/v7-m/nofp\libc.a(lib_a-signalr.o)
                0x00009260                _kill_r
 .text._getpid_r
                0x0000928c        0x4 c:/nxp/mcuxpressoide_11.3.1_5262/ide/plugins/com.nxp.mcuxpresso.tools.win32_11.3.0.202008311133/tools/bin/../lib/gcc/arm-none-eabi/9.3.1/../../../../arm-none-eabi/lib/thumb/v7-m/nofp\libc.a(lib_a-signalr.o)
                0x0000928c                _getpid_r
 .text.__sread  0x00009290       0x24 c:/nxp/mcuxpressoide_11.3.1_5262/ide/plugins/com.nxp.mcuxpresso.tools.win32_11.3.0.202008311133/tools/bin/../lib/gcc/arm-none-eabi/9.3.1/../../../../arm-none-eabi/lib/thumb/v7-m/nofp\libc.a(lib_a-stdio.o)
                0x00009290                __sread
 .text.__swrite
                0x000092b4       0x40 c:/nxp/mcuxpressoide_11.3.1_5262/ide/plugins/com.nxp.mcuxpresso.tools.win32_11.3.0.202008311133/tools/bin/../lib/gcc/arm-none-eabi/9.3.1/../../../../arm-none-eabi/lib/thumb/v7-m/nofp\libc.a(lib_a-stdio.o)
                0x000092b4                __swrite
 .text.__sseek  0x000092f4       0x20 c:/nxp/mcuxpressoide_11.3.1_5262/ide/plugins/com.nxp.mcuxpresso.tools.win32_11.3.0.202008311133/tools/bin/../lib/gcc/arm-none-eabi/9.3.1/../../../../arm-none-eabi/lib/thumb/v7-m/nofp\libc.a(lib_a-stdio.o)
                0x000092f4                __sseek
 .text.__sclose
                0x00009314        0x8 c:/nxp/mcuxpressoide_11.3.1_5262/ide/plugins/com.nxp.mcuxpresso.tools.win32_11.3.0.202008311133/tools/bin/../lib/gcc/arm-none-eabi/9.3.1/../../../../arm-none-eabi/lib/thumb/v7-m/nofp\libc.a(lib_a-stdio.o)
                0x00009314                __sclose
 .text.__swbuf_r
                0x0000931c       0xb0 c:/nxp/mcuxpressoide_11.3.1_5262/ide/plugins/com.nxp.mcuxpresso.tools.win32_11.3.0.202008311133/tools/bin/../lib/gcc/arm-none-eabi/9.3.1/../../../../arm-none-eabi/lib/thumb/v7-m/nofp\libc.a(lib_a-wbuf.o)
                0x0000931c                __swbuf_r
 .text._wcrtomb_r
                0x000093cc       0x3c c:/nxp/mcuxpressoide_11.3.1_5262/ide/plugins/com.nxp.mcuxpresso.tools.win32_11.3.0.202008311133/tools/bin/../lib/gcc/arm-none-eabi/9.3.1/../../../../arm-none-eabi/lib/thumb/v7-m/nofp\libc.a(lib_a-wcrtomb.o)
                0x000093cc                _wcrtomb_r
 .text._write_r
                0x00009408       0x2c c:/nxp/mcuxpressoide_11.3.1_5262/ide/plugins/com.nxp.mcuxpresso.tools.win32_11.3.0.202008311133/tools/bin/../lib/gcc/arm-none-eabi/9.3.1/../../../../arm-none-eabi/lib/thumb/v7-m/nofp\libc.a(lib_a-writer.o)
                0x00009408                _write_r
 .text._close_r
                0x00009434       0x24 c:/nxp/mcuxpressoide_11.3.1_5262/ide/plugins/com.nxp.mcuxpresso.tools.win32_11.3.0.202008311133/tools/bin/../lib/gcc/arm-none-eabi/9.3.1/../../../../arm-none-eabi/lib/thumb/v7-m/nofp\libc.a(lib_a-closer.o)
                0x00009434                _close_r
 .text._fclose_r
                0x00009458       0xcc c:/nxp/mcuxpressoide_11.3.1_5262/ide/plugins/com.nxp.mcuxpresso.tools.win32_11.3.0.202008311133/tools/bin/../lib/gcc/arm-none-eabi/9.3.1/../../../../arm-none-eabi/lib/thumb/v7-m/nofp\libc.a(lib_a-fclose.o)
                0x00009458                _fclose_r
 .text._fstat_r
                0x00009524       0x2c c:/nxp/mcuxpressoide_11.3.1_5262/ide/plugins/com.nxp.mcuxpresso.tools.win32_11.3.0.202008311133/tools/bin/../lib/gcc/arm-none-eabi/9.3.1/../../../../arm-none-eabi/lib/thumb/v7-m/nofp\libc.a(lib_a-fstatr.o)
                0x00009524                _fstat_r
 .text._isatty_r
                0x00009550       0x24 c:/nxp/mcuxpressoide_11.3.1_5262/ide/plugins/com.nxp.mcuxpresso.tools.win32_11.3.0.202008311133/tools/bin/../lib/gcc/arm-none-eabi/9.3.1/../../../../arm-none-eabi/lib/thumb/v7-m/nofp\libc.a(lib_a-isattyr.o)
                0x00009550                _isatty_r
 .text._lseek_r
                0x00009574       0x2c c:/nxp/mcuxpressoide_11.3.1_5262/ide/plugins/com.nxp.mcuxpresso.tools.win32_11.3.0.202008311133/tools/bin/../lib/gcc/arm-none-eabi/9.3.1/../../../../arm-none-eabi/lib/thumb/v7-m/nofp\libc.a(lib_a-lseekr.o)
                0x00009574                _lseek_r
 .text._read_r  0x000095a0       0x2c c:/nxp/mcuxpressoide_11.3.1_5262/ide/plugins/com.nxp.mcuxpresso.tools.win32_11.3.0.202008311133/tools/bin/../lib/gcc/arm-none-eabi/9.3.1/../../../../arm-none-eabi/lib/thumb/v7-m/nofp\libc.a(lib_a-readr.o)
                0x000095a0                _read_r
 .text._sbrk    0x000095cc       0x3c c:/nxp/mcuxpressoide_11.3.1_5262/ide/plugins/com.nxp.mcuxpresso.tools.win32_11.3.0.202008311133/tools/bin/../lib/gcc/arm-none-eabi/9.3.1/../../../../arm-none-eabi/lib/thumb/v7-m/nofp\libcr_newlib_semihost.a(_cr_sbrk.o)
                0x000095cc                _sbrk
 .text._exit    0x00009608        0x8 c:/nxp/mcuxpressoide_11.3.1_5262/ide/plugins/com.nxp.mcuxpresso.tools.win32_11.3.0.202008311133/tools/bin/../lib/gcc/arm-none-eabi/9.3.1/../../../../arm-none-eabi/lib/thumb/v7-m/nofp\libcr_newlib_semihost.a(_exit.o)
                0x00009608                _exit
 .text._kill    0x00009610       0x20 c:/nxp/mcuxpressoide_11.3.1_5262/ide/plugins/com.nxp.mcuxpresso.tools.win32_11.3.0.202008311133/tools/bin/../lib/gcc/arm-none-eabi/9.3.1/../../../../arm-none-eabi/lib/thumb/v7-m/nofp\libcr_newlib_semihost.a(_kill.o)
                0x00009610                _kill
 .text.error    0x00009630       0x1c c:/nxp/mcuxpressoide_11.3.1_5262/ide/plugins/com.nxp.mcuxpresso.tools.win32_11.3.0.202008311133/tools/bin/../lib/gcc/arm-none-eabi/9.3.1/../../../../arm-none-eabi/lib/thumb/v7-m/nofp\libcr_newlib_semihost.a(syscalls.o)
 .text.initialise_monitor_handles
                0x0000964c       0xac c:/nxp/mcuxpressoide_11.3.1_5262/ide/plugins/com.nxp.mcuxpresso.tools.win32_11.3.0.202008311133/tools/bin/../lib/gcc/arm-none-eabi/9.3.1/../../../../arm-none-eabi/lib/thumb/v7-m/nofp\libcr_newlib_semihost.a(syscalls.o)
 .text.findslot
                0x000096f8       0x24 c:/nxp/mcuxpressoide_11.3.1_5262/ide/plugins/com.nxp.mcuxpresso.tools.win32_11.3.0.202008311133/tools/bin/../lib/gcc/arm-none-eabi/9.3.1/../../../../arm-none-eabi/lib/thumb/v7-m/nofp\libcr_newlib_semihost.a(syscalls.o)
 .text.checkerror
                0x0000971c       0x20 c:/nxp/mcuxpressoide_11.3.1_5262/ide/plugins/com.nxp.mcuxpresso.tools.win32_11.3.0.202008311133/tools/bin/../lib/gcc/arm-none-eabi/9.3.1/../../../../arm-none-eabi/lib/thumb/v7-m/nofp\libcr_newlib_semihost.a(syscalls.o)
 .text._swiread
                0x0000973c       0x20 c:/nxp/mcuxpressoide_11.3.1_5262/ide/plugins/com.nxp.mcuxpresso.tools.win32_11.3.0.202008311133/tools/bin/../lib/gcc/arm-none-eabi/9.3.1/../../../../arm-none-eabi/lib/thumb/v7-m/nofp\libcr_newlib_semihost.a(syscalls.o)
                0x0000973c                _swiread
 .text._read    0x0000975c       0x34 c:/nxp/mcuxpressoide_11.3.1_5262/ide/plugins/com.nxp.mcuxpresso.tools.win32_11.3.0.202008311133/tools/bin/../lib/gcc/arm-none-eabi/9.3.1/../../../../arm-none-eabi/lib/thumb/v7-m/nofp\libcr_newlib_semihost.a(syscalls.o)
                0x0000975c                _read
 .text._swilseek
                0x00009790       0x78 c:/nxp/mcuxpressoide_11.3.1_5262/ide/plugins/com.nxp.mcuxpresso.tools.win32_11.3.0.202008311133/tools/bin/../lib/gcc/arm-none-eabi/9.3.1/../../../../arm-none-eabi/lib/thumb/v7-m/nofp\libcr_newlib_semihost.a(syscalls.o)
                0x00009790                _swilseek
 .text._lseek   0x00009808        0x4 c:/nxp/mcuxpressoide_11.3.1_5262/ide/plugins/com.nxp.mcuxpresso.tools.win32_11.3.0.202008311133/tools/bin/../lib/gcc/arm-none-eabi/9.3.1/../../../../arm-none-eabi/lib/thumb/v7-m/nofp\libcr_newlib_semihost.a(syscalls.o)
                0x00009808                _lseek
 .text._swiwrite
                0x0000980c       0x20 c:/nxp/mcuxpressoide_11.3.1_5262/ide/plugins/com.nxp.mcuxpresso.tools.win32_11.3.0.202008311133/tools/bin/../lib/gcc/arm-none-eabi/9.3.1/../../../../arm-none-eabi/lib/thumb/v7-m/nofp\libcr_newlib_semihost.a(syscalls.o)
                0x0000980c                _swiwrite
 .text._write   0x0000982c       0x40 c:/nxp/mcuxpressoide_11.3.1_5262/ide/plugins/com.nxp.mcuxpresso.tools.win32_11.3.0.202008311133/tools/bin/../lib/gcc/arm-none-eabi/9.3.1/../../../../arm-none-eabi/lib/thumb/v7-m/nofp\libcr_newlib_semihost.a(syscalls.o)
                0x0000982c                _write
 .text._swiclose
                0x0000986c       0x1a c:/nxp/mcuxpressoide_11.3.1_5262/ide/plugins/com.nxp.mcuxpresso.tools.win32_11.3.0.202008311133/tools/bin/../lib/gcc/arm-none-eabi/9.3.1/../../../../arm-none-eabi/lib/thumb/v7-m/nofp\libcr_newlib_semihost.a(syscalls.o)
                0x0000986c                _swiclose
 *fill*         0x00009886        0x2 ff
 .text._close   0x00009888       0x4c c:/nxp/mcuxpressoide_11.3.1_5262/ide/plugins/com.nxp.mcuxpresso.tools.win32_11.3.0.202008311133/tools/bin/../lib/gcc/arm-none-eabi/9.3.1/../../../../arm-none-eabi/lib/thumb/v7-m/nofp\libcr_newlib_semihost.a(syscalls.o)
                0x00009888                _close
 .text._getpid  0x000098d4        0x4 c:/nxp/mcuxpressoide_11.3.1_5262/ide/plugins/com.nxp.mcuxpresso.tools.win32_11.3.0.202008311133/tools/bin/../lib/gcc/arm-none-eabi/9.3.1/../../../../arm-none-eabi/lib/thumb/v7-m/nofp\libcr_newlib_semihost.a(syscalls.o)
                0x000098d4                _getpid
 .text._swistat
                0x000098d8       0x42 c:/nxp/mcuxpressoide_11.3.1_5262/ide/plugins/com.nxp.mcuxpresso.tools.win32_11.3.0.202008311133/tools/bin/../lib/gcc/arm-none-eabi/9.3.1/../../../../arm-none-eabi/lib/thumb/v7-m/nofp\libcr_newlib_semihost.a(syscalls.o)
                0x000098d8                _swistat
 .text._fstat   0x0000991a       0x1c c:/nxp/mcuxpressoide_11.3.1_5262/ide/plugins/com.nxp.mcuxpresso.tools.win32_11.3.0.202008311133/tools/bin/../lib/gcc/arm-none-eabi/9.3.1/../../../../arm-none-eabi/lib/thumb/v7-m/nofp\libcr_newlib_semihost.a(syscalls.o)
                0x0000991a                _fstat
 .text._isatty  0x00009936       0x2a c:/nxp/mcuxpressoide_11.3.1_5262/ide/plugins/com.nxp.mcuxpresso.tools.win32_11.3.0.202008311133/tools/bin/../lib/gcc/arm-none-eabi/9.3.1/../../../../arm-none-eabi/lib/thumb/v7-m/nofp\libcr_newlib_semihost.a(syscalls.o)
                0x00009936                _isatty
 .text.__check_heap_overflow
                0x00009960       0x14 c:/nxp/mcuxpressoide_11.3.1_5262/ide/plugins/com.nxp.mcuxpresso.tools.win32_11.3.0.202008311133/tools/bin/../lib/gcc/arm-none-eabi/9.3.1/../../../../arm-none-eabi/lib/thumb/v7-m/nofp\libcr_newlib_semihost.a(_cr_check_heap.o)
                0x00009960                __check_heap_overflow
 .text          0x00009974      0x378 c:/nxp/mcuxpressoide_11.3.1_5262/ide/plugins/com.nxp.mcuxpresso.tools.win32_11.3.0.202008311133/tools/bin/../lib/gcc/arm-none-eabi/9.3.1/thumb/v7-m/nofp\libgcc.a(_arm_addsubdf3.o)
                0x00009974                __aeabi_drsub
                0x0000997c                __aeabi_dsub
                0x0000997c                __subdf3
                0x00009980                __aeabi_dadd
                0x00009980                __adddf3
                0x00009bf8                __floatunsidf
                0x00009bf8                __aeabi_ui2d
                0x00009c18                __floatsidf
                0x00009c18                __aeabi_i2d
                0x00009c3c                __aeabi_f2d
                0x00009c3c                __extendsfdf2
                0x00009c80                __floatundidf
                0x00009c80                __aeabi_ul2d
                0x00009c90                __floatdidf
                0x00009c90                __aeabi_l2d
 .text          0x00009cec      0x424 c:/nxp/mcuxpressoide_11.3.1_5262/ide/plugins/com.nxp.mcuxpresso.tools.win32_11.3.0.202008311133/tools/bin/../lib/gcc/arm-none-eabi/9.3.1/thumb/v7-m/nofp\libgcc.a(_arm_muldivdf3.o)
                0x00009cec                __aeabi_dmul
                0x00009cec                __muldf3
                0x00009f40                __divdf3
                0x00009f40                __aeabi_ddiv
 .text          0x0000a110      0x110 c:/nxp/mcuxpressoide_11.3.1_5262/ide/plugins/com.nxp.mcuxpresso.tools.win32_11.3.0.202008311133/tools/bin/../lib/gcc/arm-none-eabi/9.3.1/thumb/v7-m/nofp\libgcc.a(_arm_cmpdf2.o)
                0x0000a110                __gtdf2
                0x0000a110                __gedf2
                0x0000a118                __ltdf2
                0x0000a118                __ledf2
                0x0000a120                __nedf2
                0x0000a120                __eqdf2
                0x0000a120                __cmpdf2
                0x0000a19c                __aeabi_cdrcmple
                0x0000a1ac                __aeabi_cdcmpeq
                0x0000a1ac                __aeabi_cdcmple
                0x0000a1bc                __aeabi_dcmpeq
                0x0000a1d0                __aeabi_dcmplt
                0x0000a1e4                __aeabi_dcmple
                0x0000a1f8                __aeabi_dcmpge
                0x0000a20c                __aeabi_dcmpgt
 .text          0x0000a220       0x2c c:/nxp/mcuxpressoide_11.3.1_5262/ide/plugins/com.nxp.mcuxpresso.tools.win32_11.3.0.202008311133/tools/bin/../lib/gcc/arm-none-eabi/9.3.1/thumb/v7-m/nofp\libgcc.a(_arm_unorddf2.o)
                0x0000a220                __unorddf2
                0x0000a220                __aeabi_dcmpun
 .text          0x0000a24c       0x50 c:/nxp/mcuxpressoide_11.3.1_5262/ide/plugins/com.nxp.mcuxpresso.tools.win32_11.3.0.202008311133/tools/bin/../lib/gcc/arm-none-eabi/9.3.1/thumb/v7-m/nofp\libgcc.a(_arm_fixdfsi.o)
                0x0000a24c                __aeabi_d2iz
                0x0000a24c                __fixdfsi
 .text.__errno  0x0000a29c        0xc c:/nxp/mcuxpressoide_11.3.1_5262/ide/plugins/com.nxp.mcuxpresso.tools.win32_11.3.0.202008311133/tools/bin/../lib/gcc/arm-none-eabi/9.3.1/../../../../arm-none-eabi/lib/thumb/v7-m/nofp\libc.a(lib_a-errno.o)
                0x0000a29c                __errno
 *(.rodata .rodata.* .constdata .constdata.*)
 .rodata.str1.4
                0x0000a2a8       0x79 ./src/main.o
 *fill*         0x0000a321        0x3 ff
 .rodata        0x0000a324     0x6e60 ./src/startupSound_8k.o
                0x0000a324                sound_8k
 .rodata        0x00011184        0x8 C:\Users\student\Documents\f07\embedded-systems\Lib_EaBaseBoard\Debug\libLib_EaBaseBoard.a(oled.o)
 .rodata        0x0001118c      0x300 C:\Users\student\Documents\f07\embedded-systems\Lib_EaBaseBoard\Debug\libLib_EaBaseBoard.a(font5x7.o)
                0x0001118c                font5x7
 .rodata.str1.4
                0x0001148c        0xf C:\Users\student\Documents\f07\embedded-systems\Lib_MCU\Debug\libLib_MCU.a(lpc17xx_adc.o)
 *fill*         0x0001149b        0x1 ff
 .rodata.str1.4
                0x0001149c        0xf C:\Users\student\Documents\f07\embedded-systems\Lib_MCU\Debug\libLib_MCU.a(lpc17xx_dac.o)
 *fill*         0x000114ab        0x1 ff
 .rodata.str1.4
                0x000114ac        0xf C:\Users\student\Documents\f07\embedded-systems\Lib_MCU\Debug\libLib_MCU.a(lpc17xx_i2c.o)
 *fill*         0x000114bb        0x1 ff
 .rodata.str1.4
                0x000114bc        0xf C:\Users\student\Documents\f07\embedded-systems\Lib_MCU\Debug\libLib_MCU.a(lpc17xx_ssp.o)
 *fill*         0x000114cb        0x1 ff
 .rodata.str1.4
                0x000114cc       0x11 C:\Users\student\Documents\f07\embedded-systems\Lib_MCU\Debug\libLib_MCU.a(lpc17xx_timer.o)
 *fill*         0x000114dd        0x3 ff
 .rodata.str1.4
                0x000114e0       0x10 C:\Users\student\Documents\f07\embedded-systems\Lib_MCU\Debug\libLib_MCU.a(lpc17xx_uart.o)
 .rodata._svfprintf_r.str1.4
                0x000114f0       0x42 c:/nxp/mcuxpressoide_11.3.1_5262/ide/plugins/com.nxp.mcuxpresso.tools.win32_11.3.0.202008311133/tools/bin/../lib/gcc/arm-none-eabi/9.3.1/../../../../arm-none-eabi/lib/thumb/v7-m/nofp\libc.a(lib_a-svfprintf.o)
 *fill*         0x00011532        0x2 ff
 .rodata.blanks.7335
                0x00011534       0x10 c:/nxp/mcuxpressoide_11.3.1_5262/ide/plugins/com.nxp.mcuxpresso.tools.win32_11.3.0.202008311133/tools/bin/../lib/gcc/arm-none-eabi/9.3.1/../../../../arm-none-eabi/lib/thumb/v7-m/nofp\libc.a(lib_a-svfprintf.o)
 .rodata.zeroes.7336
                0x00011544       0x10 c:/nxp/mcuxpressoide_11.3.1_5262/ide/plugins/com.nxp.mcuxpresso.tools.win32_11.3.0.202008311133/tools/bin/../lib/gcc/arm-none-eabi/9.3.1/../../../../arm-none-eabi/lib/thumb/v7-m/nofp\libc.a(lib_a-svfprintf.o)
 .rodata._dtoa_r.str1.4
                0x00011554       0xa0 c:/nxp/mcuxpressoide_11.3.1_5262/ide/plugins/com.nxp.mcuxpresso.tools.win32_11.3.0.202008311133/tools/bin/../lib/gcc/arm-none-eabi/9.3.1/../../../../arm-none-eabi/lib/thumb/v7-m/nofp\libc.a(lib_a-dtoa.o)
                                 0xa4 (size before relaxing)
 .rodata.__multadd.str1.4
                0x000115f4       0x7d c:/nxp/mcuxpressoide_11.3.1_5262/ide/plugins/com.nxp.mcuxpresso.tools.win32_11.3.0.202008311133/tools/bin/../lib/gcc/arm-none-eabi/9.3.1/../../../../arm-none-eabi/lib/thumb/v7-m/nofp\libc.a(lib_a-mprec.o)
                                 0x91 (size before relaxing)
 *fill*         0x00011671        0x7 ff
 .rodata.__mprec_bigtens
                0x00011678       0x28 c:/nxp/mcuxpressoide_11.3.1_5262/ide/plugins/com.nxp.mcuxpresso.tools.win32_11.3.0.202008311133/tools/bin/../lib/gcc/arm-none-eabi/9.3.1/../../../../arm-none-eabi/lib/thumb/v7-m/nofp\libc.a(lib_a-mprec.o)
                0x00011678                __mprec_bigtens
 .rodata.__mprec_tens
                0x000116a0       0xc8 c:/nxp/mcuxpressoide_11.3.1_5262/ide/plugins/com.nxp.mcuxpresso.tools.win32_11.3.0.202008311133/tools/bin/../lib/gcc/arm-none-eabi/9.3.1/../../../../arm-none-eabi/lib/thumb/v7-m/nofp\libc.a(lib_a-mprec.o)
                0x000116a0                __mprec_tens
 .rodata.p05.6122
                0x00011768        0xc c:/nxp/mcuxpressoide_11.3.1_5262/ide/plugins/com.nxp.mcuxpresso.tools.win32_11.3.0.202008311133/tools/bin/../lib/gcc/arm-none-eabi/9.3.1/../../../../arm-none-eabi/lib/thumb/v7-m/nofp\libc.a(lib_a-mprec.o)
 .rodata.__assert_func.str1.4
                0x00011774       0x3f c:/nxp/mcuxpressoide_11.3.1_5262/ide/plugins/com.nxp.mcuxpresso.tools.win32_11.3.0.202008311133/tools/bin/../lib/gcc/arm-none-eabi/9.3.1/../../../../arm-none-eabi/lib/thumb/v7-m/nofp\libc.a(lib_a-assert.o)
                                 0x43 (size before relaxing)
 *fill*         0x000117b3        0x1 ff
 .rodata._setlocale_r.str1.4
                0x000117b4        0xa c:/nxp/mcuxpressoide_11.3.1_5262/ide/plugins/com.nxp.mcuxpresso.tools.win32_11.3.0.202008311133/tools/bin/../lib/gcc/arm-none-eabi/9.3.1/../../../../arm-none-eabi/lib/thumb/v7-m/nofp\libc.a(lib_a-locale.o)
                                  0xd (size before relaxing)
 *fill*         0x000117be        0x2 ff
 .rodata.str1.4
                0x000117c0        0x2 c:/nxp/mcuxpressoide_11.3.1_5262/ide/plugins/com.nxp.mcuxpresso.tools.win32_11.3.0.202008311133/tools/bin/../lib/gcc/arm-none-eabi/9.3.1/../../../../arm-none-eabi/lib/thumb/v7-m/nofp\libc.a(lib_a-locale.o)
 .rodata._vfiprintf_r.str1.4
                0x000117c2       0x2f c:/nxp/mcuxpressoide_11.3.1_5262/ide/plugins/com.nxp.mcuxpresso.tools.win32_11.3.0.202008311133/tools/bin/../lib/gcc/arm-none-eabi/9.3.1/../../../../arm-none-eabi/lib/thumb/v7-m/nofp\libc.a(lib_a-vfiprintf.o)
 *fill*         0x000117c2        0x2 ff
 .rodata.blanks.7328
                0x000117c4       0x10 c:/nxp/mcuxpressoide_11.3.1_5262/ide/plugins/com.nxp.mcuxpresso.tools.win32_11.3.0.202008311133/tools/bin/../lib/gcc/arm-none-eabi/9.3.1/../../../../arm-none-eabi/lib/thumb/v7-m/nofp\libc.a(lib_a-vfiprintf.o)
 .rodata.zeroes.7329
                0x000117d4       0x10 c:/nxp/mcuxpressoide_11.3.1_5262/ide/plugins/com.nxp.mcuxpresso.tools.win32_11.3.0.202008311133/tools/bin/../lib/gcc/arm-none-eabi/9.3.1/../../../../arm-none-eabi/lib/thumb/v7-m/nofp\libc.a(lib_a-vfiprintf.o)
 .rodata._ctype_
                0x000117e4      0x101 c:/nxp/mcuxpressoide_11.3.1_5262/ide/plugins/com.nxp.mcuxpresso.tools.win32_11.3.0.202008311133/tools/bin/../lib/gcc/arm-none-eabi/9.3.1/../../../../arm-none-eabi/lib/thumb/v7-m/nofp\libc.a(lib_a-ctype_.o)
                0x000117e4                _ctype_
 .rodata.initialise_monitor_handles.str1.1
                0x000118e5        0x4 c:/nxp/mcuxpressoide_11.3.1_5262/ide/plugins/com.nxp.mcuxpresso.tools.win32_11.3.0.202008311133/tools/bin/../lib/gcc/arm-none-eabi/9.3.1/../../../../arm-none-eabi/lib/thumb/v7-m/nofp\libcr_newlib_semihost.a(syscalls.o)
                0x000118ec                . = ALIGN (0x4)
 *fill*         0x000118e9        0x3 ff

.glue_7         0x000118ec        0x0
 .glue_7        0x000118ec        0x0 linker stubs

.glue_7t        0x000118ec        0x0
 .glue_7t       0x000118ec        0x0 linker stubs

.vfp11_veneer   0x000118ec        0x0
 .vfp11_veneer  0x000118ec        0x0 linker stubs

.v4_bx          0x000118ec        0x0
 .v4_bx         0x000118ec        0x0 linker stubs

.iplt           0x000118ec        0x0
 .iplt          0x000118ec        0x0 ./src/cr_startup_lpc17.o

.ARM.extab
 *(.ARM.extab* .gnu.linkonce.armextab.*)

.ARM.exidx      0x000118ec        0x8
                0x000118ec                __exidx_start = .
 *(.ARM.exidx* .gnu.linkonce.armexidx.*)
 .ARM.exidx     0x000118ec        0x8 c:/nxp/mcuxpressoide_11.3.1_5262/ide/plugins/com.nxp.mcuxpresso.tools.win32_11.3.0.202008311133/tools/bin/../lib/gcc/arm-none-eabi/9.3.1/thumb/v7-m/nofp\libgcc.a(_udivmoddi4.o)
                0x000118f4                __exidx_end = .
                0x000118f4                _etext = .

.rel.dyn        0x000118f4        0x0
 .rel.iplt      0x000118f4        0x0 ./src/cr_startup_lpc17.o

.data_RAM2      0x2007c000        0x0 load address 0x000118f4
 FILL mask 0xff
                [!provide]                PROVIDE (__start_data_RAM2 = .)
                [!provide]                PROVIDE (__start_data_RamAHB32 = .)
 *(.ramfunc.$RAM2)
 *(.ramfunc.$RamAHB32)
 *(.data.$RAM2)
 *(.data.$RamAHB32)
 *(.data.$RAM2.*)
 *(.data.$RamAHB32.*)
                0x2007c000                . = ALIGN (0x4)
                [!provide]                PROVIDE (__end_data_RAM2 = .)
                [!provide]                PROVIDE (__end_data_RamAHB32 = .)

.uninit_RESERVED
                0x10000000        0x0
                0x10000000                _start_uninit_RESERVED = .
 *(.bss.$RESERVED*)
                0x10000000                . = ALIGN (0x4)
                0x10000000                _end_uninit_RESERVED = .

.data           0x10000000      0x9bc load address 0x000118f4
 FILL mask 0xff
                0x10000000                _data = .
                [!provide]                PROVIDE (__start_data_RAM = .)
                [!provide]                PROVIDE (__start_data_RamLoc32 = .)
 *(vtable)
 *(.ramfunc*)
 *(CodeQuickAccess)
 *(DataQuickAccess)
 *(RamFunction)
 *(.data*)
 .data          0x10000000        0x4 ./src/startupSound_8k.o
                0x10000000                sound_sz
 .data          0x10000004        0x4 C:\Users\student\Documents\f07\embedded-systems\Lib_CMSISv1p30_LPC17xx\Debug\libCMSISv1p30_LPC17xx.a(system_LPC17xx.o)
                0x10000004                SystemCoreClock
 .data          0x10000008        0x8 C:\Users\student\Documents\f07\embedded-systems\Lib_EaBaseBoard\Debug\libLib_EaBaseBoard.a(light.o)
 .data._impure_ptr
                0x10000010        0x4 c:/nxp/mcuxpressoide_11.3.1_5262/ide/plugins/com.nxp.mcuxpresso.tools.win32_11.3.0.202008311133/tools/bin/../lib/gcc/arm-none-eabi/9.3.1/../../../../arm-none-eabi/lib/thumb/v7-m/nofp\libc.a(lib_a-impure.o)
                0x10000010                _impure_ptr
 *fill*         0x10000014        0x4 ff
 .data.impure_data
                0x10000018      0x428 c:/nxp/mcuxpressoide_11.3.1_5262/ide/plugins/com.nxp.mcuxpresso.tools.win32_11.3.0.202008311133/tools/bin/../lib/gcc/arm-none-eabi/9.3.1/../../../../arm-none-eabi/lib/thumb/v7-m/nofp\libc.a(lib_a-impure.o)
 .data.__malloc_av_
                0x10000440      0x408 c:/nxp/mcuxpressoide_11.3.1_5262/ide/plugins/com.nxp.mcuxpresso.tools.win32_11.3.0.202008311133/tools/bin/../lib/gcc/arm-none-eabi/9.3.1/../../../../arm-none-eabi/lib/thumb/v7-m/nofp\libc.a(lib_a-mallocr.o)
                0x10000440                __malloc_av_
 .data.__malloc_sbrk_base
                0x10000848        0x4 c:/nxp/mcuxpressoide_11.3.1_5262/ide/plugins/com.nxp.mcuxpresso.tools.win32_11.3.0.202008311133/tools/bin/../lib/gcc/arm-none-eabi/9.3.1/../../../../arm-none-eabi/lib/thumb/v7-m/nofp\libc.a(lib_a-mallocr.o)
                0x10000848                __malloc_sbrk_base
 .data.__malloc_trim_threshold
                0x1000084c        0x4 c:/nxp/mcuxpressoide_11.3.1_5262/ide/plugins/com.nxp.mcuxpresso.tools.win32_11.3.0.202008311133/tools/bin/../lib/gcc/arm-none-eabi/9.3.1/../../../../arm-none-eabi/lib/thumb/v7-m/nofp\libc.a(lib_a-mallocr.o)
                0x1000084c                __malloc_trim_threshold
 .data.__global_locale
                0x10000850      0x16c c:/nxp/mcuxpressoide_11.3.1_5262/ide/plugins/com.nxp.mcuxpresso.tools.win32_11.3.0.202008311133/tools/bin/../lib/gcc/arm-none-eabi/9.3.1/../../../../arm-none-eabi/lib/thumb/v7-m/nofp\libc.a(lib_a-locale.o)
                0x10000850                __global_locale
                0x100009bc                . = ALIGN (0x4)
                0x100009bc                _edata = .
                [!provide]                PROVIDE (__end_data_RAM = .)
                [!provide]                PROVIDE (__end_data_RamLoc32 = .)

.igot.plt       0x100009bc        0x0 load address 0x000122b0
 .igot.plt      0x100009bc        0x0 ./src/cr_startup_lpc17.o

.bss_RAM2       0x2007c000        0x0
                [!provide]                PROVIDE (__start_bss_RAM2 = .)
                [!provide]                PROVIDE (__start_bss_RamAHB32 = .)
 *(.bss.$RAM2)
 *(.bss.$RamAHB32)
 *(.bss.$RAM2.*)
 *(.bss.$RamAHB32.*)
                0x2007c000                . = ALIGN ((. != 0x0)?0x4:0x1)
                [!provide]                PROVIDE (__end_bss_RAM2 = .)
                [!provide]                PROVIDE (__end_bss_RamAHB32 = .)

.bss            0x100009bc      0x3e4
                0x100009bc                _bss = .
                [!provide]                PROVIDE (__start_bss_RAM = .)
                [!provide]                PROVIDE (__start_bss_RamLoc32 = .)
 *(.bss*)
 .bss           0x100009bc       0x14 ./src/main.o
 .bss           0x100009d0      0x300 C:\Users\student\Documents\f07\embedded-systems\Lib_EaBaseBoard\Debug\libLib_EaBaseBoard.a(oled.o)
 .bss           0x10000cd0        0x4 C:\Users\student\Documents\f07\embedded-systems\Lib_EaBaseBoard\Debug\libLib_EaBaseBoard.a(temp.o)
 .bss           0x10000cd4       0x34 C:\Users\student\Documents\f07\embedded-systems\Lib_MCU\Debug\libLib_MCU.a(lpc17xx_i2c.o)
 .bss.__malloc_current_mallinfo
                0x10000d08       0x28 c:/nxp/mcuxpressoide_11.3.1_5262/ide/plugins/com.nxp.mcuxpresso.tools.win32_11.3.0.202008311133/tools/bin/../lib/gcc/arm-none-eabi/9.3.1/../../../../arm-none-eabi/lib/thumb/v7-m/nofp\libc.a(lib_a-mallocr.o)
                0x10000d08                __malloc_current_mallinfo
 .bss.__malloc_max_sbrked_mem
                0x10000d30        0x4 c:/nxp/mcuxpressoide_11.3.1_5262/ide/plugins/com.nxp.mcuxpresso.tools.win32_11.3.0.202008311133/tools/bin/../lib/gcc/arm-none-eabi/9.3.1/../../../../arm-none-eabi/lib/thumb/v7-m/nofp\libc.a(lib_a-mallocr.o)
                0x10000d30                __malloc_max_sbrked_mem
 .bss.__malloc_max_total_mem
                0x10000d34        0x4 c:/nxp/mcuxpressoide_11.3.1_5262/ide/plugins/com.nxp.mcuxpresso.tools.win32_11.3.0.202008311133/tools/bin/../lib/gcc/arm-none-eabi/9.3.1/../../../../arm-none-eabi/lib/thumb/v7-m/nofp\libc.a(lib_a-mallocr.o)
                0x10000d34                __malloc_max_total_mem
 .bss.__malloc_top_pad
                0x10000d38        0x4 c:/nxp/mcuxpressoide_11.3.1_5262/ide/plugins/com.nxp.mcuxpresso.tools.win32_11.3.0.202008311133/tools/bin/../lib/gcc/arm-none-eabi/9.3.1/../../../../arm-none-eabi/lib/thumb/v7-m/nofp\libc.a(lib_a-mallocr.o)
                0x10000d38                __malloc_top_pad
 .bss.__end_of_heap
                0x10000d3c        0x4 c:/nxp/mcuxpressoide_11.3.1_5262/ide/plugins/com.nxp.mcuxpresso.tools.win32_11.3.0.202008311133/tools/bin/../lib/gcc/arm-none-eabi/9.3.1/../../../../arm-none-eabi/lib/thumb/v7-m/nofp\libcr_newlib_semihost.a(_cr_sbrk.o)
                0x10000d3c                __end_of_heap
 .bss.initialized.5713
                0x10000d40        0x4 c:/nxp/mcuxpressoide_11.3.1_5262/ide/plugins/com.nxp.mcuxpresso.tools.win32_11.3.0.202008311133/tools/bin/../lib/gcc/arm-none-eabi/9.3.1/../../../../arm-none-eabi/lib/thumb/v7-m/nofp\libcr_newlib_semihost.a(syscalls.o)
 .bss.monitor_stderr
                0x10000d44        0x4 c:/nxp/mcuxpressoide_11.3.1_5262/ide/plugins/com.nxp.mcuxpresso.tools.win32_11.3.0.202008311133/tools/bin/../lib/gcc/arm-none-eabi/9.3.1/../../../../arm-none-eabi/lib/thumb/v7-m/nofp\libcr_newlib_semihost.a(syscalls.o)
 .bss.monitor_stdin
                0x10000d48        0x4 c:/nxp/mcuxpressoide_11.3.1_5262/ide/plugins/com.nxp.mcuxpresso.tools.win32_11.3.0.202008311133/tools/bin/../lib/gcc/arm-none-eabi/9.3.1/../../../../arm-none-eabi/lib/thumb/v7-m/nofp\libcr_newlib_semihost.a(syscalls.o)
 .bss.monitor_stdout
                0x10000d4c        0x4 c:/nxp/mcuxpressoide_11.3.1_5262/ide/plugins/com.nxp.mcuxpresso.tools.win32_11.3.0.202008311133/tools/bin/../lib/gcc/arm-none-eabi/9.3.1/../../../../arm-none-eabi/lib/thumb/v7-m/nofp\libcr_newlib_semihost.a(syscalls.o)
 .bss.openfiles
                0x10000d50       0x28 c:/nxp/mcuxpressoide_11.3.1_5262/ide/plugins/com.nxp.mcuxpresso.tools.win32_11.3.0.202008311133/tools/bin/../lib/gcc/arm-none-eabi/9.3.1/../../../../arm-none-eabi/lib/thumb/v7-m/nofp\libcr_newlib_semihost.a(syscalls.o)
 *(COMMON)
 COMMON         0x10000d78       0x21 c:/nxp/mcuxpressoide_11.3.1_5262/ide/plugins/com.nxp.mcuxpresso.tools.win32_11.3.0.202008311133/tools/bin/../lib/gcc/arm-none-eabi/9.3.1/../../../../arm-none-eabi/lib/thumb/v7-m/nofp\libc.a(lib_a-lock.o)
                0x10000d78                __lock___atexit_recursive_mutex
                0x10000d7c                __lock___arc4random_mutex
                0x10000d80                __lock___env_recursive_mutex
                0x10000d84                __lock___sinit_recursive_mutex
                0x10000d88                __lock___malloc_recursive_mutex
                0x10000d8c                __lock___at_quick_exit_mutex
                0x10000d90                __lock___dd_hash_mutex
                0x10000d94                __lock___tz_mutex
                0x10000d98                __lock___sfp_recursive_mutex
 *fill*         0x10000d99        0x3 
 COMMON         0x10000d9c        0x4 c:/nxp/mcuxpressoide_11.3.1_5262/ide/plugins/com.nxp.mcuxpresso.tools.win32_11.3.0.202008311133/tools/bin/../lib/gcc/arm-none-eabi/9.3.1/../../../../arm-none-eabi/lib/thumb/v7-m/nofp\libc.a(lib_a-reent.o)
                0x10000d9c                errno
                0x10000da0                . = ALIGN (0x4)
                0x10000da0                _ebss = .
                [!provide]                PROVIDE (__end_bss_RAM = .)
                [!provide]                PROVIDE (__end_bss_RamLoc32 = .)
                [!provide]                PROVIDE (end = .)

.noinit_RAM2    0x2007c000        0x0
                [!provide]                PROVIDE (__start_noinit_RAM2 = .)
                [!provide]                PROVIDE (__start_noinit_RamAHB32 = .)
 *(.noinit.$RAM2)
 *(.noinit.$RamAHB32)
 *(.noinit.$RAM2.*)
 *(.noinit.$RamAHB32.*)
                0x2007c000                . = ALIGN (0x4)
                [!provide]                PROVIDE (__end_noinit_RAM2 = .)
                [!provide]                PROVIDE (__end_noinit_RamAHB32 = .)

.noinit         0x10000da0        0x0
                0x10000da0                _noinit = .
                [!provide]                PROVIDE (__start_noinit_RAM = .)
                [!provide]                PROVIDE (__start_noinit_RamLoc32 = .)
 *(.noinit*)
                0x10000da0                . = ALIGN (0x4)
                0x10000da0                _end_noinit = .
                [!provide]                PROVIDE (__end_noinit_RAM = .)
                [!provide]                PROVIDE (__end_noinit_RamLoc32 = .)
                0x10000da0                PROVIDE (_pvHeapStart = DEFINED (__user_heap_base)?__user_heap_base:.)
                0x10008000                PROVIDE (_vStackTop = DEFINED (__user_stack_top)?__user_stack_top:(__top_RamLoc32 - 0x0))
                [!provide]                PROVIDE (__valid_user_code_checksum = (0x0 - ((((((_vStackTop + (ResetISR + 0x1)) + (NMI_Handler + 0x1)) + (HardFault_Handler + 0x1)) + (DEFINED (MemManage_Handler)?MemManage_Handler:0x0 + 0x1)) + (DEFINED (BusFault_Handler)?BusFault_Handler:0x0 + 0x1)) + (DEFINED (UsageFault_Handler)?UsageFault_Handler:0x0 + 0x1))))
                0x00000000                _image_start = LOADADDR (.text)
                0x000122b0                _image_end = (LOADADDR (.data) + SIZEOF (.data))
                0x000122b0                _image_size = (_image_end - _image_start)
OUTPUT(speaker_wav.axf elf32-littlearm)
LOAD linker stubs

.debug_info     0x00000000     0x84b6
 .debug_info    0x00000000      0x1fe ./src/cr_startup_lpc17.o
 .debug_info    0x000001fe      0xf4e ./src/main.o
 .debug_info    0x0000114c       0x77 ./src/startupSound_8k.o
 .debug_info    0x000011c3      0x345 C:\Users\student\Documents\f07\embedded-systems\Lib_CMSISv1p30_LPC17xx\Debug\libCMSISv1p30_LPC17xx.a(system_LPC17xx.o)
 .debug_info    0x00001508      0x566 C:\Users\student\Documents\f07\embedded-systems\Lib_EaBaseBoard\Debug\libLib_EaBaseBoard.a(acc.o)
 .debug_info    0x00001a6e      0x13f C:\Users\student\Documents\f07\embedded-systems\Lib_EaBaseBoard\Debug\libLib_EaBaseBoard.a(joystick.o)
 .debug_info    0x00001bad      0x795 C:\Users\student\Documents\f07\embedded-systems\Lib_EaBaseBoard\Debug\libLib_EaBaseBoard.a(light.o)
 .debug_info    0x00002342      0x9d1 C:\Users\student\Documents\f07\embedded-systems\Lib_EaBaseBoard\Debug\libLib_EaBaseBoard.a(oled.o)
 .debug_info    0x00002d13      0x183 C:\Users\student\Documents\f07\embedded-systems\Lib_EaBaseBoard\Debug\libLib_EaBaseBoard.a(temp.o)
 .debug_info    0x00002e96       0x62 C:\Users\student\Documents\f07\embedded-systems\Lib_EaBaseBoard\Debug\libLib_EaBaseBoard.a(font5x7.o)
 .debug_info    0x00002ef8      0x666 C:\Users\student\Documents\f07\embedded-systems\Lib_MCU\Debug\libLib_MCU.a(lpc17xx_adc.o)
 .debug_info    0x0000355e      0x62a C:\Users\student\Documents\f07\embedded-systems\Lib_MCU\Debug\libLib_MCU.a(lpc17xx_clkpwr.o)
 .debug_info    0x00003b88      0x2b3 C:\Users\student\Documents\f07\embedded-systems\Lib_MCU\Debug\libLib_MCU.a(lpc17xx_dac.o)
 .debug_info    0x00003e3b      0xe1a C:\Users\student\Documents\f07\embedded-systems\Lib_MCU\Debug\libLib_MCU.a(lpc17xx_gpio.o)
 .debug_info    0x00004c55      0xdca C:\Users\student\Documents\f07\embedded-systems\Lib_MCU\Debug\libLib_MCU.a(lpc17xx_i2c.o)
 .debug_info    0x00005a1f      0x102 C:\Users\student\Documents\f07\embedded-systems\Lib_MCU\Debug\libLib_MCU.a(lpc17xx_libcfg_default.o)
 .debug_info    0x00005b21      0x4cd C:\Users\student\Documents\f07\embedded-systems\Lib_MCU\Debug\libLib_MCU.a(lpc17xx_pinsel.o)
 .debug_info    0x00005fee      0x7b5 C:\Users\student\Documents\f07\embedded-systems\Lib_MCU\Debug\libLib_MCU.a(lpc17xx_ssp.o)
 .debug_info    0x000067a3      0x977 C:\Users\student\Documents\f07\embedded-systems\Lib_MCU\Debug\libLib_MCU.a(lpc17xx_timer.o)
 .debug_info    0x0000711a     0x139c C:\Users\student\Documents\f07\embedded-systems\Lib_MCU\Debug\libLib_MCU.a(lpc17xx_uart.o)

.debug_abbrev   0x00000000     0x219d
 .debug_abbrev  0x00000000       0xc8 ./src/cr_startup_lpc17.o
 .debug_abbrev  0x000000c8      0x378 ./src/main.o
 .debug_abbrev  0x00000440       0x68 ./src/startupSound_8k.o
 .debug_abbrev  0x000004a8      0x11c C:\Users\student\Documents\f07\embedded-systems\Lib_CMSISv1p30_LPC17xx\Debug\libCMSISv1p30_LPC17xx.a(system_LPC17xx.o)
 .debug_abbrev  0x000005c4      0x1bf C:\Users\student\Documents\f07\embedded-systems\Lib_EaBaseBoard\Debug\libLib_EaBaseBoard.a(acc.o)
 .debug_abbrev  0x00000783       0xd0 C:\Users\student\Documents\f07\embedded-systems\Lib_EaBaseBoard\Debug\libLib_EaBaseBoard.a(joystick.o)
 .debug_abbrev  0x00000853      0x230 C:\Users\student\Documents\f07\embedded-systems\Lib_EaBaseBoard\Debug\libLib_EaBaseBoard.a(light.o)
 .debug_abbrev  0x00000a83      0x23c C:\Users\student\Documents\f07\embedded-systems\Lib_EaBaseBoard\Debug\libLib_EaBaseBoard.a(oled.o)
 .debug_abbrev  0x00000cbf       0xfb C:\Users\student\Documents\f07\embedded-systems\Lib_EaBaseBoard\Debug\libLib_EaBaseBoard.a(temp.o)
 .debug_abbrev  0x00000dba       0x4a C:\Users\student\Documents\f07\embedded-systems\Lib_EaBaseBoard\Debug\libLib_EaBaseBoard.a(font5x7.o)
 .debug_abbrev  0x00000e04      0x1c7 C:\Users\student\Documents\f07\embedded-systems\Lib_MCU\Debug\libLib_MCU.a(lpc17xx_adc.o)
 .debug_abbrev  0x00000fcb      0x1fd C:\Users\student\Documents\f07\embedded-systems\Lib_MCU\Debug\libLib_MCU.a(lpc17xx_clkpwr.o)
 .debug_abbrev  0x000011c8      0x14a C:\Users\student\Documents\f07\embedded-systems\Lib_MCU\Debug\libLib_MCU.a(lpc17xx_dac.o)
 .debug_abbrev  0x00001312      0x26b C:\Users\student\Documents\f07\embedded-systems\Lib_MCU\Debug\libLib_MCU.a(lpc17xx_gpio.o)
 .debug_abbrev  0x0000157d      0x2de C:\Users\student\Documents\f07\embedded-systems\Lib_MCU\Debug\libLib_MCU.a(lpc17xx_i2c.o)
 .debug_abbrev  0x0000185b       0xad C:\Users\student\Documents\f07\embedded-systems\Lib_MCU\Debug\libLib_MCU.a(lpc17xx_libcfg_default.o)
 .debug_abbrev  0x00001908      0x196 C:\Users\student\Documents\f07\embedded-systems\Lib_MCU\Debug\libLib_MCU.a(lpc17xx_pinsel.o)
 .debug_abbrev  0x00001a9e      0x21b C:\Users\student\Documents\f07\embedded-systems\Lib_MCU\Debug\libLib_MCU.a(lpc17xx_ssp.o)
 .debug_abbrev  0x00001cb9      0x25d C:\Users\student\Documents\f07\embedded-systems\Lib_MCU\Debug\libLib_MCU.a(lpc17xx_timer.o)
 .debug_abbrev  0x00001f16      0x287 C:\Users\student\Documents\f07\embedded-systems\Lib_MCU\Debug\libLib_MCU.a(lpc17xx_uart.o)

.debug_aranges  0x00000000      0x8d0
 .debug_aranges
                0x00000000       0x70 ./src/cr_startup_lpc17.o
 .debug_aranges
                0x00000070       0x88 ./src/main.o
 .debug_aranges
                0x000000f8       0x18 ./src/startupSound_8k.o
 .debug_aranges
                0x00000110       0x28 C:\Users\student\Documents\f07\embedded-systems\Lib_CMSISv1p30_LPC17xx\Debug\libCMSISv1p30_LPC17xx.a(system_LPC17xx.o)
 .debug_aranges
                0x00000138       0x60 C:\Users\student\Documents\f07\embedded-systems\Lib_EaBaseBoard\Debug\libLib_EaBaseBoard.a(acc.o)
 .debug_aranges
                0x00000198       0x28 C:\Users\student\Documents\f07\embedded-systems\Lib_EaBaseBoard\Debug\libLib_EaBaseBoard.a(joystick.o)
 .debug_aranges
                0x000001c0       0x98 C:\Users\student\Documents\f07\embedded-systems\Lib_EaBaseBoard\Debug\libLib_EaBaseBoard.a(light.o)
 .debug_aranges
                0x00000258       0x90 C:\Users\student\Documents\f07\embedded-systems\Lib_EaBaseBoard\Debug\libLib_EaBaseBoard.a(oled.o)
 .debug_aranges
                0x000002e8       0x28 C:\Users\student\Documents\f07\embedded-systems\Lib_EaBaseBoard\Debug\libLib_EaBaseBoard.a(temp.o)
 .debug_aranges
                0x00000310       0x18 C:\Users\student\Documents\f07\embedded-systems\Lib_EaBaseBoard\Debug\libLib_EaBaseBoard.a(font5x7.o)
 .debug_aranges
                0x00000328       0x80 C:\Users\student\Documents\f07\embedded-systems\Lib_MCU\Debug\libLib_MCU.a(lpc17xx_adc.o)
 .debug_aranges
                0x000003a8       0x60 C:\Users\student\Documents\f07\embedded-systems\Lib_MCU\Debug\libLib_MCU.a(lpc17xx_clkpwr.o)
 .debug_aranges
                0x00000408       0x40 C:\Users\student\Documents\f07\embedded-systems\Lib_MCU\Debug\libLib_MCU.a(lpc17xx_dac.o)
 .debug_aranges
                0x00000448       0xf8 C:\Users\student\Documents\f07\embedded-systems\Lib_MCU\Debug\libLib_MCU.a(lpc17xx_gpio.o)
 .debug_aranges
                0x00000540       0xd0 C:\Users\student\Documents\f07\embedded-systems\Lib_MCU\Debug\libLib_MCU.a(lpc17xx_i2c.o)
 .debug_aranges
                0x00000610       0x20 C:\Users\student\Documents\f07\embedded-systems\Lib_MCU\Debug\libLib_MCU.a(lpc17xx_libcfg_default.o)
 .debug_aranges
                0x00000630       0x48 C:\Users\student\Documents\f07\embedded-systems\Lib_MCU\Debug\libLib_MCU.a(lpc17xx_pinsel.o)
 .debug_aranges
                0x00000678       0xa8 C:\Users\student\Documents\f07\embedded-systems\Lib_MCU\Debug\libLib_MCU.a(lpc17xx_ssp.o)
 .debug_aranges
                0x00000720       0xa8 C:\Users\student\Documents\f07\embedded-systems\Lib_MCU\Debug\libLib_MCU.a(lpc17xx_timer.o)
 .debug_aranges
                0x000007c8      0x108 C:\Users\student\Documents\f07\embedded-systems\Lib_MCU\Debug\libLib_MCU.a(lpc17xx_uart.o)

.debug_ranges   0x00000000      0x780
 .debug_ranges  0x00000000       0x60 ./src/cr_startup_lpc17.o
 .debug_ranges  0x00000060       0x78 ./src/main.o
 .debug_ranges  0x000000d8       0x18 C:\Users\student\Documents\f07\embedded-systems\Lib_CMSISv1p30_LPC17xx\Debug\libCMSISv1p30_LPC17xx.a(system_LPC17xx.o)
 .debug_ranges  0x000000f0       0x50 C:\Users\student\Documents\f07\embedded-systems\Lib_EaBaseBoard\Debug\libLib_EaBaseBoard.a(acc.o)
 .debug_ranges  0x00000140       0x18 C:\Users\student\Documents\f07\embedded-systems\Lib_EaBaseBoard\Debug\libLib_EaBaseBoard.a(joystick.o)
 .debug_ranges  0x00000158       0x88 C:\Users\student\Documents\f07\embedded-systems\Lib_EaBaseBoard\Debug\libLib_EaBaseBoard.a(light.o)
 .debug_ranges  0x000001e0       0x80 C:\Users\student\Documents\f07\embedded-systems\Lib_EaBaseBoard\Debug\libLib_EaBaseBoard.a(oled.o)
 .debug_ranges  0x00000260       0x18 C:\Users\student\Documents\f07\embedded-systems\Lib_EaBaseBoard\Debug\libLib_EaBaseBoard.a(temp.o)
 .debug_ranges  0x00000278       0x70 C:\Users\student\Documents\f07\embedded-systems\Lib_MCU\Debug\libLib_MCU.a(lpc17xx_adc.o)
 .debug_ranges  0x000002e8       0x50 C:\Users\student\Documents\f07\embedded-systems\Lib_MCU\Debug\libLib_MCU.a(lpc17xx_clkpwr.o)
 .debug_ranges  0x00000338       0x30 C:\Users\student\Documents\f07\embedded-systems\Lib_MCU\Debug\libLib_MCU.a(lpc17xx_dac.o)
 .debug_ranges  0x00000368       0xe8 C:\Users\student\Documents\f07\embedded-systems\Lib_MCU\Debug\libLib_MCU.a(lpc17xx_gpio.o)
 .debug_ranges  0x00000450       0xc0 C:\Users\student\Documents\f07\embedded-systems\Lib_MCU\Debug\libLib_MCU.a(lpc17xx_i2c.o)
 .debug_ranges  0x00000510       0x10 C:\Users\student\Documents\f07\embedded-systems\Lib_MCU\Debug\libLib_MCU.a(lpc17xx_libcfg_default.o)
 .debug_ranges  0x00000520       0x38 C:\Users\student\Documents\f07\embedded-systems\Lib_MCU\Debug\libLib_MCU.a(lpc17xx_pinsel.o)
 .debug_ranges  0x00000558       0x98 C:\Users\student\Documents\f07\embedded-systems\Lib_MCU\Debug\libLib_MCU.a(lpc17xx_ssp.o)
 .debug_ranges  0x000005f0       0x98 C:\Users\student\Documents\f07\embedded-systems\Lib_MCU\Debug\libLib_MCU.a(lpc17xx_timer.o)
 .debug_ranges  0x00000688       0xf8 C:\Users\student\Documents\f07\embedded-systems\Lib_MCU\Debug\libLib_MCU.a(lpc17xx_uart.o)

.debug_macro    0x00000000     0x6542
 .debug_macro   0x00000000       0x79 ./src/cr_startup_lpc17.o
 .debug_macro   0x00000079      0xaa8 ./src/cr_startup_lpc17.o
 .debug_macro   0x00000b21       0x22 ./src/cr_startup_lpc17.o
 .debug_macro   0x00000b43       0x8e ./src/cr_startup_lpc17.o
 .debug_macro   0x00000bd1       0x51 ./src/cr_startup_lpc17.o
 .debug_macro   0x00000c22      0x103 ./src/cr_startup_lpc17.o
 .debug_macro   0x00000d25       0x6a ./src/cr_startup_lpc17.o
 .debug_macro   0x00000d8f      0x1df ./src/cr_startup_lpc17.o
 .debug_macro   0x00000f6e      0x116 ./src/main.o
 .debug_macro   0x00001084       0x1c ./src/main.o
 .debug_macro   0x000010a0       0x22 ./src/main.o
 .debug_macro   0x000010c2      0x7b7 ./src/main.o
 .debug_macro   0x00001879      0x2c7 ./src/main.o
 .debug_macro   0x00001b40       0x64 ./src/main.o
 .debug_macro   0x00001ba4      0x140 ./src/main.o
 .debug_macro   0x00001ce4       0x46 ./src/main.o
 .debug_macro   0x00001d2a      0x33f ./src/main.o
 .debug_macro   0x00002069       0x40 ./src/main.o
 .debug_macro   0x000020a9       0xed ./src/main.o
 .debug_macro   0x00002196      0x192 ./src/main.o
 .debug_macro   0x00002328      0x2a6 ./src/main.o
 .debug_macro   0x000025ce       0xee ./src/main.o
 .debug_macro   0x000026bc       0x28 ./src/main.o
 .debug_macro   0x000026e4       0x16 ./src/main.o
 .debug_macro   0x000026fa       0x11 ./src/startupSound_8k.o
 .debug_macro   0x0000270b      0x113 C:\Users\student\Documents\f07\embedded-systems\Lib_CMSISv1p30_LPC17xx\Debug\libCMSISv1p30_LPC17xx.a(system_LPC17xx.o)
 .debug_macro   0x0000281e      0xaa2 C:\Users\student\Documents\f07\embedded-systems\Lib_CMSISv1p30_LPC17xx\Debug\libCMSISv1p30_LPC17xx.a(system_LPC17xx.o)
 .debug_macro   0x000032c0       0x10 C:\Users\student\Documents\f07\embedded-systems\Lib_CMSISv1p30_LPC17xx\Debug\libCMSISv1p30_LPC17xx.a(system_LPC17xx.o)
 .debug_macro   0x000032d0      0x12e C:\Users\student\Documents\f07\embedded-systems\Lib_CMSISv1p30_LPC17xx\Debug\libCMSISv1p30_LPC17xx.a(system_LPC17xx.o)
 .debug_macro   0x000033fe      0x5b3 C:\Users\student\Documents\f07\embedded-systems\Lib_CMSISv1p30_LPC17xx\Debug\libCMSISv1p30_LPC17xx.a(system_LPC17xx.o)
 .debug_macro   0x000039b1      0x7d5 C:\Users\student\Documents\f07\embedded-systems\Lib_CMSISv1p30_LPC17xx\Debug\libCMSISv1p30_LPC17xx.a(system_LPC17xx.o)
 .debug_macro   0x00004186      0x162 C:\Users\student\Documents\f07\embedded-systems\Lib_EaBaseBoard\Debug\libLib_EaBaseBoard.a(acc.o)
 .debug_macro   0x000042e8      0x18c C:\Users\student\Documents\f07\embedded-systems\Lib_EaBaseBoard\Debug\libLib_EaBaseBoard.a(acc.o)
 .debug_macro   0x00004474       0x83 C:\Users\student\Documents\f07\embedded-systems\Lib_EaBaseBoard\Debug\libLib_EaBaseBoard.a(joystick.o)
 .debug_macro   0x000044f7       0x40 C:\Users\student\Documents\f07\embedded-systems\Lib_EaBaseBoard\Debug\libLib_EaBaseBoard.a(joystick.o)
 .debug_macro   0x00004537      0x126 C:\Users\student\Documents\f07\embedded-systems\Lib_EaBaseBoard\Debug\libLib_EaBaseBoard.a(light.o)
 .debug_macro   0x0000465d       0xdd C:\Users\student\Documents\f07\embedded-systems\Lib_EaBaseBoard\Debug\libLib_EaBaseBoard.a(oled.o)
 .debug_macro   0x0000473a       0x5d C:\Users\student\Documents\f07\embedded-systems\Lib_EaBaseBoard\Debug\libLib_EaBaseBoard.a(oled.o)
 .debug_macro   0x00004797       0xae C:\Users\student\Documents\f07\embedded-systems\Lib_EaBaseBoard\Debug\libLib_EaBaseBoard.a(temp.o)
 .debug_macro   0x00004845       0x1a C:\Users\student\Documents\f07\embedded-systems\Lib_EaBaseBoard\Debug\libLib_EaBaseBoard.a(font5x7.o)
 .debug_macro   0x0000485f      0x696 C:\Users\student\Documents\f07\embedded-systems\Lib_EaBaseBoard\Debug\libLib_EaBaseBoard.a(font5x7.o)
 .debug_macro   0x00004ef5       0x8c C:\Users\student\Documents\f07\embedded-systems\Lib_MCU\Debug\libLib_MCU.a(lpc17xx_adc.o)
 .debug_macro   0x00004f81       0xe8 C:\Users\student\Documents\f07\embedded-systems\Lib_MCU\Debug\libLib_MCU.a(lpc17xx_adc.o)
 .debug_macro   0x00005069      0x2fa C:\Users\student\Documents\f07\embedded-systems\Lib_MCU\Debug\libLib_MCU.a(lpc17xx_adc.o)
 .debug_macro   0x00005363       0xda C:\Users\student\Documents\f07\embedded-systems\Lib_MCU\Debug\libLib_MCU.a(lpc17xx_adc.o)
 .debug_macro   0x0000543d       0x7a C:\Users\student\Documents\f07\embedded-systems\Lib_MCU\Debug\libLib_MCU.a(lpc17xx_clkpwr.o)
 .debug_macro   0x000054b7      0x2f4 C:\Users\student\Documents\f07\embedded-systems\Lib_MCU\Debug\libLib_MCU.a(lpc17xx_clkpwr.o)
 .debug_macro   0x000057ab       0x8c C:\Users\student\Documents\f07\embedded-systems\Lib_MCU\Debug\libLib_MCU.a(lpc17xx_dac.o)
 .debug_macro   0x00005837       0x3a C:\Users\student\Documents\f07\embedded-systems\Lib_MCU\Debug\libLib_MCU.a(lpc17xx_dac.o)
 .debug_macro   0x00005871       0x83 C:\Users\student\Documents\f07\embedded-systems\Lib_MCU\Debug\libLib_MCU.a(lpc17xx_gpio.o)
 .debug_macro   0x000058f4       0x95 C:\Users\student\Documents\f07\embedded-systems\Lib_MCU\Debug\libLib_MCU.a(lpc17xx_i2c.o)
 .debug_macro   0x00005989      0x146 C:\Users\student\Documents\f07\embedded-systems\Lib_MCU\Debug\libLib_MCU.a(lpc17xx_i2c.o)
 .debug_macro   0x00005acf       0x5a C:\Users\student\Documents\f07\embedded-systems\Lib_MCU\Debug\libLib_MCU.a(lpc17xx_libcfg_default.o)
 .debug_macro   0x00005b29       0x5e C:\Users\student\Documents\f07\embedded-systems\Lib_MCU\Debug\libLib_MCU.a(lpc17xx_libcfg_default.o)
 .debug_macro   0x00005b87       0xd4 C:\Users\student\Documents\f07\embedded-systems\Lib_MCU\Debug\libLib_MCU.a(lpc17xx_libcfg_default.o)
 .debug_macro   0x00005c5b       0x7a C:\Users\student\Documents\f07\embedded-systems\Lib_MCU\Debug\libLib_MCU.a(lpc17xx_pinsel.o)
 .debug_macro   0x00005cd5       0x8c C:\Users\student\Documents\f07\embedded-systems\Lib_MCU\Debug\libLib_MCU.a(lpc17xx_ssp.o)
 .debug_macro   0x00005d61      0x2a0 C:\Users\student\Documents\f07\embedded-systems\Lib_MCU\Debug\libLib_MCU.a(lpc17xx_ssp.o)
 .debug_macro   0x00006001       0x95 C:\Users\student\Documents\f07\embedded-systems\Lib_MCU\Debug\libLib_MCU.a(lpc17xx_timer.o)
 .debug_macro   0x00006096       0xe7 C:\Users\student\Documents\f07\embedded-systems\Lib_MCU\Debug\libLib_MCU.a(lpc17xx_timer.o)
 .debug_macro   0x0000617d       0x8c C:\Users\student\Documents\f07\embedded-systems\Lib_MCU\Debug\libLib_MCU.a(lpc17xx_uart.o)
 .debug_macro   0x00006209      0x339 C:\Users\student\Documents\f07\embedded-systems\Lib_MCU\Debug\libLib_MCU.a(lpc17xx_uart.o)

.debug_line     0x00000000     0x6d85
 .debug_line    0x00000000      0x446 ./src/cr_startup_lpc17.o
 .debug_line    0x00000446      0x830 ./src/main.o
 .debug_line    0x00000c76       0x39 ./src/startupSound_8k.o
 .debug_line    0x00000caf      0x3f4 C:\Users\student\Documents\f07\embedded-systems\Lib_CMSISv1p30_LPC17xx\Debug\libCMSISv1p30_LPC17xx.a(system_LPC17xx.o)
 .debug_line    0x000010a3      0x402 C:\Users\student\Documents\f07\embedded-systems\Lib_EaBaseBoard\Debug\libLib_EaBaseBoard.a(acc.o)
 .debug_line    0x000014a5      0x2f5 C:\Users\student\Documents\f07\embedded-systems\Lib_EaBaseBoard\Debug\libLib_EaBaseBoard.a(joystick.o)
 .debug_line    0x0000179a      0x528 C:\Users\student\Documents\f07\embedded-systems\Lib_EaBaseBoard\Debug\libLib_EaBaseBoard.a(light.o)
 .debug_line    0x00001cc2      0x814 C:\Users\student\Documents\f07\embedded-systems\Lib_EaBaseBoard\Debug\libLib_EaBaseBoard.a(oled.o)