core_cm3.h:1586:22:NVIC_SetPriority	16	static
core_cm3.h:1694:26:SysTick_Config	16	static
main.c:29:13:intToString	32	static
main.c:82:6:SysTick_Handler	4	static
main.c:86:17:getTicks	4	static
main.c:91:13:init_ssp	40	static
main.c:128:13:init_i2c	16	static
main.c:147:13:init_adc	16	static
main.c:172:6:init_uart	24	static
main.c:193:6:playSound	24	static
main.c:210:5:main	16	static
main.c:249:6:engine_init	16	static
main.c:278:6:init_sensors_and_oled	8	static
main.c:303:6:display_sensor_value	88	static
