core_cm3.h:1586:22:NVIC_SetPriority	16	static
core_cm3.h:1694:26:SysTick_Config	16	static
main.c:32:13:intToString	32	static
main.c:85:6:SysTick_Handler	4	static
main.c:89:17:getTicks	4	static
main.c:94:13:init_ssp	40	static
main.c:131:13:init_i2c	16	static
main.c:150:13:init_adc	16	static
main.c:175:6:init_uart	24	static
main.c:196:6:playSound	24	static
main.c:225:5:main	16	static
main.c:264:6:engine_init	16	static
main.c:292:6:engine_stop	8	static
main.c:299:6:init_sensors_and_oled	8	static
main.c:324:6:display_sensor_value	88	static
main.c:378:6:speaker_init	8	static
