10:00:10 **** Build of configuration Debug for project bnc_oled ****
make -r -j16 all 
Building file: ../src/cr_startup_lpc17.c
Building file: ../src/main.c
Invoking: MCU C Compiler
Invoking: MCU C Compiler
arm-none-eabi-gcc -DDEBUG -D__USE_CMSIS=CMSISv1p30_LPC17xx -D__CODE_RED -D__NEWLIB__ -I"C:\Users\student\Documents\f07\embedded-systems\Lib_CMSISv1p30_LPC17xx\inc" -I"C:\Users\student\Documents\f07\embedded-systems\Lib_EaBaseBoard\inc" -I"C:\Users\student\Documents\f07\embedded-systems\Lib_MCU\inc" -O0 -g3 -Wall -c -fmessage-length=0 -fno-builtin -ffunction-sections -fmerge-constants -fmacro-prefix-map="../src/"=. -mcpu=cortex-m3 -mthumb -D__NEWLIB__ -fstack-usage -MMD -MP -MF"src/cr_startup_lpc17.d" -MT"src/cr_startup_lpc17.o" -MT"src/cr_startup_lpc17.d" -o "src/cr_startup_lpc17.o" "../src/cr_startup_lpc17.c"
arm-none-eabi-gcc -DDEBUG -D__USE_CMSIS=CMSISv1p30_LPC17xx -D__CODE_RED -D__NEWLIB__ -I"C:\Users\student\Documents\f07\embedded-systems\Lib_CMSISv1p30_LPC17xx\inc" -I"C:\Users\student\Documents\f07\embedded-systems\Lib_EaBaseBoard\inc" -I"C:\Users\student\Documents\f07\embedded-systems\Lib_MCU\inc" -O0 -g3 -Wall -c -fmessage-length=0 -fno-builtin -ffunction-sections -fmerge-constants -fmacro-prefix-map="../src/"=. -mcpu=cortex-m3 -mthumb -D__NEWLIB__ -fstack-usage -MMD -MP -MF"src/main.d" -MT"src/main.o" -MT"src/main.d" -o "src/main.o" "../src/main.c"
Finished building: ../src/cr_startup_lpc17.c
 
Finished building: ../src/main.c
 
Building target: bnc_oled.axf
Invoking: MCU Linker
arm-none-eabi-gcc -nostdlib -L"C:\Users\student\Documents\f07\embedded-systems\Lib_CMSISv1p30_LPC17xx\Debug" -L"C:\Users\student\Documents\f07\embedded-systems\Lib_EaBaseBoard\Debug" -L"C:\Users\student\Documents\f07\embedded-systems\Lib_MCU\Debug" -Xlinker --gc-sections -Xlinker -Map=bnc_oled.map -mcpu=cortex-m3 -mthumb -T "rdb1768cmsis_uart_Debug.ld" -o "bnc_oled.axf"  ./src/cr_startup_lpc17.o ./src/main.o   -lCMSISv1p30_LPC17xx -lLib_EaBaseBoard -lLib_MCU
Finished building target: bnc_oled.axf
 
make --no-print-directory post-build
Performing post-build steps
arm-none-eabi-size bnc_oled.axf; # arm-none-eabi-objdump -h -S bnc_oled.axf >bnc_oled.lss
   text	   data	    bss	    dec	    hex	filename
  10228	      8	    780	  11016	   2b08	bnc_oled.axf
 

10:00:11 Build Finished. 0 errors, 0 warnings. (took 399ms)

