10:00:08 **** Build of configuration Debug for project Lib_FatFs_SD ****
make -r all 
Building file: ../src/ff.c
Invoking: MCU C Compiler
arm-none-eabi-gcc -DDEBUG -D__CODE_RED -D__REDLIB__ -I"C:\Users\student\Documents\f07\embedded-systems\Lib_CMSISv1p30_LPC17xx\inc" -I"C:\Users\student\Documents\f07\embedded-systems\Lib_FatFs_SD\inc" -I"C:\Users\student\Documents\f07\embedded-systems\Lib_MCU\inc" -O0 -g3 -Wall -c -fmessage-length=0 -fno-builtin -ffunction-sections -fmerge-constants -fmacro-prefix-map="../src/"=. -mcpu=cortex-m3 -mthumb -D__REDLIB__ -fstack-usage -specs=redlib.specs -MMD -MP -MF"src/ff.d" -MT"src/ff.o" -MT"src/ff.d" -o "src/ff.o" "../src/ff.c"
Finished building: ../src/ff.c
 
Building file: ../src/mmc.c
Invoking: MCU C Compiler
arm-none-eabi-gcc -DDEBUG -D__CODE_RED -D__REDLIB__ -I"C:\Users\student\Documents\f07\embedded-systems\Lib_CMSISv1p30_LPC17xx\inc" -I"C:\Users\student\Documents\f07\embedded-systems\Lib_FatFs_SD\inc" -I"C:\Users\student\Documents\f07\embedded-systems\Lib_MCU\inc" -O0 -g3 -Wall -c -fmessage-length=0 -fno-builtin -ffunction-sections -fmerge-constants -fmacro-prefix-map="../src/"=. -mcpu=cortex-m3 -mthumb -D__REDLIB__ -fstack-usage -specs=redlib.specs -MMD -MP -MF"src/mmc.d" -MT"src/mmc.o" -MT"src/mmc.d" -o "src/mmc.o" "../src/mmc.c"
Finished building: ../src/mmc.c
 
Building target: libLib_FatFs_SD.a
Invoking: MCU Archiver
arm-none-eabi-ar -r  "libLib_FatFs_SD.a"  ./src/ff.o ./src/mmc.o   
arm-none-eabi-ar: creating libLib_FatFs_SD.a
Finished building target: libLib_FatFs_SD.a
 
make --no-print-directory post-build
Performing post-build steps
arm-none-eabi-size libLib_FatFs_SD.a ; # arm-none-eabi-objdump -h -S libLib_FatFs_SD.a >libLib_FatFs_SD.lss
   text	   data	    bss	    dec	    hex	filename
   9399	      0	     10	   9409	   24c1	ff.o (ex libLib_FatFs_SD.a)
   2818	      1	      4	   2823	    b07	mmc.o (ex libLib_FatFs_SD.a)
 

10:00:08 Build Finished. 0 errors, 0 warnings. (took 552ms)

