10:00:17 **** Build of configuration Debug for project uart2 ****
make -r -j16 all 
Building file: ../src/cr_startup_lpc17.c
Building file: ../src/main.c
Invoking: MCU C Compiler
arm-none-eabi-gcc -DDEBUG -D__USE_CMSIS=CMSISv1p30_LPC17xx -D__CODE_RED -D__NEWLIB__ -I"C:\Users\student\Documents\f07\embedded-systems\Lib_CMSISv1p30_LPC17xx\inc" -I"C:\Users\student\Documents\f07\embedded-systems\Lib_EaBaseBoard\inc" -I"C:\Users\student\Documents\f07\embedded-systems\Lib_MCU\inc" -O0 -g3 -Wall -c -fmessage-length=0 -fno-builtin -ffunction-sections -fmerge-constants -fmacro-prefix-map="../src/"=. -mcpu=cortex-m3 -mthumb -D__NEWLIB__ -fstack-usage -MMD -MP -MF"src/cr_startup_lpc17.d" -MT"src/cr_startup_lpc17.o" -MT"src/cr_startup_lpc17.d" -o "src/cr_startup_lpc17.o" "../src/cr_startup_lpc17.c"
Invoking: MCU C Compiler
arm-none-eabi-gcc -DDEBUG -D__USE_CMSIS=CMSISv1p30_LPC17xx -D__CODE_RED -D__NEWLIB__ -I"C:\Users\student\Documents\f07\embedded-systems\Lib_CMSISv1p30_LPC17xx\inc" -I"C:\Users\student\Documents\f07\embedded-systems\Lib_EaBaseBoard\inc" -I"C:\Users\student\Documents\f07\embedded-systems\Lib_MCU\inc" -O0 -g3 -Wall -c -fmessage-length=0 -fno-builtin -ffunction-sections -fmerge-constants -fmacro-prefix-map="../src/"=. -mcpu=cortex-m3 -mthumb -D__NEWLIB__ -fstack-usage -MMD -MP -MF"src/main.d" -MT"src/main.o" -MT"src/main.d" -o "src/main.o" "../src/main.c"
Finished building: ../src/cr_startup_lpc17.c
 
Finished building: ../src/main.c
 
Building target: uart2.axf
Invoking: MCU Linker
arm-none-eabi-gcc -nostdlib -L"C:\Users\student\Documents\f07\embedded-systems\Lib_CMSISv1p30_LPC17xx\Debug" -L"C:\Users\student\Documents\f07\embedded-systems\Lib_EaBaseBoard\Debug" -L"C:\Users\student\Documents\f07\embedded-systems\Lib_MCU\Debug" -Xlinker --gc-sections -Xlinker -Map=uart2.map -mcpu=cortex-m3 -mthumb -T "rdb1768cmsis_uart_Debug.ld" -o "uart2.axf"  ./src/cr_startup_lpc17.o ./src/main.o   -lCMSISv1p30_LPC17xx -lLib_EaBaseBoard -lLib_MCU
Finished building target: uart2.axf
 
make --no-print-directory post-build
Performing post-build steps
arm-none-eabi-size uart2.axf; # arm-none-eabi-objdump -h -S uart2.axf >uart2.lss
   text	   data	    bss	    dec	    hex	filename
   9588	      4	     56	   9648	   25b0	uart2.axf
 

10:00:18 Build Finished. 0 errors, 0 warnings. (took 401ms)

